Archive member included because of file (symbol)

/usr/bin/../lib/gcc/arm-none-eabi/4.9.3/armv7-m/libgcc.a(_ashldi3.o)
                              obj_zoul/mmc.o (__aeabi_llsl)
/usr/bin/../lib/gcc/arm-none-eabi/4.9.3/armv7-m/libgcc.a(_aeabi_uldivmod.o)
                              obj_zoul/spi-legacy.o (__aeabi_uldivmod)
/usr/bin/../lib/gcc/arm-none-eabi/4.9.3/armv7-m/libgcc.a(bpabi.o)
                              /usr/bin/../lib/gcc/arm-none-eabi/4.9.3/armv7-m/libgcc.a(_aeabi_uldivmod.o) (__gnu_uldivmod_helper)
/usr/bin/../lib/gcc/arm-none-eabi/4.9.3/armv7-m/libgcc.a(_dvmd_tls.o)
                              /usr/bin/../lib/gcc/arm-none-eabi/4.9.3/armv7-m/libgcc.a(_aeabi_uldivmod.o) (__aeabi_ldiv0)
/usr/bin/../lib/gcc/arm-none-eabi/4.9.3/armv7-m/libgcc.a(_divdi3.o)
                              /usr/bin/../lib/gcc/arm-none-eabi/4.9.3/armv7-m/libgcc.a(bpabi.o) (__divdi3)
/usr/bin/../lib/gcc/arm-none-eabi/4.9.3/armv7-m/libgcc.a(_udivdi3.o)
                              /usr/bin/../lib/gcc/arm-none-eabi/4.9.3/armv7-m/libgcc.a(bpabi.o) (__udivdi3)
/usr/bin/../lib/gcc/arm-none-eabi/4.9.3/../../../../arm-none-eabi/lib/armv7-m/libc.a(lib_a-atoi.o)
                              obj_zoul/res-hello.o (atoi)
/usr/bin/../lib/gcc/arm-none-eabi/4.9.3/../../../../arm-none-eabi/lib/armv7-m/libc.a(lib_a-ctype_.o)
                              obj_zoul/resolv.o (__ctype_ptr__)
/usr/bin/../lib/gcc/arm-none-eabi/4.9.3/../../../../arm-none-eabi/lib/armv7-m/libc.a(lib_a-malloc.o)
                              obj_zoul/syscall.o (malloc)
/usr/bin/../lib/gcc/arm-none-eabi/4.9.3/../../../../arm-none-eabi/lib/armv7-m/libc.a(lib_a-mallocr.o)
                              /usr/bin/../lib/gcc/arm-none-eabi/4.9.3/../../../../arm-none-eabi/lib/armv7-m/libc.a(lib_a-malloc.o) (_malloc_r)
/usr/bin/../lib/gcc/arm-none-eabi/4.9.3/../../../../arm-none-eabi/lib/armv7-m/libc.a(lib_a-memchr.o)
                              obj_zoul/coap.o (memchr)
/usr/bin/../lib/gcc/arm-none-eabi/4.9.3/../../../../arm-none-eabi/lib/armv7-m/libc.a(lib_a-memcmp.o)
                              obj_zoul/coap-observe.o (memcmp)
/usr/bin/../lib/gcc/arm-none-eabi/4.9.3/../../../../arm-none-eabi/lib/armv7-m/libc.a(lib_a-memcpy.o)
                              obj_zoul/ecc-algorithm.o (memcpy)
/usr/bin/../lib/gcc/arm-none-eabi/4.9.3/../../../../arm-none-eabi/lib/armv7-m/libc.a(lib_a-memmove.o)
                              obj_zoul/coap.o (memmove)
/usr/bin/../lib/gcc/arm-none-eabi/4.9.3/../../../../arm-none-eabi/lib/armv7-m/libc.a(lib_a-memset.o)
                              obj_zoul/dht22.o (memset)
/usr/bin/../lib/gcc/arm-none-eabi/4.9.3/../../../../arm-none-eabi/lib/armv7-m/libc.a(lib_a-mlock.o)
                              /usr/bin/../lib/gcc/arm-none-eabi/4.9.3/../../../../arm-none-eabi/lib/armv7-m/libc.a(lib_a-mallocr.o) (__malloc_lock)
/usr/bin/../lib/gcc/arm-none-eabi/4.9.3/../../../../arm-none-eabi/lib/armv7-m/libc.a(lib_a-rand.o)
                              obj_zoul/coap.o (rand)
/usr/bin/../lib/gcc/arm-none-eabi/4.9.3/../../../../arm-none-eabi/lib/armv7-m/libc.a(lib_a-reent.o)
                              obj_zoul/syscalls.o (errno)
/usr/bin/../lib/gcc/arm-none-eabi/4.9.3/../../../../arm-none-eabi/lib/armv7-m/libc.a(lib_a-sbrkr.o)
                              /usr/bin/../lib/gcc/arm-none-eabi/4.9.3/../../../../arm-none-eabi/lib/armv7-m/libc.a(lib_a-mallocr.o) (_sbrk_r)
/usr/bin/../lib/gcc/arm-none-eabi/4.9.3/../../../../arm-none-eabi/lib/armv7-m/libc.a(lib_a-strcasecmp.o)
                              obj_zoul/resolv.o (strcasecmp)
/usr/bin/../lib/gcc/arm-none-eabi/4.9.3/../../../../arm-none-eabi/lib/armv7-m/libc.a(lib_a-strchr.o)
                              obj_zoul/coap.o (strchr)
/usr/bin/../lib/gcc/arm-none-eabi/4.9.3/../../../../arm-none-eabi/lib/armv7-m/libc.a(lib_a-strcmp.o)
                              obj_zoul/cfs-coffee.o (strcmp)
/usr/bin/../lib/gcc/arm-none-eabi/4.9.3/../../../../arm-none-eabi/lib/armv7-m/libc.a(lib_a-strlen.o)
                              obj_zoul/res-chunks.o (strlen)
/usr/bin/../lib/gcc/arm-none-eabi/4.9.3/../../../../arm-none-eabi/lib/armv7-m/libc.a(lib_a-strncasecmp.o)
                              obj_zoul/resolv.o (strncasecmp)
/usr/bin/../lib/gcc/arm-none-eabi/4.9.3/../../../../arm-none-eabi/lib/armv7-m/libc.a(lib_a-strncat.o)
                              obj_zoul/resolv.o (strncat)
/usr/bin/../lib/gcc/arm-none-eabi/4.9.3/../../../../arm-none-eabi/lib/armv7-m/libc.a(lib_a-strncmp.o)
                              obj_zoul/res-leds.o (strncmp)
/usr/bin/../lib/gcc/arm-none-eabi/4.9.3/../../../../arm-none-eabi/lib/armv7-m/libc.a(lib_a-strncpy.o)
                              obj_zoul/cfs-coffee.o (strncpy)
/usr/bin/../lib/gcc/arm-none-eabi/4.9.3/../../../../arm-none-eabi/lib/armv7-m/libc.a(lib_a-strtol.o)
                              /usr/bin/../lib/gcc/arm-none-eabi/4.9.3/../../../../arm-none-eabi/lib/armv7-m/libc.a(lib_a-atoi.o) (_strtol_r)
[...]
Memory Configuration

Name             Origin             Length             Attributes
FLASH_FW         0x00202000         0x0007dfd4         xr
FLASH_CCA        0x0027ffd4         0x0000002c         xr
NRSRAM           0x20000000         0x00004000         xrw
FRSRAM           0x20004000         0x00004000         xrw
*default*        0x00000000         0xffffffff

Linker script and memory map

LOAD obj_zoul/startup-gcc.o
LOAD obj_zoul/dht22.o
LOAD obj_zoul/adc-sensors.o
LOAD obj_zoul/platform.o
LOAD obj_zoul/leds-arch.o
LOAD obj_zoul/leds.o
LOAD obj_zoul/cc1200-zoul-arch.o
LOAD obj_zoul/adc-zoul.o
LOAD obj_zoul/board-buttons.o
LOAD obj_zoul/zoul-sensors.o
LOAD obj_zoul/board.o
LOAD obj_zoul/antenna-sw.o
LOAD obj_zoul/mmc-arch.o
LOAD obj_zoul/rtcc.o
LOAD obj_zoul/power-mgmt.o
LOAD obj_zoul/soc.o
LOAD obj_zoul/clock.o
LOAD obj_zoul/rtimer-arch.o
LOAD obj_zoul/uart.o
LOAD obj_zoul/watchdog.o
LOAD obj_zoul/nvic.o
LOAD obj_zoul/sys-ctrl.o
LOAD obj_zoul/gpio.o
LOAD obj_zoul/ioc.o
LOAD obj_zoul/spi-legacy.o
LOAD obj_zoul/adc.o
LOAD obj_zoul/spi-arch.o
LOAD obj_zoul/crypto.o
LOAD obj_zoul/aes.o
LOAD obj_zoul/ecb.o
LOAD obj_zoul/cbc.o
LOAD obj_zoul/ctr.o
LOAD obj_zoul/cbc-mac.o
LOAD obj_zoul/gcm.o
LOAD obj_zoul/ccm.o
LOAD obj_zoul/sha256.o
LOAD obj_zoul/gpio-hal-arch.o
LOAD obj_zoul/cc2538-aes-128.o
LOAD obj_zoul/cc2538-ccm-star.o
LOAD obj_zoul/cc2538-rf.o
LOAD obj_zoul/udma.o
LOAD obj_zoul/lpm.o
LOAD obj_zoul/int-master.o
LOAD obj_zoul/pka.o
LOAD obj_zoul/bignum-driver.o
LOAD obj_zoul/ecc-driver.o
LOAD obj_zoul/ecc-algorithm.o
LOAD obj_zoul/ecc-curve.o
LOAD obj_zoul/dbg.o
LOAD obj_zoul/ieee-addr.o
LOAD obj_zoul/slip-arch.o
LOAD obj_zoul/slip.o
LOAD obj_zoul/i2c.o
LOAD obj_zoul/cc2538-temp-sensor.o
LOAD obj_zoul/vdd3-sensor.o
LOAD obj_zoul/cfs-coffee.o
LOAD obj_zoul/cfs-coffee-arch.o
LOAD obj_zoul/pwm.o
LOAD obj_zoul/usb-core.o
LOAD obj_zoul/cdc-acm.o
LOAD obj_zoul/usb-arch.o
LOAD obj_zoul/usb-serial.o
LOAD obj_zoul/cdc-acm-descriptors.o
LOAD obj_zoul/res-b1-sep-b2.o
LOAD obj_zoul/res-battery.o
LOAD obj_zoul/res-chunks.o
LOAD obj_zoul/res-dht22.o
LOAD obj_zoul/res-event.o
LOAD obj_zoul/res-hello.o
LOAD obj_zoul/res-leds.o
LOAD obj_zoul/res-light.o
LOAD obj_zoul/res-light-sensor.o
LOAD obj_zoul/res-mirror.o
LOAD obj_zoul/res-push.o
LOAD obj_zoul/res-radio.o
LOAD obj_zoul/res-separate.o
LOAD obj_zoul/res-sht11.o
LOAD obj_zoul/res-sub.o
LOAD obj_zoul/res-temperature.o
LOAD obj_zoul/res-toggle.o
LOAD obj_zoul/coap-block1.o
LOAD obj_zoul/coap-blocking-api.o
LOAD obj_zoul/coap.o
LOAD obj_zoul/coap-callback-api.o
LOAD obj_zoul/coap-engine.o
LOAD obj_zoul/coap-keystore-simple.o
LOAD obj_zoul/coap-log.o
LOAD obj_zoul/coap-observe.o
LOAD obj_zoul/coap-observe-client.o
LOAD obj_zoul/coap-res-well-known-core.o
LOAD obj_zoul/coap-separate.o
LOAD obj_zoul/coap-timer.o
LOAD obj_zoul/coap-timer-default.o
LOAD obj_zoul/coap-transactions.o
LOAD obj_zoul/coap-uip.o
LOAD obj_zoul/contiki-main.o
LOAD obj_zoul/autostart.o
LOAD obj_zoul/compower.o
LOAD obj_zoul/ctimer.o
LOAD obj_zoul/energest.o
LOAD obj_zoul/etimer.o
LOAD obj_zoul/log.o
LOAD obj_zoul/mutex.o
LOAD obj_zoul/process.o
LOAD obj_zoul/rtimer.o
LOAD obj_zoul/stack-check.o
LOAD obj_zoul/stimer.o
LOAD obj_zoul/timer.o
LOAD obj_zoul/button-hal.o
LOAD obj_zoul/gpio-hal.o
LOAD obj_zoul/nullradio.o
LOAD obj_zoul/serial-line.o
LOAD obj_zoul/spi.o
LOAD obj_zoul/aes-128.o
LOAD obj_zoul/assert.o
LOAD obj_zoul/ccm-star.o
LOAD obj_zoul/circular-list.o
LOAD obj_zoul/crc16.o
LOAD obj_zoul/dbl-circ-list.o
LOAD obj_zoul/dbl-list.o
LOAD obj_zoul/heapmem.o
LOAD obj_zoul/ifft.o
LOAD obj_zoul/list.o
LOAD obj_zoul/memb.o
LOAD obj_zoul/random.o
LOAD obj_zoul/ringbuf.o
LOAD obj_zoul/ringbufindex.o
LOAD obj_zoul/sensors.o
LOAD obj_zoul/trickle-timer.o
LOAD obj_zoul/linkaddr.o
LOAD obj_zoul/link-stats.o
LOAD obj_zoul/nbr-table.o
LOAD obj_zoul/net-debug.o
LOAD obj_zoul/netstack.o
LOAD obj_zoul/packetbuf.o
LOAD obj_zoul/queuebuf.o
LOAD obj_zoul/mac.o
LOAD obj_zoul/mac-sequence.o
LOAD obj_zoul/frame802154.o
LOAD obj_zoul/frame802154e-ie.o
LOAD obj_zoul/framer-802154.o
LOAD obj_zoul/nullframer.o
LOAD obj_zoul/ff.o
LOAD obj_zoul/syscall.o
LOAD obj_zoul/unicode.o
LOAD obj_zoul/diskio.o
LOAD obj_zoul/mmc.o
LOAD obj_zoul/printf.o
LOAD obj_zoul/putchar.o
LOAD obj_zoul/puts.o
LOAD obj_zoul/snprintf.o
LOAD obj_zoul/sprintf.o
LOAD obj_zoul/strformat.o
LOAD obj_zoul/syscalls.o
LOAD obj_zoul/cc1200-802154g-863-870-fsk-50kbps.o
LOAD obj_zoul/cc1200-868-fsk-1-2kbps.o
LOAD obj_zoul/cc1200.o
LOAD obj_zoul/rgb-led.o
LOAD obj_zoul/csma.o
LOAD obj_zoul/csma-output.o
LOAD obj_zoul/ip64-addr.o
LOAD obj_zoul/psock.o
LOAD obj_zoul/resolv.o
LOAD obj_zoul/sicslowpan.o
LOAD obj_zoul/simple-udp.o
LOAD obj_zoul/tcpip.o
LOAD obj_zoul/tcp-socket.o
LOAD obj_zoul/udp-socket.o
LOAD obj_zoul/uip6.o
LOAD obj_zoul/uipbuf.o
LOAD obj_zoul/uip-ds6.o
LOAD obj_zoul/uip-ds6-nbr.o
LOAD obj_zoul/uip-ds6-route.o
LOAD obj_zoul/uip-icmp6.o
LOAD obj_zoul/uiplib.o
LOAD obj_zoul/uip-nameserver.o
LOAD obj_zoul/uip-nd6.o
LOAD obj_zoul/uip-packetqueue.o
LOAD obj_zoul/uip-sr.o
LOAD obj_zoul/uip-udp-packet.o
LOAD obj_zoul/rpl.o
LOAD obj_zoul/rpl-dag.o
LOAD obj_zoul/rpl-dag-root.o
LOAD obj_zoul/rpl-ext-header.o
LOAD obj_zoul/rpl-icmp6.o
LOAD obj_zoul/rpl-mrhof.o
LOAD obj_zoul/rpl-nbr-policy.o
LOAD obj_zoul/rpl-neighbor.o
LOAD obj_zoul/rpl-of0.o
LOAD obj_zoul/rpl-timers.o
LOAD coap-example-server.o
LOAD /usr/bin/../lib/gcc/arm-none-eabi/4.9.3/../../../../arm-none-eabi/lib/armv7-m/libm.a
START GROUP
LOAD /usr/bin/../lib/gcc/arm-none-eabi/4.9.3/armv7-m/libgcc.a
LOAD /usr/bin/../lib/gcc/arm-none-eabi/4.9.3/../../../../arm-none-eabi/lib/armv7-m/libc.a
END GROUP

.text           0x00202000     0xd8b2
                0x00202000                _text = .
 *(SORT(.vectors))
 .vectors       0x00202000      0x28c obj_zoul/startup-gcc.o
                0x00202000                vectors
 *(SORT(.text*))
 .text.reset_handler
                0x0020228c       0x40 obj_zoul/startup-gcc.o
                0x0020228c                reset_handler
 .text.dht22_read
                0x002022cc      0x15c obj_zoul/dht22.o
 .text.configure
                0x00202428       0x78 obj_zoul/dht22.o
 .text.value    0x002024a0       0xe0 obj_zoul/dht22.o
 .text.dht22_read_all
                0x00202580       0x50 obj_zoul/dht22.o
                0x00202580                dht22_read_all
 .text.value    0x002025d0       0x94 obj_zoul/adc-sensors.o
 .text.configure
                0x00202664       0x90 obj_zoul/adc-sensors.o
 .text.platform_init_stage_two
                0x002026f4       0x4c obj_zoul/platform.o
                0x002026f4                platform_init_stage_two
 .text.platform_init_stage_three
                0x00202740       0x8c obj_zoul/platform.o
                0x00202740                platform_init_stage_three
 .text.leds_on  0x002027cc       0x5c obj_zoul/leds.o
                0x002027cc                leds_on
 .text.leds_off
                0x00202828       0x48 obj_zoul/leds.o
                0x00202828                leds_off
 .text.leds_init
                0x00202870       0x44 obj_zoul/leds.o
                0x00202870                leds_init
 .text.value    0x002028b4       0x38 obj_zoul/adc-zoul.o
 .text.configure
                0x002028ec       0x8c obj_zoul/adc-zoul.o
 .text.antenna_sw_config
                0x00202978       0x30 obj_zoul/antenna-sw.o
                0x00202978                antenna_sw_config
 .text.soc_get_rev
                0x002029a8       0x18 obj_zoul/soc.o
                0x002029a8                soc_get_rev
 .text.soc_print_info
                0x002029c0       0x10 obj_zoul/soc.o
                0x002029c0                soc_print_info
 .text.update_ticks
                0x002029d0       0x4c obj_zoul/clock.o
 .text.clock_init
                0x00202a1c       0x4c obj_zoul/clock.o
                0x00202a1c                clock_init
 .text.clock_time
                0x00202a68       0x14 obj_zoul/clock.o
                0x00202a68                clock_time
 .text.clock_seconds
                0x00202a7c       0x14 obj_zoul/clock.o
                0x00202a7c                clock_seconds
 .text.clock_delay_usec
                0x00202a90       0x1c obj_zoul/clock.o
                0x00202a90                clock_delay_usec
 .text.clock_adjust
                0x00202aac       0x20 obj_zoul/clock.o
                0x00202aac                clock_adjust
 .text.rtimer_arch_next_trigger
                0x00202acc        0xc obj_zoul/rtimer-arch.o
                0x00202acc                rtimer_arch_next_trigger
 .text.rtimer_arch_now
                0x00202ad8       0x2c obj_zoul/rtimer-arch.o
                0x00202ad8                rtimer_arch_now
 .text.rtimer_arch_schedule
                0x00202b04       0x58 obj_zoul/rtimer-arch.o
                0x00202b04                rtimer_arch_schedule
 .text.rtimer_isr
                0x00202b5c       0x2c obj_zoul/rtimer-arch.o
                0x00202b5c                rtimer_isr
 .text.permit_pm1
                0x00202b88       0x24 obj_zoul/uart.o
 .text.uart_isr
                0x00202bac       0x64 obj_zoul/uart.o
 .text.uart_init
                0x00202c10      0x1b8 obj_zoul/uart.o
                0x00202c10                uart_init
 .text.uart_set_input
                0x00202dc8       0x10 obj_zoul/uart.o
                0x00202dc8                uart_set_input
 .text.uart_write_byte
                0x00202dd8       0x1c obj_zoul/uart.o
                0x00202dd8                uart_write_byte
 .text.watchdog_init
                0x00202df4        0xc obj_zoul/watchdog.o
                0x00202df4                watchdog_init
 .text.watchdog_start
                0x00202e00        0xc obj_zoul/watchdog.o
                0x00202e00                watchdog_start
 .text.watchdog_periodic
                0x00202e0c       0x10 obj_zoul/watchdog.o
                0x00202e0c                watchdog_periodic
 .text.nvic_init
                0x00202e1c       0x10 obj_zoul/nvic.o
                0x00202e1c                nvic_init
 .text.sys_ctrl_init
                0x00202e2c       0x74 obj_zoul/sys-ctrl.o
                0x00202e2c                sys_ctrl_init
 .text.gpio_port_isr
                0x00202ea0       0x48 obj_zoul/gpio.o
 .text.ioc_init
                0x00202ee8       0x1c obj_zoul/ioc.o
                0x00202ee8                ioc_init
 .text.ioc_set_over
                0x00202f04       0x14 obj_zoul/ioc.o
                0x00202f04                ioc_set_over
 .text.ioc_set_sel
                0x00202f18       0x14 obj_zoul/ioc.o
                0x00202f18                ioc_set_sel
 .text.adc_init
                0x00202f2c       0x10 obj_zoul/adc.o
                0x00202f2c                adc_init
 .text.adc_get  0x00202f3c       0x78 obj_zoul/adc.o
                0x00202f3c                adc_get
 .text.permit_pm1
                0x00202fb4       0x10 obj_zoul/crypto.o
 .text.crypto_isr
                0x00202fc4       0x28 obj_zoul/crypto.o
                0x00202fc4                crypto_isr
 .text.crypto_enable
                0x00202fec       0x20 obj_zoul/crypto.o
                0x00202fec                crypto_enable
 .text.crypto_init
                0x0020300c       0x3c obj_zoul/crypto.o
                0x0020300c                crypto_init
 .text.crypto_disable
                0x00203048       0x20 obj_zoul/crypto.o
                0x00203048                crypto_disable
 .text.gpio_hal_arch_pin_cfg_set
                0x00203068       0xec obj_zoul/gpio-hal-arch.o
                0x00203068                gpio_hal_arch_pin_cfg_set
 .text.on       0x00203154       0x2c obj_zoul/cc2538-rf.o
 .text.off      0x00203180       0x40 obj_zoul/cc2538-rf.o
 .text.set_channel
                0x002031c0       0x48 obj_zoul/cc2538-rf.o
 .text.channel_clear
                0x00203208       0x3c obj_zoul/cc2538-rf.o
 .text.receiving_packet
                0x00203244       0x18 obj_zoul/cc2538-rf.o
 .text.pending_packet
                0x0020325c       0x10 obj_zoul/cc2538-rf.o
 .text.get_value
                0x0020326c      0x164 obj_zoul/cc2538-rf.o
 .text.prepare  0x002033d0       0x64 obj_zoul/cc2538-rf.o
 .text.transmit
                0x00203434       0x98 obj_zoul/cc2538-rf.o
 .text.set_frame_filtering
                0x002034cc       0x18 obj_zoul/cc2538-rf.o
 .text.set_object
                0x002034e4       0x30 obj_zoul/cc2538-rf.o
 .text.read     0x00203514       0xe4 obj_zoul/cc2538-rf.o
 .text.get_object
                0x002035f8      0x144 obj_zoul/cc2538-rf.o
 .text.set_poll_mode
                0x0020373c       0x9c obj_zoul/cc2538-rf.o
 .text.set_value
                0x002037d8       0xe8 obj_zoul/cc2538-rf.o
 .text.init     0x002038c0       0xc8 obj_zoul/cc2538-rf.o
 .text.process_thread_cc2538_rf_process
                0x00203988       0x90 obj_zoul/cc2538-rf.o
 .text.cc2538_rf_rx_tx_isr
                0x00203a18       0x24 obj_zoul/cc2538-rf.o
                0x00203a18                cc2538_rf_rx_tx_isr
 .text.cc2538_rf_err_isr
                0x00203a3c       0x28 obj_zoul/cc2538-rf.o
                0x00203a3c                cc2538_rf_err_isr
 .text.udma_init
                0x00203a64       0x34 obj_zoul/udma.o
                0x00203a64                udma_init
 .text.udma_set_channel_src
                0x00203a98       0x10 obj_zoul/udma.o
                0x00203a98                udma_set_channel_src
 .text.udma_set_channel_dst
                0x00203aa8       0x14 obj_zoul/udma.o
                0x00203aa8                udma_set_channel_dst
 .text.udma_set_channel_control_word
                0x00203abc       0x14 obj_zoul/udma.o
                0x00203abc                udma_set_channel_control_word
 .text.udma_channel_enable
                0x00203ad0       0x18 obj_zoul/udma.o
                0x00203ad0                udma_channel_enable
 .text.udma_channel_mask_set
                0x00203ae8       0x18 obj_zoul/udma.o
                0x00203ae8                udma_channel_mask_set
 .text.udma_channel_sw_request
                0x00203b00       0x18 obj_zoul/udma.o
                0x00203b00                udma_channel_sw_request
 .text.udma_channel_get_mode
                0x00203b18       0x1c obj_zoul/udma.o
                0x00203b18                udma_channel_get_mode
 .text.udma_isr
                0x00203b34       0x10 obj_zoul/udma.o
                0x00203b34                udma_isr
 .text.udma_err_isr
                0x00203b44        0xc obj_zoul/udma.o
                0x00203b44                udma_err_isr
 .text.select_32_mhz_xosc
                0x00203b50       0x2c obj_zoul/lpm.o
 .text.lpm_exit
                0x00203b7c       0x30 obj_zoul/lpm.o
                0x00203b7c                lpm_exit
 .text.lpm_enter
                0x00203bac       0xb4 obj_zoul/lpm.o
                0x00203bac                lpm_enter
 .text.lpm_register_peripheral
                0x00203c60       0x20 obj_zoul/lpm.o
                0x00203c60                lpm_register_peripheral
 .text.lpm_init
                0x00203c80       0x24 obj_zoul/lpm.o
                0x00203c80                lpm_init
 .text.pka_isr  0x00203ca4       0x28 obj_zoul/pka.o
                0x00203ca4                pka_isr
 .text.ieee_addr_cpy_to
                0x00203ccc       0x74 obj_zoul/ieee-addr.o
                0x00203ccc                ieee_addr_cpy_to
 .text.res_post_handler
                0x00203d40      0x108 obj_zoul/res-b1-sep-b2.o
 .text.res_get_handler
                0x00203e48       0x8c obj_zoul/res-chunks.o
 .text.res_get_handler
                0x00203ed4       0x68 obj_zoul/res-dht22.o
 .text.res_event_handler
                0x00203f3c       0x44 obj_zoul/res-event.o
 .text.res_get_handler
                0x00203f80       0x34 obj_zoul/res-event.o
 .text.res_get_handler
                0x00203fb4       0x60 obj_zoul/res-hello.o
 .text.res_get_handler
                0x00204014       0x58 obj_zoul/res-light-sensor.o
 .text.res_any_handler
                0x0020406c      0x3c0 obj_zoul/res-mirror.o
 .text.res_periodic_handler
                0x0020442c       0x18 obj_zoul/res-push.o
 .text.res_get_handler
                0x00204444       0x48 obj_zoul/res-push.o
 .text.res_get_handler
                0x0020448c       0x3c obj_zoul/res-separate.o
 .text.res_resume_handler
                0x002044c8       0x68 obj_zoul/res-separate.o
 .text.res_get_handler
                0x00204530       0x70 obj_zoul/res-sub.o
 .text.coap_block1_handler
                0x002045a0       0xa4 obj_zoul/coap-block1.o
                0x002045a0                coap_block1_handler
 .text.coap_init_connection
                0x00204644       0x10 obj_zoul/coap.o
                0x00204644                coap_init_connection
 .text.coap_get_mid
                0x00204654       0x10 obj_zoul/coap.o
                0x00204654                coap_get_mid
 .text.coap_serialize_message
                0x00204664      0x354 obj_zoul/coap.o
                0x00204664                coap_serialize_message
 .text.coap_parse_message
                0x002049b8      0x2dc obj_zoul/coap.o
                0x002049b8                coap_parse_message
 .text.process_callback
                0x00204c94       0x3c obj_zoul/coap-engine.o
 .text.coap_call_handlers
                0x00204cd0       0x50 obj_zoul/coap-engine.o
                0x00204cd0                coap_call_handlers
 .text.coap_receive
                0x00204d20      0x39c obj_zoul/coap-engine.o
                0x00204d20                coap_receive
 .text.coap_activate_resource
                0x002050bc       0x40 obj_zoul/coap-engine.o
                0x002050bc                coap_activate_resource
 .text.coap_engine_init
                0x002050fc       0x44 obj_zoul/coap-engine.o
                0x002050fc                coap_engine_init
 .text.coap_get_first_resource
                0x00205140        0xc obj_zoul/coap-engine.o
                0x00205140                coap_get_first_resource
 .text.coap_remove_observer
                0x0020514c       0x20 obj_zoul/coap-observe.o
                0x0020514c                coap_remove_observer
 .text.coap_remove_observer_by_client
                0x0020516c       0x30 obj_zoul/coap-observe.o
                0x0020516c                coap_remove_observer_by_client
 .text.coap_remove_observer_by_token
                0x0020519c       0x50 obj_zoul/coap-observe.o
                0x0020519c                coap_remove_observer_by_token
 .text.coap_remove_observer_by_uri
                0x002051ec       0x58 obj_zoul/coap-observe.o
                0x002051ec                coap_remove_observer_by_uri
 .text.coap_remove_observer_by_mid
                0x00205244       0x38 obj_zoul/coap-observe.o
                0x00205244                coap_remove_observer_by_mid
 .text.coap_notify_observers_sub
                0x0020527c      0x18c obj_zoul/coap-observe.o
                0x0020527c                coap_notify_observers_sub
 .text.coap_observe_handler
                0x00205408       0xd8 obj_zoul/coap-observe.o
                0x00205408                coap_observe_handler
 .text.well_known_core_get_handler
                0x002054e0      0x160 obj_zoul/coap-res-well-known-core.o
 .text.coap_separate_reject
                0x00205640       0x1c obj_zoul/coap-separate.o
                0x00205640                coap_separate_reject
 .text.coap_separate_accept
                0x0020565c       0xac obj_zoul/coap-separate.o
                0x0020565c                coap_separate_accept
 .text.coap_timer_uptime
                0x00205708        0xc obj_zoul/coap-timer.o
 .text.coap_timer_stop
                0x00205714       0x1c obj_zoul/coap-timer.o
                0x00205714                coap_timer_stop
 .text.coap_timer_time_to_next_expiration
                0x00205730       0x34 obj_zoul/coap-timer.o
                0x00205730                coap_timer_time_to_next_expiration
 .text.coap_timer_run
                0x00205764       0x64 obj_zoul/coap-timer.o
                0x00205764                coap_timer_run
 .text.coap_timer_init
                0x002057c8       0x2c obj_zoul/coap-timer.o
                0x002057c8                coap_timer_init
 .text.add_timer
                0x002057f4       0x70 obj_zoul/coap-timer.o
 .text.update   0x00205864        0xc obj_zoul/coap-timer-default.o
 .text.process_thread_coap_timer_process
                0x00205870       0x88 obj_zoul/coap-timer-default.o
 .text.uptime   0x002058f8       0x3c obj_zoul/coap-timer-default.o
 .text.init     0x00205934        0xc obj_zoul/coap-timer-default.o
 .text.coap_new_transaction
                0x00205940       0x34 obj_zoul/coap-transactions.o
                0x00205940                coap_new_transaction
 .text.coap_clear_transaction
                0x00205974       0x2c obj_zoul/coap-transactions.o
                0x00205974                coap_clear_transaction
 .text.coap_send_transaction
                0x002059a0       0x94 obj_zoul/coap-transactions.o
                0x002059a0                coap_send_transaction
 .text.coap_get_transaction_by_mid
                0x00205a34       0x1c obj_zoul/coap-transactions.o
                0x00205a34                coap_get_transaction_by_mid
 .text.process_thread_coap_engine
                0x00205a50       0xa4 obj_zoul/coap-uip.o
 .text.coap_databuf
                0x00205af4        0xc obj_zoul/coap-uip.o
                0x00205af4                coap_databuf
 .text.coap_transport_init
                0x00205b00        0xc obj_zoul/coap-uip.o
                0x00205b00                coap_transport_init
 .text.coap_sendto
                0x00205b0c       0x34 obj_zoul/coap-uip.o
                0x00205b0c                coap_sendto
 .text.startup.main
                0x00205b40      0x1c4 obj_zoul/contiki-main.o
                0x00205b40                main
 .text.process_thread_ctimer_process
                0x00205d04       0x80 obj_zoul/ctimer.o
 .text.ctimer_init
                0x00205d84       0x28 obj_zoul/ctimer.o
                0x00205d84                ctimer_init
 .text.ctimer_set_with_process
                0x00205dac       0x44 obj_zoul/ctimer.o
                0x00205dac                ctimer_set_with_process
 .text.ctimer_set
                0x00205df0       0x14 obj_zoul/ctimer.o
                0x00205df0                ctimer_set
 .text.ctimer_reset
                0x00205e04       0x38 obj_zoul/ctimer.o
                0x00205e04                ctimer_reset
 .text.ctimer_stop
                0x00205e3c       0x2c obj_zoul/ctimer.o
                0x00205e3c                ctimer_stop
 .text.ctimer_expired
                0x00205e68       0x34 obj_zoul/ctimer.o
                0x00205e68                ctimer_expired
 .text.update_time
                0x00205e9c       0x44 obj_zoul/etimer.o
 .text.etimer_request_poll
                0x00205ee0        0xc obj_zoul/etimer.o
                0x00205ee0                etimer_request_poll
 .text.process_thread_etimer_process
                0x00205eec       0x94 obj_zoul/etimer.o
 .text.add_timer
                0x00205f80       0x40 obj_zoul/etimer.o
 .text.etimer_pending
                0x00205fc0       0x10 obj_zoul/etimer.o
                0x00205fc0                etimer_pending
 .text.etimer_stop
                0x00205fd0       0x34 obj_zoul/etimer.o
                0x00205fd0                etimer_stop
 .text.log_6addr
                0x00206004       0xa4 obj_zoul/log.o
                0x00206004                log_6addr
 .text.log_lladdr
                0x002060a8       0x3c obj_zoul/log.o
                0x002060a8                log_lladdr
 .text.call_process.part.0
                0x002060e4       0x38 obj_zoul/process.o
 .text.exit_process
                0x0020611c       0x80 obj_zoul/process.o
 .text.do_poll  0x0020619c       0x30 obj_zoul/process.o
 .text.process_alloc_event
                0x002061cc       0x10 obj_zoul/process.o
                0x002061cc                process_alloc_event
 .text.process_init
                0x002061dc       0x30 obj_zoul/process.o
                0x002061dc                process_init
 .text.process_run
                0x0020620c       0x84 obj_zoul/process.o
                0x0020620c                process_run
 .text.process_nevents
                0x00206290       0x14 obj_zoul/process.o
                0x00206290                process_nevents
 .text.process_post
                0x002062a4       0x3c obj_zoul/process.o
                0x002062a4                process_post
 .text.process_post_synch
                0x002062e0       0x14 obj_zoul/process.o
                0x002062e0                process_post_synch
 .text.process_start
                0x002062f4       0x30 obj_zoul/process.o
                0x002062f4                process_start
 .text.process_poll
                0x00206324       0x18 obj_zoul/process.o
                0x00206324                process_poll
 .text.rtimer_run_next
                0x0020633c       0x28 obj_zoul/rtimer.o
                0x0020633c                rtimer_run_next
 .text.stack_check_init
                0x00206364       0x38 obj_zoul/stack-check.o
                0x00206364                stack_check_init
 .text.stack_check_get_usage
                0x0020639c       0x44 obj_zoul/stack-check.o
                0x0020639c                stack_check_get_usage
 .text.process_thread_stack_check_process
                0x002063e0       0x88 obj_zoul/stack-check.o
 .text.stimer_expired
                0x00206468       0x20 obj_zoul/stimer.o
                0x00206468                stimer_expired
 .text.duration_exceeded_callback
                0x00206488       0x34 obj_zoul/button-hal.o
 .text.process_thread_button_hal_process
                0x002064bc       0x70 obj_zoul/button-hal.o
 .text.press_release_handler
                0x0020652c       0x18 obj_zoul/button-hal.o
 .text.debounce_handler
                0x00206544       0x64 obj_zoul/button-hal.o
 .text.button_hal_init
                0x002065a8       0xf4 obj_zoul/button-hal.o
                0x002065a8                button_hal_init
 .text.gpio_hal_register_handler
                0x0020669c        0xc obj_zoul/gpio-hal.o
                0x0020669c                gpio_hal_register_handler
 .text.gpio_hal_event_handler
                0x002066a8       0x24 obj_zoul/gpio-hal.o
                0x002066a8                gpio_hal_event_handler
 .text.gpio_hal_init
                0x002066cc        0xc obj_zoul/gpio-hal.o
                0x002066cc                gpio_hal_init
 .text.process_thread_serial_line_process
                0x002066d8       0x98 obj_zoul/serial-line.o
 .text.serial_line_input_byte
                0x00206770       0x44 obj_zoul/serial-line.o
                0x00206770                serial_line_input_byte
 .text.serial_line_init
                0x002067b4       0x24 obj_zoul/serial-line.o
                0x002067b4                serial_line_init
 .text.random_rand
                0x002067d8       0x20 obj_zoul/random.o
                0x002067d8                random_rand
 .text.random_init
                0x002067f8       0x78 obj_zoul/random.o
                0x002067f8                random_init
 .text.process_thread_sensors_process
                0x00206870       0xd4 obj_zoul/sensors.o
 .text.periodic
                0x00206944       0x2c obj_zoul/link-stats.o
 .text.link_stats_from_lladdr
                0x00206970        0xc obj_zoul/link-stats.o
                0x00206970                link_stats_from_lladdr
 .text.link_stats_packet_sent
                0x0020697c       0x78 obj_zoul/link-stats.o
                0x0020697c                link_stats_packet_sent
 .text.link_stats_input_callback
                0x002069f4       0x50 obj_zoul/link-stats.o
                0x002069f4                link_stats_input_callback
 .text.link_stats_reset
                0x00206a44       0x24 obj_zoul/link-stats.o
                0x00206a44                link_stats_reset
 .text.link_stats_init
                0x00206a68       0x28 obj_zoul/link-stats.o
                0x00206a68                link_stats_init
 .text.index_from_key
                0x00206a90       0x20 obj_zoul/nbr-table.o
 .text.index_from_lladdr
                0x00206ab0       0x40 obj_zoul/nbr-table.o
 .text.key_from_item
                0x00206af0       0x2c obj_zoul/nbr-table.o
 .text.nbr_get_bit.constprop.0
                0x00206b1c       0x30 obj_zoul/nbr-table.o
 .text.nbr_table_is_registered
                0x00206b4c       0x20 obj_zoul/nbr-table.o
                0x00206b4c                nbr_table_is_registered
 .text.nbr_table_register
                0x00206b6c       0x34 obj_zoul/nbr-table.o
                0x00206b6c                nbr_table_register
 .text.nbr_table_head
                0x00206ba0       0x34 obj_zoul/nbr-table.o
                0x00206ba0                nbr_table_head
 .text.nbr_table_add_lladdr
                0x00206bd4      0x15c obj_zoul/nbr-table.o
                0x00206bd4                nbr_table_add_lladdr
 .text.nbr_table_remove
                0x00206d30       0x2c obj_zoul/nbr-table.o
                0x00206d30                nbr_table_remove
 .text.nbr_table_lock
                0x00206d5c       0x14 obj_zoul/nbr-table.o
                0x00206d5c                nbr_table_lock
 .text.nbr_table_unlock
                0x00206d70       0x14 obj_zoul/nbr-table.o
                0x00206d70                nbr_table_unlock
 .text.netstack_process_ip_callback
                0x00206d84       0x38 obj_zoul/netstack.o
                0x00206d84                netstack_process_ip_callback
 .text.netstack_init
                0x00206dbc       0x24 obj_zoul/netstack.o
                0x00206dbc                netstack_init
 .text.packetbuf_hdrreduce
                0x00206de0       0x2c obj_zoul/packetbuf.o
                0x00206de0                packetbuf_hdrreduce
 .text.packetbuf_set_datalen
                0x00206e0c        0xc obj_zoul/packetbuf.o
                0x00206e0c                packetbuf_set_datalen
 .text.packetbuf_hdrptr
                0x00206e18        0x8 obj_zoul/packetbuf.o
                0x00206e18                packetbuf_hdrptr
 .text.packetbuf_datalen
                0x00206e20        0xc obj_zoul/packetbuf.o
                0x00206e20                packetbuf_datalen
 .text.packetbuf_hdrlen
                0x00206e2c       0x18 obj_zoul/packetbuf.o
                0x00206e2c                packetbuf_hdrlen
 .text.packetbuf_dataptr
                0x00206e44       0x10 obj_zoul/packetbuf.o
                0x00206e44                packetbuf_dataptr
 .text.packetbuf_copyto
                0x00206e54       0x44 obj_zoul/packetbuf.o
                0x00206e54                packetbuf_copyto
 .text.packetbuf_totlen
                0x00206e98       0x14 obj_zoul/packetbuf.o
                0x00206e98                packetbuf_totlen
 .text.packetbuf_hdralloc
                0x00206eac       0x3c obj_zoul/packetbuf.o
                0x00206eac                packetbuf_hdralloc
 .text.packetbuf_attr_clear
                0x00206ee8       0x34 obj_zoul/packetbuf.o
                0x00206ee8                packetbuf_attr_clear
 .text.packetbuf_clear
                0x00206f1c       0x20 obj_zoul/packetbuf.o
                0x00206f1c                packetbuf_clear
 .text.packetbuf_copyfrom
                0x00206f3c       0x2c obj_zoul/packetbuf.o
                0x00206f3c                packetbuf_copyfrom
 .text.packetbuf_attr_copyto
                0x00206f68       0x24 obj_zoul/packetbuf.o
                0x00206f68                packetbuf_attr_copyto
 .text.packetbuf_attr_copyfrom
                0x00206f8c       0x28 obj_zoul/packetbuf.o
                0x00206f8c                packetbuf_attr_copyfrom
 .text.packetbuf_set_attr
                0x00206fb4       0x10 obj_zoul/packetbuf.o
                0x00206fb4                packetbuf_set_attr
 .text.packetbuf_attr
                0x00206fc4        0xc obj_zoul/packetbuf.o
                0x00206fc4                packetbuf_attr
 .text.packetbuf_set_addr
                0x00206fd0       0x18 obj_zoul/packetbuf.o
                0x00206fd0                packetbuf_set_addr
 .text.packetbuf_addr
                0x00206fe8       0x10 obj_zoul/packetbuf.o
                0x00206fe8                packetbuf_addr
 .text.packetbuf_holds_broadcast
                0x00206ff8       0x10 obj_zoul/packetbuf.o
                0x00206ff8                packetbuf_holds_broadcast
 .text.queuebuf_init
                0x00207008       0x1c obj_zoul/queuebuf.o
                0x00207008                queuebuf_init
 .text.queuebuf_numfree
                0x00207024        0xc obj_zoul/queuebuf.o
                0x00207024                queuebuf_numfree
 .text.queuebuf_new_from_packetbuf
                0x00207030       0x44 obj_zoul/queuebuf.o
                0x00207030                queuebuf_new_from_packetbuf
 .text.queuebuf_free
                0x00207074       0x2c obj_zoul/queuebuf.o
                0x00207074                queuebuf_free
 .text.queuebuf_to_packetbuf
                0x002070a0       0x30 obj_zoul/queuebuf.o
                0x002070a0                queuebuf_to_packetbuf
 .text.mac_sequence_is_duplicate
                0x002070d0       0x4c obj_zoul/mac-sequence.o
                0x002070d0                mac_sequence_is_duplicate
 .text.mac_sequence_register_seqno
                0x0020711c       0x60 obj_zoul/mac-sequence.o
                0x0020711c                mac_sequence_register_seqno
 .text.frame802154_get_pan_id
                0x0020717c        0xc obj_zoul/frame802154.o
                0x0020717c                frame802154_get_pan_id
 .text.frame802154_parse
                0x00207188      0x12c obj_zoul/frame802154.o
                0x00207188                frame802154_parse
 .text.create_frame
                0x002072b4       0xd0 obj_zoul/framer-802154.o
 .text.printf   0x00207384       0x20 obj_zoul/printf.o
                0x00207384                printf
 .text.vsnprintf
                0x002073a4       0x28 obj_zoul/snprintf.o
                0x002073a4                vsnprintf
 .text.fill_space
                0x002073cc       0x34 obj_zoul/strformat.o
 .text.format_str_v
                0x00207400      0x6e8 obj_zoul/strformat.o
                0x00207400                format_str_v
 .text.on       0x00207ae8        0xc obj_zoul/csma.o
 .text.off      0x00207af4        0xc obj_zoul/csma.o
 .text.input_packet
                0x00207b00       0x54 obj_zoul/csma.o
 .text.schedule_transmission
                0x00207b54       0x38 obj_zoul/csma-output.o
 .text.tx_done  0x00207b8c       0x88 obj_zoul/csma-output.o
 .text.transmit_from_queue
                0x00207c14      0x1c8 obj_zoul/csma-output.o
 .text.csma_output_packet
                0x00207ddc      0x13c obj_zoul/csma-output.o
                0x00207ddc                csma_output_packet
 .text.csma_output_init
                0x00207f18       0x28 obj_zoul/csma-output.o
                0x00207f18                csma_output_init
 .text.clear_fragments
                0x00207f40       0x3c obj_zoul/sicslowpan.o
 .text.sicslowpan_init
                0x00207f7c       0x18 obj_zoul/sicslowpan.o
                0x00207f7c                sicslowpan_init
 .text.set_packet_attrs
                0x00207f94       0x44 obj_zoul/sicslowpan.o
 .text.compress_addr_64
                0x00207fd8       0x90 obj_zoul/sicslowpan.o
 .text.addr_context_lookup_by_prefix
                0x00208068       0x24 obj_zoul/sicslowpan.o
 .text.send_packet
                0x0020808c       0x24 obj_zoul/sicslowpan.o
 .text.output   0x002080b0      0x7a8 obj_zoul/sicslowpan.o
 .text.packet_sent
                0x00208858       0x5c obj_zoul/sicslowpan.o
 .text.store_fragment
                0x002088b4       0x58 obj_zoul/sicslowpan.o
 .text.uncompress_addr
                0x0020890c       0x8c obj_zoul/sicslowpan.o
 .text.add_fragment
                0x00208998      0x124 obj_zoul/sicslowpan.o
 .text.input    0x00208abc      0x71c obj_zoul/sicslowpan.o
 .text.tcpip_output
                0x002091d8       0x40 obj_zoul/tcpip.o
                0x002091d8                tcpip_output
 .text.udp_new  0x00209218       0x18 obj_zoul/tcpip.o
                0x00209218                udp_new
 .text.tcpip_input
                0x00209230       0x34 obj_zoul/tcpip.o
                0x00209230                tcpip_input
 .text.tcpip_ipv6_output
                0x00209264      0x100 obj_zoul/tcpip.o
                0x00209264                tcpip_ipv6_output
 .text.packet_input.part.4
                0x00209364       0x1c obj_zoul/tcpip.o
 .text.process_thread_tcpip_process
                0x00209380       0xcc obj_zoul/tcpip.o
 .text.tcpip_uipcall
                0x0020944c       0x2c obj_zoul/tcpip.o
                0x0020944c                tcpip_uipcall
 .text.upper_layer_chksum
                0x00209478       0x54 obj_zoul/uip6.o
 .text.ext_hdr_options_process
                0x002094cc       0xb4 obj_zoul/uip6.o
 .text.uip_init
                0x00209580       0x34 obj_zoul/uip6.o
                0x00209580                uip_init
 .text.remove_ext_hdr
                0x002095b4       0x60 obj_zoul/uip6.o
                0x002095b4                remove_ext_hdr
 .text.uip_udp_new
                0x00209614       0x88 obj_zoul/uip6.o
                0x00209614                uip_udp_new
 .text.uip_process
                0x0020969c      0x47c obj_zoul/uip6.o
                0x0020969c                uip_process
 .text.uipbuf_get_attr
                0x00209b18       0x14 obj_zoul/uipbuf.o
                0x00209b18                uipbuf_get_attr
 .text.uipbuf_clear_attr
                0x00209b2c       0x18 obj_zoul/uipbuf.o
                0x00209b2c                uipbuf_clear_attr
 .text.uip_ds6_prefix_add
                0x00209b44       0x64 obj_zoul/uip-ds6.o
                0x00209b44                uip_ds6_prefix_add
 .text.uip_ds6_is_addr_onlink
                0x00209ba8       0x40 obj_zoul/uip-ds6.o
                0x00209ba8                uip_ds6_is_addr_onlink
 .text.uip_ds6_addr_lookup
                0x00209be8       0x2c obj_zoul/uip-ds6.o
                0x00209be8                uip_ds6_addr_lookup
 .text.uip_ds6_get_link_local
                0x00209c14       0x40 obj_zoul/uip-ds6.o
                0x00209c14                uip_ds6_get_link_local
 .text.uip_ds6_maddr_add
                0x00209c54       0x4c obj_zoul/uip-ds6.o
                0x00209c54                uip_ds6_maddr_add
 .text.uip_ds6_addr_add
                0x00209ca0       0x94 obj_zoul/uip-ds6.o
                0x00209ca0                uip_ds6_addr_add
 .text.uip_ds6_maddr_lookup
                0x00209d34       0x2c obj_zoul/uip-ds6.o
                0x00209d34                uip_ds6_maddr_lookup
 .text.uip_ds6_addr_rm
                0x00209d60       0x44 obj_zoul/uip-ds6.o
                0x00209d60                uip_ds6_addr_rm
 .text.uip_ds6_periodic
                0x00209da4       0x4c obj_zoul/uip-ds6.o
                0x00209da4                uip_ds6_periodic
 .text.uip_ds6_select_src
                0x00209df0       0x94 obj_zoul/uip-ds6.o
                0x00209df0                uip_ds6_select_src
 .text.uip_ds6_compute_reachable_time
                0x00209e84       0x28 obj_zoul/uip-ds6.o
                0x00209e84                uip_ds6_compute_reachable_time
 .text.uip_ds6_init
                0x00209eac       0xe0 obj_zoul/uip-ds6.o
                0x00209eac                uip_ds6_init
 .text.uip_ds6_nbr_rm
                0x00209f8c       0x24 obj_zoul/uip-ds6-nbr.o
                0x00209f8c                uip_ds6_nbr_rm
 .text.uip_ds6_neighbors_init
                0x00209fb0       0x1c obj_zoul/uip-ds6-nbr.o
                0x00209fb0                uip_ds6_neighbors_init
 .text.uip_ds6_nbr_add
                0x00209fcc       0x44 obj_zoul/uip-ds6-nbr.o
                0x00209fcc                uip_ds6_nbr_add
 .text.uip_ds6_nbr_get_ll
                0x0020a010       0x10 obj_zoul/uip-ds6-nbr.o
                0x0020a010                uip_ds6_nbr_get_ll
 .text.uip_ds6_nbr_lookup
                0x0020a020       0x38 obj_zoul/uip-ds6-nbr.o
                0x0020a020                uip_ds6_nbr_lookup
 .text.uip_ds6_nbr_ll_lookup
                0x0020a058       0x10 obj_zoul/uip-ds6-nbr.o
                0x0020a058                uip_ds6_nbr_ll_lookup
 .text.uip_ds6_route_init
                0x0020a068       0x1c obj_zoul/uip-ds6-route.o
                0x0020a068                uip_ds6_route_init
 .text.uip_ds6_defrt_rm
                0x0020a084       0x38 obj_zoul/uip-ds6-route.o
                0x0020a084                uip_ds6_defrt_rm
 .text.uip_ds6_defrt_lookup
                0x0020a0bc       0x34 obj_zoul/uip-ds6-route.o
                0x0020a0bc                uip_ds6_defrt_lookup
 .text.uip_ds6_defrt_add
                0x0020a0f0       0x60 obj_zoul/uip-ds6-route.o
                0x0020a0f0                uip_ds6_defrt_add
 .text.uip_ds6_defrt_choose
                0x0020a150       0x30 obj_zoul/uip-ds6-route.o
                0x0020a150                uip_ds6_defrt_choose
 .text.uip_ds6_defrt_periodic
                0x0020a180       0x30 obj_zoul/uip-ds6-route.o
                0x0020a180                uip_ds6_defrt_periodic
 .text.echo_reply_input
                0x0020a1b0       0x98 obj_zoul/uip-icmp6.o
 .text.echo_request_input
                0x0020a248       0xc8 obj_zoul/uip-icmp6.o
 .text.uip_icmp6_input
                0x0020a310       0x38 obj_zoul/uip-icmp6.o
                0x0020a310                uip_icmp6_input
 .text.uip_icmp6_register_input_handler
                0x0020a348        0xc obj_zoul/uip-icmp6.o
                0x0020a348                uip_icmp6_register_input_handler
 .text.uip_icmp6_error_output
                0x0020a354      0x150 obj_zoul/uip-icmp6.o
                0x0020a354                uip_icmp6_error_output
 .text.uip_icmp6_send
                0x0020a4a4       0x7c obj_zoul/uip-icmp6.o
                0x0020a4a4                uip_icmp6_send
 .text.uip_icmp6_init
                0x0020a520       0x1c obj_zoul/uip-icmp6.o
                0x0020a520                uip_icmp6_init
 .text.ns_input
                0x0020a53c      0x25c obj_zoul/uip-nd6.o
 .text.uip_nd6_init
                0x0020a798        0xc obj_zoul/uip-nd6.o
                0x0020a798                uip_nd6_init
 .text.node_matches_address.part.0
                0x0020a7a4       0x28 obj_zoul/uip-sr.o
 .text.uip_sr_get_node
                0x0020a7cc       0x34 obj_zoul/uip-sr.o
                0x0020a7cc                uip_sr_get_node
 .text.uip_sr_is_addr_reachable
                0x0020a800       0x44 obj_zoul/uip-sr.o
                0x0020a800                uip_sr_is_addr_reachable
 .text.uip_sr_update_node
                0x0020a844       0xa8 obj_zoul/uip-sr.o
                0x0020a844                uip_sr_update_node
 .text.uip_sr_init
                0x0020a8ec       0x24 obj_zoul/uip-sr.o
                0x0020a8ec                uip_sr_init
 .text.uip_sr_periodic
                0x0020a910       0x68 obj_zoul/uip-sr.o
                0x0020a910                uip_sr_periodic
 .text.uip_sr_free_all
                0x0020a978       0x40 obj_zoul/uip-sr.o
                0x0020a978                uip_sr_free_all
 .text.uip_udp_packet_send
                0x0020a9b8       0x34 obj_zoul/uip-udp-packet.o
                0x0020a9b8                uip_udp_packet_send
 .text.rpl_has_joined
                0x0020a9ec       0x18 obj_zoul/rpl.o
                0x0020a9ec                rpl_has_joined
 .text.rpl_is_reachable
                0x0020aa04       0x18 obj_zoul/rpl.o
                0x0020aa04                rpl_is_reachable
 .text.get_sr_node_ipaddr
                0x0020aa1c       0x30 obj_zoul/rpl.o
 .text.set_ip_from_prefix
                0x0020aa4c       0x2c obj_zoul/rpl.o
 .text.init     0x0020aa78       0x40 obj_zoul/rpl.o
 .text.rpl_link_callback
                0x0020aab8       0x20 obj_zoul/rpl.o
                0x0020aab8                rpl_link_callback
 .text.rpl_get_global_address
                0x0020aad8       0x64 obj_zoul/rpl.o
                0x0020aad8                rpl_get_global_address
 .text.rpl_reset_prefix
                0x0020ab3c       0x28 obj_zoul/rpl.o
                0x0020ab3c                rpl_reset_prefix
 .text.rpl_set_prefix_from_addr
                0x0020ab64       0x6c obj_zoul/rpl.o
                0x0020ab64                rpl_set_prefix_from_addr
 .text.rpl_get_leaf_only
                0x0020abd0        0xc obj_zoul/rpl.o
                0x0020abd0                rpl_get_leaf_only
 .text.init_dag
                0x0020abdc       0x7c obj_zoul/rpl-dag.o
 .text.init_dag_from_dio
                0x0020ac58       0x84 obj_zoul/rpl-dag.o
 .text.rpl_dag_get_root_ipaddr
                0x0020acdc       0x30 obj_zoul/rpl-dag.o
                0x0020acdc                rpl_dag_get_root_ipaddr
 .text.rpl_dag_leave
                0x0020ad0c       0x54 obj_zoul/rpl-dag.o
                0x0020ad0c                rpl_dag_leave
 .text.rpl_dag_poison_and_leave
                0x0020ad60       0x10 obj_zoul/rpl-dag.o
                0x0020ad60                rpl_dag_poison_and_leave
 .text.rpl_dag_periodic
                0x0020ad70       0x48 obj_zoul/rpl-dag.o
                0x0020ad70                rpl_dag_periodic
 .text.rpl_is_addr_in_our_dag
                0x0020adb8       0x24 obj_zoul/rpl-dag.o
                0x0020adb8                rpl_is_addr_in_our_dag
 .text.rpl_get_any_dag
                0x0020addc       0x14 obj_zoul/rpl-dag.o
                0x0020addc                rpl_get_any_dag
 .text.rpl_local_repair
                0x0020adf0       0x34 obj_zoul/rpl-dag.o
                0x0020adf0                rpl_local_repair
 .text.rpl_global_repair
                0x0020ae24       0x38 obj_zoul/rpl-dag.o
                0x0020ae24                rpl_global_repair
 .text.rpl_dag_ready_to_advertise
                0x0020ae5c       0x24 obj_zoul/rpl-dag.o
                0x0020ae5c                rpl_dag_ready_to_advertise
 .text.rpl_dag_update_state
                0x0020ae80      0x124 obj_zoul/rpl-dag.o
                0x0020ae80                rpl_dag_update_state
 .text.rpl_process_dio
                0x0020afa4      0x18c obj_zoul/rpl-dag.o
                0x0020afa4                rpl_process_dio
 .text.rpl_process_dis
                0x0020b130       0x2c obj_zoul/rpl-dag.o
                0x0020b130                rpl_process_dis
 .text.rpl_process_dao
                0x0020b15c       0x4c obj_zoul/rpl-dag.o
                0x0020b15c                rpl_process_dao
 .text.rpl_process_dao_ack
                0x0020b1a8       0x54 obj_zoul/rpl-dag.o
                0x0020b1a8                rpl_process_dao_ack
 .text.rpl_dag_init_root
                0x0020b1fc       0xac obj_zoul/rpl-dag.o
                0x0020b1fc                rpl_dag_init_root
 .text.rpl_dag_init
                0x0020b2a8       0x10 obj_zoul/rpl-dag.o
                0x0020b2a8                rpl_dag_init
 .text.rpl_dag_root_set_prefix
                0x0020b2b8       0x68 obj_zoul/rpl-dag-root.o
                0x0020b2b8                rpl_dag_root_set_prefix
 .text.rpl_dag_root_start
                0x0020b320       0x68 obj_zoul/rpl-dag-root.o
                0x0020b320                rpl_dag_root_start
 .text.rpl_dag_root_is_root
                0x0020b388       0x18 obj_zoul/rpl-dag-root.o
                0x0020b388                rpl_dag_root_is_root
 .text.update_hbh_header
                0x0020b3a0       0x60 obj_zoul/rpl-ext-header.o
 .text.rpl_ext_header_srh_get_next_hop
                0x0020b400       0xc0 obj_zoul/rpl-ext-header.o
                0x0020b400                rpl_ext_header_srh_get_next_hop
 .text.rpl_ext_header_srh_update
                0x0020b4c0       0xe0 obj_zoul/rpl-ext-header.o
                0x0020b4c0                rpl_ext_header_srh_update
 .text.rpl_ext_header_hbh_update
                0x0020b5a0       0xc0 obj_zoul/rpl-ext-header.o
                0x0020b5a0                rpl_ext_header_hbh_update
 .text.rpl_ext_header_remove
                0x0020b660       0xb0 obj_zoul/rpl-ext-header.o
                0x0020b660                rpl_ext_header_remove
 .text.rpl_ext_header_update
                0x0020b710      0x28c obj_zoul/rpl-ext-header.o
                0x0020b710                rpl_ext_header_update
 .text.dao_ack_input
                0x0020b99c       0x44 obj_zoul/rpl-icmp6.o
 .text.dao_input
                0x0020b9e0      0x110 obj_zoul/rpl-icmp6.o
 .text.dio_input
                0x0020baf0      0x224 obj_zoul/rpl-icmp6.o
 .text.dis_input
                0x0020bd14       0x3c obj_zoul/rpl-icmp6.o
 .text.rpl_icmp6_dis_output
                0x0020bd50       0x38 obj_zoul/rpl-icmp6.o
                0x0020bd50                rpl_icmp6_dis_output
 .text.rpl_icmp6_dio_output
                0x0020bd88      0x1c0 obj_zoul/rpl-icmp6.o
                0x0020bd88                rpl_icmp6_dio_output
 .text.rpl_icmp6_dao_output
                0x0020bf48       0xc4 obj_zoul/rpl-icmp6.o
                0x0020bf48                rpl_icmp6_dao_output
 .text.rpl_icmp6_dao_ack_output
                0x0020c00c       0x44 obj_zoul/rpl-icmp6.o
                0x0020c00c                rpl_icmp6_dao_ack_output
 .text.rpl_icmp6_init
                0x0020c050       0x30 obj_zoul/rpl-icmp6.o
                0x0020c050                rpl_icmp6_init
 .text.update_metric_container
                0x0020c080        0xc obj_zoul/rpl-mrhof.o
 .text.within_hysteresis
                0x0020c08c       0x3c obj_zoul/rpl-mrhof.o
 .text.rank_via_nbr
                0x0020c0c8       0x30 obj_zoul/rpl-mrhof.o
 .text.best_parent
                0x0020c0f8       0x70 obj_zoul/rpl-mrhof.o
 .text.update_state
                0x0020c168       0x98 obj_zoul/rpl-nbr-policy.o
 .text.rpl_nbr_policy_find_removable
                0x0020c200       0x50 obj_zoul/rpl-nbr-policy.o
                0x0020c200                rpl_nbr_policy_find_removable
 .text.remove_neighbor
                0x0020c250       0x3c obj_zoul/rpl-neighbor.o
 .text.rpl_neighbor_get_from_lladdr
                0x0020c28c       0x10 obj_zoul/rpl-neighbor.o
                0x0020c28c                rpl_neighbor_get_from_lladdr
 .text.rpl_neighbor_rank_via_nbr
                0x0020c29c       0x18 obj_zoul/rpl-neighbor.o
                0x0020c29c                rpl_neighbor_rank_via_nbr
 .text.rpl_neighbor_get_lladdr
                0x0020c2b4       0x10 obj_zoul/rpl-neighbor.o
                0x0020c2b4                rpl_neighbor_get_lladdr
 .text.best_parent
                0x0020c2c4       0x8c obj_zoul/rpl-neighbor.o
 .text.rpl_neighbor_is_parent
                0x0020c350       0x18 obj_zoul/rpl-neighbor.o
                0x0020c350                rpl_neighbor_is_parent
 .text.rpl_neighbor_set_preferred_parent
                0x0020c368       0x44 obj_zoul/rpl-neighbor.o
                0x0020c368                rpl_neighbor_set_preferred_parent
 .text.rpl_neighbor_remove_all
                0x0020c3ac       0x2c obj_zoul/rpl-neighbor.o
                0x0020c3ac                rpl_neighbor_remove_all
 .text.rpl_neighbor_get_from_ipaddr
                0x0020c3d8       0x1c obj_zoul/rpl-neighbor.o
                0x0020c3d8                rpl_neighbor_get_from_ipaddr
 .text.rpl_neighbor_select_best
                0x0020c3f4       0x4c obj_zoul/rpl-neighbor.o
                0x0020c3f4                rpl_neighbor_select_best
 .text.rpl_neighbor_init
                0x0020c440       0x14 obj_zoul/rpl-neighbor.o
                0x0020c440                rpl_neighbor_init
 .text.new_dio_interval
                0x0020c454       0x54 obj_zoul/rpl-timers.o
 .text.handle_unicast_dio_timer
                0x0020c4a8       0x1c obj_zoul/rpl-timers.o
 .text.handle_dao_timer
                0x0020c4c4       0xdc obj_zoul/rpl-timers.o
 .text.handle_dao_ack_timer
                0x0020c5a0       0x10 obj_zoul/rpl-timers.o
 .text.handle_leaving_timer
                0x0020c5b0       0x10 obj_zoul/rpl-timers.o
 .text.handle_dio_timer
                0x0020c5c0       0x70 obj_zoul/rpl-timers.o
 .text.rpl_timers_schedule_periodic_dis
                0x0020c630       0x38 obj_zoul/rpl-timers.o
                0x0020c630                rpl_timers_schedule_periodic_dis
 .text.handle_dis_timer
                0x0020c668       0x34 obj_zoul/rpl-timers.o
 .text.handle_periodic_timer
                0x0020c69c       0x48 obj_zoul/rpl-timers.o
 .text.rpl_timers_dio_reset
                0x0020c6e4       0x28 obj_zoul/rpl-timers.o
                0x0020c6e4                rpl_timers_dio_reset
 .text.rpl_timers_schedule_unicast_dio
                0x0020c70c       0x24 obj_zoul/rpl-timers.o
                0x0020c70c                rpl_timers_schedule_unicast_dio
 .text.rpl_timers_schedule_dao
                0x0020c730       0x4c obj_zoul/rpl-timers.o
                0x0020c730                rpl_timers_schedule_dao
 .text.rpl_timers_schedule_dao_ack
                0x0020c77c       0x48 obj_zoul/rpl-timers.o
                0x0020c77c                rpl_timers_schedule_dao_ack
 .text.get_probing_delay
                0x0020c7c4       0x34 obj_zoul/rpl-timers.o
                0x0020c7c4                get_probing_delay
 .text.get_probing_target
                0x0020c7f8       0xc0 obj_zoul/rpl-timers.o
                0x0020c7f8                get_probing_target
 .text.rpl_schedule_probing
                0x0020c8b8       0x28 obj_zoul/rpl-timers.o
                0x0020c8b8                rpl_schedule_probing
 .text.handle_probing_timer
                0x0020c8e0       0x30 obj_zoul/rpl-timers.o
 .text.rpl_timers_unschedule_leaving
                0x0020c910       0x24 obj_zoul/rpl-timers.o
                0x0020c910                rpl_timers_unschedule_leaving
 .text.rpl_timers_schedule_leaving
                0x0020c934       0x30 obj_zoul/rpl-timers.o
                0x0020c934                rpl_timers_schedule_leaving
 .text.rpl_timers_init
                0x0020c964       0x20 obj_zoul/rpl-timers.o
                0x0020c964                rpl_timers_init
 .text.rpl_timers_stop_dag_timers
                0x0020c984       0x44 obj_zoul/rpl-timers.o
                0x0020c984                rpl_timers_stop_dag_timers
 .text.rpl_timers_unschedule_state_update
                0x0020c9c8       0x14 obj_zoul/rpl-timers.o
                0x0020c9c8                rpl_timers_unschedule_state_update
 .text.rpl_timers_schedule_state_update
                0x0020c9dc       0x1c obj_zoul/rpl-timers.o
                0x0020c9dc                rpl_timers_schedule_state_update
 .text.process_thread_er_example_server
                0x0020c9f8      0x13c coap-example-server.o
 .text          0x0020cb34       0x30 /usr/bin/../lib/gcc/arm-none-eabi/4.9.3/armv7-m/libgcc.a(_aeabi_uldivmod.o)
                0x0020cb34                __aeabi_uldivmod
 .text          0x0020cb64       0x60 /usr/bin/../lib/gcc/arm-none-eabi/4.9.3/armv7-m/libgcc.a(bpabi.o)
                0x0020cb64                __gnu_ldivmod_helper
                0x0020cb94                __gnu_uldivmod_helper
 .text          0x0020cbc4        0x4 /usr/bin/../lib/gcc/arm-none-eabi/4.9.3/armv7-m/libgcc.a(_dvmd_tls.o)
                0x0020cbc4                __aeabi_ldiv0
                0x0020cbc4                __aeabi_idiv0
 .text          0x0020cbc8      0x2ac /usr/bin/../lib/gcc/arm-none-eabi/4.9.3/armv7-m/libgcc.a(_divdi3.o)
                0x0020cbc8                __divdi3
 .text          0x0020ce74      0x270 /usr/bin/../lib/gcc/arm-none-eabi/4.9.3/armv7-m/libgcc.a(_udivdi3.o)
                0x0020ce74                __udivdi3
 .text.atoi     0x0020d0e4        0x8 /usr/bin/../lib/gcc/arm-none-eabi/4.9.3/../../../../arm-none-eabi/lib/armv7-m/libc.a(lib_a-atoi.o)
                0x0020d0e4                atoi
 .text.memchr   0x0020d0ec       0x94 /usr/bin/../lib/gcc/arm-none-eabi/4.9.3/../../../../arm-none-eabi/lib/armv7-m/libc.a(lib_a-memchr.o)
                0x0020d0ec                memchr
 .text.memcmp   0x0020d180       0x64 /usr/bin/../lib/gcc/arm-none-eabi/4.9.3/../../../../arm-none-eabi/lib/armv7-m/libc.a(lib_a-memcmp.o)
                0x0020d180                memcmp
 .text          0x0020d1e4       0xec /usr/bin/../lib/gcc/arm-none-eabi/4.9.3/../../../../arm-none-eabi/lib/armv7-m/libc.a(lib_a-memcpy.o)
                0x0020d1e4                memcpy
 .text.memmove  0x0020d2d0       0xc8 /usr/bin/../lib/gcc/arm-none-eabi/4.9.3/../../../../arm-none-eabi/lib/armv7-m/libc.a(lib_a-memmove.o)
                0x0020d2d0                memmove
 .text.memset   0x0020d398       0x9c /usr/bin/../lib/gcc/arm-none-eabi/4.9.3/../../../../arm-none-eabi/lib/armv7-m/libc.a(lib_a-memset.o)
                0x0020d398                memset
 .text.rand     0x0020d434       0x40 /usr/bin/../lib/gcc/arm-none-eabi/4.9.3/../../../../arm-none-eabi/lib/armv7-m/libc.a(lib_a-rand.o)
                0x0020d434                rand
 .text.strchr   0x0020d474       0xcc /usr/bin/../lib/gcc/arm-none-eabi/4.9.3/../../../../arm-none-eabi/lib/armv7-m/libc.a(lib_a-strchr.o)
                0x0020d474                strchr
 .text.strlen   0x0020d540       0x5c /usr/bin/../lib/gcc/arm-none-eabi/4.9.3/../../../../arm-none-eabi/lib/armv7-m/libc.a(lib_a-strlen.o)
                0x0020d540                strlen
 .text.strncmp  0x0020d59c       0x94 /usr/bin/../lib/gcc/arm-none-eabi/4.9.3/../../../../arm-none-eabi/lib/armv7-m/libc.a(lib_a-strncmp.o)
                0x0020d59c                strncmp
 .text.strncpy  0x0020d630       0x68 /usr/bin/../lib/gcc/arm-none-eabi/4.9.3/../../../../arm-none-eabi/lib/armv7-m/libc.a(lib_a-strncpy.o)
                0x0020d630                strncpy
 .text._strtol_r
                0x0020d698      0x11c /usr/bin/../lib/gcc/arm-none-eabi/4.9.3/../../../../arm-none-eabi/lib/armv7-m/libc.a(lib_a-strtol.o)
                0x0020d698                _strtol_r
 .text.strtol   0x0020d7b4       0x18 /usr/bin/../lib/gcc/arm-none-eabi/4.9.3/../../../../arm-none-eabi/lib/armv7-m/libc.a(lib_a-strtol.o)
                0x0020d7b4                strtol
 .text.default_handler
                0x0020d7cc        0x2 obj_zoul/startup-gcc.o
                0x0020d7cc                default_handler
 .text.nmi_handler
                0x0020d7ce        0x6 obj_zoul/startup-gcc.o
                0x0020d7ce                nmi_handler
 .text.fade     0x0020d7d4       0x54 obj_zoul/platform.o
 .text.platform_init_stage_one
                0x0020d828       0x14 obj_zoul/platform.o
                0x0020d828                platform_init_stage_one
 .text.platform_idle
                0x0020d83c        0x4 obj_zoul/platform.o
                0x0020d83c                platform_idle
 .text.status   0x0020d840        0x4 obj_zoul/adc-zoul.o
 .text.board_init
                0x0020d844        0x4 obj_zoul/board.o
                0x0020d844                board_init
 .text.soc_init
                0x0020d848       0x22 obj_zoul/soc.o
                0x0020d848                soc_init
 .text.clock_isr
                0x0020d86a        0x4 obj_zoul/clock.o
                0x0020d86a                clock_isr
 .text.rtimer_arch_init
                0x0020d86e        0x2 obj_zoul/rtimer-arch.o
                0x0020d86e                rtimer_arch_init
 .text.uart0_isr
                0x0020d870        0x6 obj_zoul/uart.o
                0x0020d870                uart0_isr
 .text.uart1_isr
                0x0020d876        0x6 obj_zoul/uart.o
                0x0020d876                uart1_isr
 .text.gpio_port_a_isr
                0x0020d87c        0x6 obj_zoul/gpio.o
                0x0020d87c                gpio_port_a_isr
 .text.gpio_port_b_isr
                0x0020d882        0x6 obj_zoul/gpio.o
                0x0020d882                gpio_port_b_isr
 .text.gpio_port_c_isr
                0x0020d888        0x6 obj_zoul/gpio.o
                0x0020d888                gpio_port_c_isr
 .text.gpio_port_d_isr
                0x0020d88e        0x6 obj_zoul/gpio.o
                0x0020d88e                gpio_port_d_isr
 .text.send     0x0020d894       0x12 obj_zoul/cc2538-rf.o
 .text.int_master_read_and_disable
                0x0020d8a6        0x8 obj_zoul/int-master.o
                0x0020d8a6                int_master_read_and_disable
 .text.int_master_status_set
                0x0020d8ae        0x6 obj_zoul/int-master.o
                0x0020d8ae                int_master_status_set
 .text.dbg_putchar
                0x0020d8b4       0x10 obj_zoul/dbg.o
                0x0020d8b4                dbg_putchar
 .text.dbg_send_bytes
                0x0020d8c4       0x20 obj_zoul/dbg.o
                0x0020d8c4                dbg_send_bytes
 .text.configure
                0x0020d8e4        0x4 obj_zoul/cc2538-temp-sensor.o
 .text.status   0x0020d8e8        0x4 obj_zoul/cc2538-temp-sensor.o
 .text.value    0x0020d8ec       0x34 obj_zoul/cc2538-temp-sensor.o
 .text.configure
                0x0020d920        0x4 obj_zoul/vdd3-sensor.o
 .text.status   0x0020d924        0x4 obj_zoul/vdd3-sensor.o
 .text.value    0x0020d928       0x2a obj_zoul/vdd3-sensor.o
 .text.coap_is_option
                0x0020d952       0x1a obj_zoul/coap.o
 .text.coap_parse_int_option
                0x0020d96c       0x16 obj_zoul/coap.o
 .text.coap_merge_multi_option
                0x0020d982       0x32 obj_zoul/coap.o
 .text.coap_get_variable
                0x0020d9b4       0x6a obj_zoul/coap.o
 .text.coap_set_option_header
                0x0020da1e       0x76 obj_zoul/coap.o
 .text.coap_serialize_int_option
                0x0020da94       0x60 obj_zoul/coap.o
 .text.coap_serialize_array_option.part.1
                0x0020daf4       0x20 obj_zoul/coap.o
 .text.coap_serialize_array_option
                0x0020db14       0x76 obj_zoul/coap.o
 .text.coap_init_message
                0x0020db8a       0x1a obj_zoul/coap.o
                0x0020db8a                coap_init_message
 .text.coap_get_query_variable
                0x0020dba4       0x26 obj_zoul/coap.o
                0x0020dba4                coap_get_query_variable
 .text.coap_set_status_code
                0x0020dbca        0xc obj_zoul/coap.o
                0x0020dbca                coap_set_status_code
 .text.coap_set_token
                0x0020dbd6       0x16 obj_zoul/coap.o
                0x0020dbd6                coap_set_token
 .text.coap_get_header_content_format
                0x0020dbec       0x16 obj_zoul/coap.o
                0x0020dbec                coap_get_header_content_format
 .text.coap_set_header_content_format
                0x0020dc02        0xe obj_zoul/coap.o
                0x0020dc02                coap_set_header_content_format
 .text.coap_get_header_accept
                0x0020dc10       0x18 obj_zoul/coap.o
                0x0020dc10                coap_get_header_accept
 .text.coap_set_header_accept
                0x0020dc28       0x10 obj_zoul/coap.o
                0x0020dc28                coap_set_header_accept
 .text.coap_get_header_max_age
                0x0020dc38       0x1a obj_zoul/coap.o
                0x0020dc38                coap_get_header_max_age
 .text.coap_set_header_max_age
                0x0020dc52        0xe obj_zoul/coap.o
                0x0020dc52                coap_set_header_max_age
 .text.coap_set_header_etag
                0x0020dc60       0x22 obj_zoul/coap.o
                0x0020dc60                coap_set_header_etag
 .text.coap_set_header_if_none_match
                0x0020dc82        0xc obj_zoul/coap.o
                0x0020dc82                coap_set_header_if_none_match
 .text.coap_set_header_proxy_uri
                0x0020dc8e       0x18 obj_zoul/coap.o
                0x0020dc8e                coap_set_header_proxy_uri
 .text.coap_get_header_uri_host
                0x0020dca6       0x16 obj_zoul/coap.o
                0x0020dca6                coap_get_header_uri_host
 .text.coap_set_header_uri_host
                0x0020dcbc       0x18 obj_zoul/coap.o
                0x0020dcbc                coap_set_header_uri_host
 .text.coap_get_header_uri_path
                0x0020dcd4       0x16 obj_zoul/coap.o
                0x0020dcd4                coap_get_header_uri_path
 .text.coap_set_header_uri_path
                0x0020dcea       0x20 obj_zoul/coap.o
                0x0020dcea                coap_set_header_uri_path
 .text.coap_get_header_uri_query
                0x0020dd0a       0x1a obj_zoul/coap.o
                0x0020dd0a                coap_get_header_uri_query
 .text.coap_get_header_location_path
                0x0020dd24       0x16 obj_zoul/coap.o
                0x0020dd24                coap_get_header_location_path
 .text.coap_get_header_location_query
                0x0020dd3a       0x16 obj_zoul/coap.o
                0x0020dd3a                coap_get_header_location_query
 .text.coap_set_header_location_query
                0x0020dd50       0x20 obj_zoul/coap.o
                0x0020dd50                coap_set_header_location_query
 .text.coap_set_header_location_path
                0x0020dd70       0x40 obj_zoul/coap.o
                0x0020dd70                coap_set_header_location_path
 .text.coap_set_header_observe
                0x0020ddb0        0xe obj_zoul/coap.o
                0x0020ddb0                coap_set_header_observe
 .text.coap_get_header_block2
                0x0020ddbe       0x3e obj_zoul/coap.o
                0x0020ddbe                coap_get_header_block2
 .text.coap_set_header_block2
                0x0020ddfc       0x32 obj_zoul/coap.o
                0x0020ddfc                coap_set_header_block2
 .text.coap_get_header_block1
                0x0020de2e       0x42 obj_zoul/coap.o
                0x0020de2e                coap_get_header_block1
 .text.coap_set_header_block1
                0x0020de70       0x2e obj_zoul/coap.o
                0x0020de70                coap_set_header_block1
 .text.coap_get_header_size1
                0x0020de9e       0x18 obj_zoul/coap.o
                0x0020de9e                coap_get_header_size1
 .text.coap_set_header_size1
                0x0020deb6       0x10 obj_zoul/coap.o
                0x0020deb6                coap_set_header_size1
 .text.coap_get_payload
                0x0020dec6       0x18 obj_zoul/coap.o
                0x0020dec6                coap_get_payload
 .text.coap_set_payload
                0x0020dede       0x12 obj_zoul/coap.o
                0x0020dede                coap_set_payload
 .text.coap_get_next_resource
                0x0020def0        0x4 obj_zoul/coap-engine.o
                0x0020def0                coap_get_next_resource
 .text.coap_notify_observers
                0x0020def4        0x6 obj_zoul/coap-observe.o
                0x0020def4                coap_notify_observers
 .text.coap_separate_resume
                0x0020defa       0x30 obj_zoul/coap-separate.o
                0x0020defa                coap_separate_resume
 .text.coap_timer_set
                0x0020df2a       0x1e obj_zoul/coap-timer.o
                0x0020df2a                coap_timer_set
 .text.coap_retransmit_transaction
                0x0020df48       0x14 obj_zoul/coap-transactions.o
 .text.coap_endpoint_copy
                0x0020df5c       0x20 obj_zoul/coap-uip.o
                0x0020df5c                coap_endpoint_copy
 .text.coap_endpoint_cmp
                0x0020df7c       0x26 obj_zoul/coap-uip.o
                0x0020df7c                coap_endpoint_cmp
 .text.coap_endpoint_is_connected
                0x0020dfa2        0xe obj_zoul/coap-uip.o
                0x0020dfa2                coap_endpoint_is_connected
 .text.autostart_start
                0x0020dfb0       0x14 obj_zoul/autostart.o
                0x0020dfb0                autostart_start
 .text.energest_init
                0x0020dfc4        0x2 obj_zoul/energest.o
                0x0020dfc4                energest_init
 .text.etimer_set
                0x0020dfc6       0x12 obj_zoul/etimer.o
                0x0020dfc6                etimer_set
 .text.etimer_reset
                0x0020dfd8       0x12 obj_zoul/etimer.o
                0x0020dfd8                etimer_reset
 .text.etimer_expired
                0x0020dfea        0xa obj_zoul/etimer.o
                0x0020dfea                etimer_expired
 .text.call_process
                0x0020dff4        0xc obj_zoul/process.o
 .text.rtimer_init
                0x0020e000        0x4 obj_zoul/rtimer.o
                0x0020e000                rtimer_init
 .text.stimer_set
                0x0020e004        0xe obj_zoul/stimer.o
                0x0020e004                stimer_set
 .text.timer_set
                0x0020e012        0xe obj_zoul/timer.o
                0x0020e012                timer_set
 .text.timer_reset
                0x0020e020        0xa obj_zoul/timer.o
                0x0020e020                timer_reset
 .text.timer_expired
                0x0020e02a       0x1c obj_zoul/timer.o
                0x0020e02a                timer_expired
 .text.button_hal_get_state
                0x0020e046       0x2a obj_zoul/button-hal.o
                0x0020e046                button_hal_get_state
 .text.list_init
                0x0020e070        0x6 obj_zoul/list.o
                0x0020e070                list_init
 .text.list_head
                0x0020e076        0x4 obj_zoul/list.o
                0x0020e076                list_head
 .text.list_tail
                0x0020e07a       0x10 obj_zoul/list.o
                0x0020e07a                list_tail
 .text.list_remove
                0x0020e08a       0x28 obj_zoul/list.o
                0x0020e08a                list_remove
 .text.list_add
                0x0020e0b2       0x1e obj_zoul/list.o
                0x0020e0b2                list_add
 .text.list_push
                0x0020e0d0       0x12 obj_zoul/list.o
                0x0020e0d0                list_push
 .text.list_length
                0x0020e0e2        0xe obj_zoul/list.o
                0x0020e0e2                list_length
 .text.list_insert
                0x0020e0f0       0x1e obj_zoul/list.o
                0x0020e0f0                list_insert
 .text.list_item_next
                0x0020e10e        0x6 obj_zoul/list.o
                0x0020e10e                list_item_next
 .text.memb_init
                0x0020e114       0x20 obj_zoul/memb.o
                0x0020e114                memb_init
 .text.memb_alloc
                0x0020e134       0x28 obj_zoul/memb.o
                0x0020e134                memb_alloc
 .text.memb_free
                0x0020e15c       0x2c obj_zoul/memb.o
                0x0020e15c                memb_free
 .text.memb_inmemb
                0x0020e188       0x1c obj_zoul/memb.o
                0x0020e188                memb_inmemb
 .text.memb_numfree
                0x0020e1a4       0x1c obj_zoul/memb.o
                0x0020e1a4                memb_numfree
 .text.ringbuf_init
                0x0020e1c0        0xe obj_zoul/ringbuf.o
                0x0020e1c0                ringbuf_init
 .text.ringbuf_put
                0x0020e1ce       0x28 obj_zoul/ringbuf.o
                0x0020e1ce                ringbuf_put
 .text.ringbuf_get
                0x0020e1f6       0x20 obj_zoul/ringbuf.o
                0x0020e1f6                ringbuf_get
 .text.linkaddr_copy
                0x0020e216        0x6 obj_zoul/linkaddr.o
                0x0020e216                linkaddr_copy
 .text.linkaddr_cmp
                0x0020e21c       0x10 obj_zoul/linkaddr.o
                0x0020e21c                linkaddr_cmp
 .text.link_stats_is_fresh
                0x0020e22c       0x24 obj_zoul/link-stats.o
                0x0020e22c                link_stats_is_fresh
 .text.guess_etx_from_rssi
                0x0020e250       0x40 obj_zoul/link-stats.o
                0x0020e250                guess_etx_from_rssi
 .text.nbr_set_bit
                0x0020e290       0x38 obj_zoul/nbr-table.o
 .text.item_from_key
                0x0020e2c8       0x22 obj_zoul/nbr-table.o
 .text.nbr_table_next
                0x0020e2ea       0x2e obj_zoul/nbr-table.o
                0x0020e2ea                nbr_table_next
 .text.nbr_table_get_from_lladdr
                0x0020e318       0x32 obj_zoul/nbr-table.o
                0x0020e318                nbr_table_get_from_lladdr
 .text.nbr_table_get_lladdr
                0x0020e34a        0xc obj_zoul/nbr-table.o
                0x0020e34a                nbr_table_get_lladdr
 .text.queuebuf_update_attr_from_packetbuf
                0x0020e356        0xc obj_zoul/queuebuf.o
                0x0020e356                queuebuf_update_attr_from_packetbuf
 .text.queuebuf_attr
                0x0020e362        0xc obj_zoul/queuebuf.o
                0x0020e362                queuebuf_attr
 .text.mac_call_sent_callback
                0x0020e36e       0x16 obj_zoul/mac.o
                0x0020e36e                mac_call_sent_callback
 .text.frame802154_has_panid
                0x0020e384       0xb0 obj_zoul/frame802154.o
                0x0020e384                frame802154_has_panid
 .text.field_len
                0x0020e434       0x84 obj_zoul/frame802154.o
 .text.frame802154_is_broadcast_addr
                0x0020e4b8       0x1e obj_zoul/frame802154.o
                0x0020e4b8                frame802154_is_broadcast_addr
 .text.frame802154_hdrlen
                0x0020e4d6       0x32 obj_zoul/frame802154.o
                0x0020e4d6                frame802154_hdrlen
 .text.frame802154_create_fcf
                0x0020e508       0x62 obj_zoul/frame802154.o
                0x0020e508                frame802154_create_fcf
 .text.frame802154_create
                0x0020e56a       0x92 obj_zoul/frame802154.o
                0x0020e56a                frame802154_create
 .text.frame802154_parse_fcf
                0x0020e5fc       0x64 obj_zoul/frame802154.o
                0x0020e5fc                frame802154_parse_fcf
 .text.parse    0x0020e660       0x8a obj_zoul/framer-802154.o
 .text.framer_802154_setup_params
                0x0020e6ea       0x84 obj_zoul/framer-802154.o
                0x0020e6ea                framer_802154_setup_params
 .text.create   0x0020e76e        0x6 obj_zoul/framer-802154.o
 .text.hdr_length
                0x0020e774        0x6 obj_zoul/framer-802154.o
 .text.write_str
                0x0020e77a       0x10 obj_zoul/printf.o
 .text.putchar  0x0020e78a        0xc obj_zoul/putchar.o
                0x0020e78a                putchar
 .text.buffer_str
                0x0020e796       0x28 obj_zoul/snprintf.o
 .text.snprintf
                0x0020e7be       0x1a obj_zoul/snprintf.o
                0x0020e7be                snprintf
 .text.send_packet
                0x0020e7d8        0x4 obj_zoul/csma.o
 .text.init     0x0020e7dc        0xe obj_zoul/csma.o
 .text.chksum   0x0020e7ea       0x38 obj_zoul/uip6.o
 .text.uip_icmp6chksum
                0x0020e822        0x6 obj_zoul/uip6.o
                0x0020e822                uip_icmp6chksum
 .text.uip_udpchksum
                0x0020e828        0x6 obj_zoul/uip6.o
                0x0020e828                uip_udpchksum
 .text.uip_htonl
                0x0020e82e       0x14 obj_zoul/uip6.o
                0x0020e82e                uip_htonl
 .text.uip_ds6_list_loop
                0x0020e842       0x54 obj_zoul/uip-ds6.o
                0x0020e842                uip_ds6_list_loop
 .text.uip_ds6_maddr_rm
                0x0020e896        0x8 obj_zoul/uip-ds6.o
                0x0020e896                uip_ds6_maddr_rm
 .text.uip_ds6_set_addr_iid
                0x0020e89e       0x16 obj_zoul/uip-ds6.o
                0x0020e89e                uip_ds6_set_addr_iid
 .text.uip_ds6_set_lladdr_from_iid
                0x0020e8b4       0x16 obj_zoul/uip-ds6.o
                0x0020e8b4                uip_ds6_set_lladdr_from_iid
 .text.get_match_length
                0x0020e8ca       0x3a obj_zoul/uip-ds6.o
                0x0020e8ca                get_match_length
 .text.uip_ds6_nbr_update_ll
                0x0020e904       0x5e obj_zoul/uip-ds6-nbr.o
                0x0020e904                uip_ds6_nbr_update_ll
 .text.uip_ds6_nbr_ipaddr_from_lladdr
                0x0020e962        0x4 obj_zoul/uip-ds6-nbr.o
                0x0020e962                uip_ds6_nbr_ipaddr_from_lladdr
 .text.uip_ds6_nbr_lladdr_from_ipaddr
                0x0020e966       0x12 obj_zoul/uip-ds6-nbr.o
                0x0020e966                uip_ds6_nbr_lladdr_from_ipaddr
 .text.uip_ds6_link_callback
                0x0020e978        0x2 obj_zoul/uip-ds6-nbr.o
                0x0020e978                uip_ds6_link_callback
 .text.uip_ds6_route_nexthop
                0x0020e97a        0x4 obj_zoul/uip-ds6-route.o
                0x0020e97a                uip_ds6_route_nexthop
 .text.uip_ds6_route_lookup
                0x0020e97e        0x4 obj_zoul/uip-ds6-route.o
                0x0020e97e                uip_ds6_route_lookup
 .text.uip_ds6_route_rm
                0x0020e982        0x2 obj_zoul/uip-ds6-route.o
                0x0020e982                uip_ds6_route_rm
 .text.uip_sr_expire_parent
                0x0020e984       0x28 obj_zoul/uip-sr.o
                0x0020e984                uip_sr_expire_parent
 .text.uip_udp_packet_sendto
                0x0020e9ac       0x50 obj_zoul/uip-udp-packet.o
                0x0020e9ac                uip_udp_packet_sendto
 .text.neighbor_state_changed
                0x0020e9fc        0x2 obj_zoul/rpl.o
 .text.drop_route
                0x0020e9fe        0x2 obj_zoul/rpl.o
 .text.rpl_lollipop_greater_than
                0x0020ea00       0x34 obj_zoul/rpl.o
                0x0020ea00                rpl_lollipop_greater_than
 .text.rpl_process_hbh
                0x0020ea34       0x1c obj_zoul/rpl-dag.o
                0x0020ea34                rpl_process_hbh
 .text.get32    0x0020ea50       0x18 obj_zoul/rpl-icmp6.o
 .text.set32    0x0020ea68       0x12 obj_zoul/rpl-icmp6.o
 .text.get16    0x0020ea7a        0xc obj_zoul/rpl-icmp6.o
 .text.set16    0x0020ea86        0xa obj_zoul/rpl-icmp6.o
 .text.rpl_icmp6_update_nbr_table
                0x0020ea90       0x2e obj_zoul/rpl-icmp6.o
                0x0020ea90                rpl_icmp6_update_nbr_table
 .text.reset    0x0020eabe        0x2 obj_zoul/rpl-mrhof.o
 .text.nbr_link_metric
                0x0020eac0       0x12 obj_zoul/rpl-mrhof.o
 .text.nbr_has_usable_link
                0x0020ead2       0x12 obj_zoul/rpl-mrhof.o
 .text.nbr_path_cost
                0x0020eae4       0x48 obj_zoul/rpl-mrhof.o
 .text.nbr_is_acceptable_parent
                0x0020eb2c       0x1e obj_zoul/rpl-mrhof.o
 .text.rpl_neighbor_get_ipaddr
                0x0020eb4a        0xe obj_zoul/rpl-neighbor.o
                0x0020eb4a                rpl_neighbor_get_ipaddr
 .text.rpl_neighbor_get_link_stats
                0x0020eb58        0xe obj_zoul/rpl-neighbor.o
                0x0020eb58                rpl_neighbor_get_link_stats
 .text.rpl_neighbor_is_fresh
                0x0020eb66        0xe obj_zoul/rpl-neighbor.o
                0x0020eb66                rpl_neighbor_is_fresh
 .text.handle_state_update
                0x0020eb74        0x4 obj_zoul/rpl-timers.o
 *(SORT(.rodata*))
 .rodata.dht22  0x0020eb78       0x10 obj_zoul/dht22.o
                0x0020eb78                dht22
 .rodata.adc_sensors
                0x0020eb88       0x10 obj_zoul/adc-sensors.o
                0x0020eb88                adc_sensors
 .rodata.adc_zoul
                0x0020eb98       0x10 obj_zoul/adc-zoul.o
                0x0020eb98                adc_zoul
 .rodata.uart_regs
                0x0020eba8       0x58 obj_zoul/uart.o
 .rodata.output_power
                0x0020ec00       0x70 obj_zoul/cc2538-rf.o
 .rodata.cc2538_rf_driver
                0x0020ec70       0x38 obj_zoul/cc2538-rf.o
                0x0020ec70                cc2538_rf_driver
 .rodata.cc2538_temp_sensor
                0x0020eca8       0x10 obj_zoul/cc2538-temp-sensor.o
                0x0020eca8                cc2538_temp_sensor
 .rodata.vdd3_sensor
                0x0020ecb8       0x10 obj_zoul/vdd3-sensor.o
                0x0020ecb8                vdd3_sensor
 .rodata.coap_timer_default_driver
                0x0020ecc8        0xc obj_zoul/coap-timer-default.o
                0x0020ecc8                coap_timer_default_driver
 .rodata.framer_802154
                0x0020ecd4        0xc obj_zoul/framer-802154.o
                0x0020ecd4                framer_802154
 .rodata.csma_driver
                0x0020ece0       0x18 obj_zoul/csma.o
                0x0020ece0                csma_driver
 .rodata.sicslowpan_driver
                0x0020ecf8       0x10 obj_zoul/sicslowpan.o
                0x0020ecf8                sicslowpan_driver
 .rodata.rpl_lite_driver
                0x0020ed08       0x50 obj_zoul/rpl.o
                0x0020ed08                rpl_lite_driver
 .rodata.autostart_processes
                0x0020ed58        0x8 coap-example-server.o
                0x0020ed58                autostart_processes
 .rodata._ctype_
                0x0020ed60      0x101 /usr/bin/../lib/gcc/arm-none-eabi/4.9.3/../../../../arm-none-eabi/lib/armv7-m/libc.a(lib_a-ctype_.o)
                0x0020ed60                _ctype_
 *fill*         0x0020ee61        0x3 00000000
 .rodata.str1.4
                0x0020ee64        0x4 /usr/bin/../lib/gcc/arm-none-eabi/4.9.3/../../../../arm-none-eabi/lib/armv7-m/libc.a(lib_a-impure.o)
                                  0x2 (size before relaxing)
 .rodata.linkaddr_null
                0x0020ee68        0x8 obj_zoul/linkaddr.o
                0x0020ee68                linkaddr_null
 .rodata.str1.1
                0x0020ee70      0x117 obj_zoul/dht22.o
 .rodata.str1.1
                0x0020ef87       0x10 obj_zoul/adc-sensors.o
 .rodata.str1.1
                0x0020ef97       0x3e obj_zoul/platform.o
                                 0x42 (size before relaxing)
 .rodata.leds_arch_leds
                0x0020efd5        0x6 obj_zoul/leds-arch.o
                0x0020efd5                leds_arch_leds
 .rodata.str1.1
                0x0020efdb       0x15 obj_zoul/adc-zoul.o
 .rodata.str1.1
                0x0020eff0        0xc obj_zoul/board-buttons.o
 .rodata.str1.1
                0x0020effc       0x11 obj_zoul/cc2538-rf.o
 .rodata.str1.1
                0x0020f00d       0x14 obj_zoul/cc2538-temp-sensor.o
 .rodata.str1.1
                0x0020f021        0x5 obj_zoul/vdd3-sensor.o
 .rodata.str1.1
                0x0020f026       0x3e obj_zoul/res-b1-sep-b2.o
                                 0x40 (size before relaxing)
 .rodata.str1.1
                0x0020f064       0x27 obj_zoul/res-chunks.o
                                 0x37 (size before relaxing)
 .rodata.str1.1
                0x0020f08b       0x45 obj_zoul/res-dht22.o
 .rodata.str1.1
                0x0020f0d0       0x30 obj_zoul/res-event.o
                                 0x49 (size before relaxing)
 .rodata.str1.1
                0x0020f100       0x6d obj_zoul/res-hello.o
 .rodata.str1.1
                0x0020f16d       0x2f obj_zoul/res-light-sensor.o
 .rodata        0x0020f19c        0x3 obj_zoul/res-mirror.o
 .rodata.str1.1
                0x0020f19f       0xdf obj_zoul/res-mirror.o
                                 0xfe (size before relaxing)
 .rodata.str1.1
                0x0020f27e       0x2e obj_zoul/res-push.o
 .rodata.str1.1
                0x0020f2ac       0x21 obj_zoul/res-separate.o
 .rodata.str1.1
                0x0020f2cd       0x40 obj_zoul/res-sub.o
 .rodata.str1.1
                0x0020f30d       0x19 obj_zoul/coap-block1.o
 .rodata.str1.1
                0x0020f326       0xae obj_zoul/coap.o
                                 0xaf (size before relaxing)
 .rodata.str1.1
                0x0020f3d4       0x31 obj_zoul/coap-engine.o
                                 0x41 (size before relaxing)
 .rodata.str1.1
                0x0020f405       0x11 obj_zoul/coap-observe.o
 .rodata.str1.1
                0x0020f416        0x6 obj_zoul/coap-res-well-known-core.o
                                 0x19 (size before relaxing)
 .rodata.str1.1
                0x0020f41c        0xd obj_zoul/coap-separate.o
 .rodata.str1.1
                0x0020f429       0x13 obj_zoul/coap-timer-default.o
 .rodata.str1.1
                0x0020f43c       0x35 obj_zoul/coap-uip.o
 .rodata.str1.1
                0x0020f471       0xc1 obj_zoul/contiki-main.o
                                 0xd7 (size before relaxing)
 .rodata.str1.1
                0x0020f532        0xf obj_zoul/ctimer.o
 .rodata.str1.1
                0x0020f541        0xc obj_zoul/etimer.o
 .rodata.str1.1
                0x0020f54d       0xd0 obj_zoul/log.o
                                 0xd7 (size before relaxing)
 .rodata.str1.1
                0x0020f61d       0x2f obj_zoul/stack-check.o
                                 0x3e (size before relaxing)
 .rodata.str1.1
                0x0020f64c       0x13 obj_zoul/button-hal.o
 .rodata.str1.1
                0x0020f65f        0xe obj_zoul/serial-line.o
 .rodata.str1.1
                0x0020f66d        0x8 obj_zoul/sensors.o
 .rodata.buffer.5430
                0x0020f675       0x10 obj_zoul/strformat.o
 .rodata.buffer.5439
                0x0020f685       0x10 obj_zoul/strformat.o
 .rodata.str1.1
                0x0020f695       0x30 obj_zoul/strformat.o
                                 0x37 (size before relaxing)
 .rodata.str1.1
                0x0020f6c5        0x5 obj_zoul/csma.o
 .rodata        0x0020f6ca        0x2 obj_zoul/sicslowpan.o
 .rodata.unc_llconf
                0x0020f6cc        0x4 obj_zoul/sicslowpan.o
                0x0020f6cc                unc_llconf
 .rodata.llprefix
                0x0020f6d0        0x2 obj_zoul/sicslowpan.o
                0x0020f6d0                llprefix
 .rodata.unc_mxconf
                0x0020f6d2        0x4 obj_zoul/sicslowpan.o
                0x0020f6d2                unc_mxconf
 .rodata.str1.1
                0x0020f6d6        0xb obj_zoul/sicslowpan.o
 .rodata.ttl_values
                0x0020f6e1        0x4 obj_zoul/sicslowpan.o
 .rodata.unc_ctxconf
                0x0020f6e5        0x4 obj_zoul/sicslowpan.o
                0x0020f6e5                unc_ctxconf
 .rodata.str1.1
                0x0020f6e9        0xd obj_zoul/tcpip.o
 .rodata.str1.1
                0x0020f6f6        0x9 obj_zoul/rpl.o
 .rodata.str1.1
                0x0020f6ff       0xd7 obj_zoul/rpl-dag.o
 .rodata.str1.1
                0x0020f7d6        0xc obj_zoul/rpl-timers.o
 .rodata.str1.1
                0x0020f7e2       0xd0 coap-example-server.o
                                 0xec (size before relaxing)
                0x0020f8b2                _etext = .

.glue_7         0x0020f8b4        0x0
 .glue_7        0x00000000        0x0 linker stubs

.glue_7t        0x0020f8b4        0x0
 .glue_7t       0x00000000        0x0 linker stubs

.vfp11_veneer   0x0020f8b4        0x0
 .vfp11_veneer  0x00000000        0x0 linker stubs

.v4_bx          0x0020f8b4        0x0
 .v4_bx         0x00000000        0x0 linker stubs

.iplt           0x0020f8b4        0x0
 .iplt          0x00000000        0x0 obj_zoul/startup-gcc.o

.socdata        0x20004000       0x40
 *(SORT(.udma_channel_control_table))
 .udma_channel_control_table
                0x20004000       0x40 obj_zoul/udma.o

.data           0x20004040      0x839 load address 0x0020f8b4
                0x20004040                _data = .
 *(SORT(.data*))
 .data.periodic_res_push
                0x20004040       0x28 obj_zoul/res-push.o
 .data.impure_data
                0x20004068      0x428 /usr/bin/../lib/gcc/arm-none-eabi/4.9.3/../../../../arm-none-eabi/lib/armv7-m/libc.a(lib_a-impure.o)
 .data.button_user
                0x20004490       0x4c obj_zoul/board-buttons.o
 .data.button_hal_buttons
                0x200044dc        0x8 obj_zoul/board-buttons.o
                0x200044dc                button_hal_buttons
 .data.sensors  0x200044e4        0xc obj_zoul/zoul-sensors.o
                0x200044e4                sensors
 .data.cc2538_rf_process
                0x200044f0       0x10 obj_zoul/cc2538-rf.o
                0x200044f0                cc2538_rf_process
 .data.res_b1_sep_b2
                0x20004500       0x24 obj_zoul/res-b1-sep-b2.o
                0x20004500                res_b1_sep_b2
 .data.res_chunks
                0x20004524       0x24 obj_zoul/res-chunks.o
                0x20004524                res_chunks
 .data.res_dht22
                0x20004548       0x24 obj_zoul/res-dht22.o
                0x20004548                res_dht22
 .data.res_event
                0x2000456c       0x24 obj_zoul/res-event.o
                0x2000456c                res_event
 .data.res_hello
                0x20004590       0x24 obj_zoul/res-hello.o
                0x20004590                res_hello
 .data.res_light_sensor
                0x200045b4       0x24 obj_zoul/res-light-sensor.o
                0x200045b4                res_light_sensor
 .data.res_mirror
                0x200045d8       0x24 obj_zoul/res-mirror.o
                0x200045d8                res_mirror
 .data.res_push
                0x200045fc       0x24 obj_zoul/res-push.o
                0x200045fc                res_push
 .data.res_separate
                0x20004620       0x24 obj_zoul/res-separate.o
                0x20004620                res_separate
 .data.res_sub  0x20004644       0x24 obj_zoul/res-sub.o
                0x20004644                res_sub
 .data.coap_error_message
                0x20004668        0x4 obj_zoul/coap.o
                0x20004668                coap_error_message
 .data.observers_memb
                0x2000466c        0xc obj_zoul/coap-observe.o
 .data.res_well_known_core
                0x20004678       0x24 obj_zoul/coap-res-well-known-core.o
                0x20004678                res_well_known_core
 .data.coap_timer_process
                0x2000469c       0x10 obj_zoul/coap-timer-default.o
                0x2000469c                coap_timer_process
 .data.transactions_memb
                0x200046ac        0xc obj_zoul/coap-transactions.o
 .data.coap_engine
                0x200046b8       0x10 obj_zoul/coap-uip.o
                0x200046b8                coap_engine
 .data.ctimer_process
                0x200046c8       0x10 obj_zoul/ctimer.o
                0x200046c8                ctimer_process
 .data.etimer_process
                0x200046d8       0x10 obj_zoul/etimer.o
                0x200046d8                etimer_process
 .data.curr_log_level_main
                0x200046e8        0x4 obj_zoul/log.o
                0x200046e8                curr_log_level_main
 .data.stack_check_process
                0x200046ec       0x10 obj_zoul/stack-check.o
                0x200046ec                stack_check_process
 .data.button_hal_process
                0x200046fc       0x10 obj_zoul/button-hal.o
                0x200046fc                button_hal_process
 .data.serial_line_process
                0x2000470c       0x10 obj_zoul/serial-line.o
                0x2000470c                serial_line_process
 .data.sensors_process
                0x2000471c       0x10 obj_zoul/sensors.o
                0x2000471c                sensors_process
 .data.link_stats_struct
                0x2000472c       0x10 obj_zoul/link-stats.o
 .data.neighbor_addr_mem
                0x2000473c        0xc obj_zoul/nbr-table.o
 .data.bufmem   0x20004748        0xc obj_zoul/queuebuf.o
 .data.buframmem
                0x20004754        0xc obj_zoul/queuebuf.o
 .data.ctxt     0x20004760        0x8 obj_zoul/printf.o
 .data.metadata_memb
                0x20004768        0xc obj_zoul/csma-output.o
 .data.packet_memb
                0x20004774        0xc obj_zoul/csma-output.o
 .data.neighbor_memb
                0x20004780        0xc obj_zoul/csma-output.o
 .data.tcpip_process
                0x2000478c       0x10 obj_zoul/tcpip.o
                0x2000478c                tcpip_process
 .data.ds6_neighbors
                0x2000479c        0x4 obj_zoul/uip-ds6-nbr.o
                0x2000479c                ds6_neighbors
 .data.ds6_neighbors_struct
                0x200047a0       0x10 obj_zoul/uip-ds6-nbr.o
 .data.defaultroutermemb
                0x200047b0        0xc obj_zoul/uip-ds6-route.o
 .data.echo_request_handler
                0x200047bc        0xc obj_zoul/uip-icmp6.o
 .data.echo_reply_handler
                0x200047c8        0xc obj_zoul/uip-icmp6.o
 .data.ns_input_handler
                0x200047d4        0xc obj_zoul/uip-nd6.o
 .data.nodememb
                0x200047e0        0xc obj_zoul/uip-sr.o
 .data.dao_ack_handler
                0x200047ec        0xc obj_zoul/rpl-icmp6.o
 .data.dis_handler
                0x200047f8        0xc obj_zoul/rpl-icmp6.o
 .data.dao_handler
                0x20004804        0xc obj_zoul/rpl-icmp6.o
 .data.dio_handler
                0x20004810        0xc obj_zoul/rpl-icmp6.o
 .data.rpl_mrhof
                0x2000481c       0x24 obj_zoul/rpl-mrhof.o
                0x2000481c                rpl_mrhof
 .data.rpl_neighbors
                0x20004840        0x4 obj_zoul/rpl-neighbor.o
                0x20004840                rpl_neighbors
 .data.rpl_neighbors_struct
                0x20004844       0x10 obj_zoul/rpl-neighbor.o
 .data.er_example_server
                0x20004854       0x10 coap-example-server.o
                0x20004854                er_example_server
 .data.__ctype_ptr__
                0x20004864        0x4 /usr/bin/../lib/gcc/arm-none-eabi/4.9.3/../../../../arm-none-eabi/lib/armv7-m/libc.a(lib_a-ctype_.o)
                0x20004864                __ctype_ptr__
 .data._impure_ptr
                0x20004868        0x4 /usr/bin/../lib/gcc/arm-none-eabi/4.9.3/../../../../arm-none-eabi/lib/armv7-m/libc.a(lib_a-impure.o)
                0x20004868                _impure_ptr
 .data.mac_pan_id
                0x2000486c        0x2 obj_zoul/frame802154.o
 .data.send_on_cca
                0x2000486e        0x1 obj_zoul/cc2538-rf.o
 .data.rf_channel
                0x2000486f        0x1 obj_zoul/cc2538-rf.o
 .data.location.6580
                0x20004870        0x9 obj_zoul/res-mirror.o
                0x20004879                _edata = .
                0x0020f8b4                _ldata = LOADADDR (.data)
