Archive member included because of file (symbol)

/usr/bin/../lib/gcc/arm-none-eabi/4.9.3/armv7-m/libgcc.a(_ashldi3.o)
                              obj_zoul/mmc.o (__aeabi_llsl)
/usr/bin/../lib/gcc/arm-none-eabi/4.9.3/armv7-m/libgcc.a(_aeabi_uldivmod.o)
                              obj_zoul/spi-legacy.o (__aeabi_uldivmod)
/usr/bin/../lib/gcc/arm-none-eabi/4.9.3/armv7-m/libgcc.a(bpabi.o)
                              /usr/bin/../lib/gcc/arm-none-eabi/4.9.3/armv7-m/libgcc.a(_aeabi_uldivmod.o) (__gnu_uldivmod_helper)
/usr/bin/../lib/gcc/arm-none-eabi/4.9.3/armv7-m/libgcc.a(_dvmd_tls.o)
                              /usr/bin/../lib/gcc/arm-none-eabi/4.9.3/armv7-m/libgcc.a(_aeabi_uldivmod.o) (__aeabi_ldiv0)
/usr/bin/../lib/gcc/arm-none-eabi/4.9.3/armv7-m/libgcc.a(_divdi3.o)
                              /usr/bin/../lib/gcc/arm-none-eabi/4.9.3/armv7-m/libgcc.a(bpabi.o) (__divdi3)
/usr/bin/../lib/gcc/arm-none-eabi/4.9.3/armv7-m/libgcc.a(_udivdi3.o)
                              /usr/bin/../lib/gcc/arm-none-eabi/4.9.3/armv7-m/libgcc.a(bpabi.o) (__udivdi3)
/usr/bin/../lib/gcc/arm-none-eabi/4.9.3/../../../../arm-none-eabi/lib/armv7-m/libc.a(lib_a-ctype_.o)
                              obj_zoul/resolv.o (__ctype_ptr__)
/usr/bin/../lib/gcc/arm-none-eabi/4.9.3/../../../../arm-none-eabi/lib/armv7-m/libc.a(lib_a-malloc.o)
                              obj_zoul/syscall.o (malloc)
/usr/bin/../lib/gcc/arm-none-eabi/4.9.3/../../../../arm-none-eabi/lib/armv7-m/libc.a(lib_a-mallocr.o)
                              /usr/bin/../lib/gcc/arm-none-eabi/4.9.3/../../../../arm-none-eabi/lib/armv7-m/libc.a(lib_a-malloc.o) (_malloc_r)
/usr/bin/../lib/gcc/arm-none-eabi/4.9.3/../../../../arm-none-eabi/lib/armv7-m/libc.a(lib_a-memcmp.o)
                              obj_zoul/linkaddr.o (memcmp)
/usr/bin/../lib/gcc/arm-none-eabi/4.9.3/../../../../arm-none-eabi/lib/armv7-m/libc.a(lib_a-memcpy.o)
                              obj_zoul/ecc-algorithm.o (memcpy)
/usr/bin/../lib/gcc/arm-none-eabi/4.9.3/../../../../arm-none-eabi/lib/armv7-m/libc.a(lib_a-memmove.o)
                              obj_zoul/sicslowpan.o (memmove)
/usr/bin/../lib/gcc/arm-none-eabi/4.9.3/../../../../arm-none-eabi/lib/armv7-m/libc.a(lib_a-memset.o)
                              obj_zoul/udma.o (memset)
/usr/bin/../lib/gcc/arm-none-eabi/4.9.3/../../../../arm-none-eabi/lib/armv7-m/libc.a(lib_a-mlock.o)
                              /usr/bin/../lib/gcc/arm-none-eabi/4.9.3/../../../../arm-none-eabi/lib/armv7-m/libc.a(lib_a-mallocr.o) (__malloc_lock)
/usr/bin/../lib/gcc/arm-none-eabi/4.9.3/../../../../arm-none-eabi/lib/armv7-m/libc.a(lib_a-reent.o)
                              obj_zoul/syscalls.o (errno)
/usr/bin/../lib/gcc/arm-none-eabi/4.9.3/../../../../arm-none-eabi/lib/armv7-m/libc.a(lib_a-sbrkr.o)
                              /usr/bin/../lib/gcc/arm-none-eabi/4.9.3/../../../../arm-none-eabi/lib/armv7-m/libc.a(lib_a-mallocr.o) (_sbrk_r)
/usr/bin/../lib/gcc/arm-none-eabi/4.9.3/../../../../arm-none-eabi/lib/armv7-m/libc.a(lib_a-strcasecmp.o)
                              obj_zoul/resolv.o (strcasecmp)
/usr/bin/../lib/gcc/arm-none-eabi/4.9.3/../../../../arm-none-eabi/lib/armv7-m/libc.a(lib_a-strcmp.o)
                              obj_zoul/cfs-coffee.o (strcmp)
/usr/bin/../lib/gcc/arm-none-eabi/4.9.3/../../../../arm-none-eabi/lib/armv7-m/libc.a(lib_a-strlen.o)
                              obj_zoul/httpd-simple.o (strlen)
/usr/bin/../lib/gcc/arm-none-eabi/4.9.3/../../../../arm-none-eabi/lib/armv7-m/libc.a(lib_a-strncasecmp.o)
                              obj_zoul/resolv.o (strncasecmp)
/usr/bin/../lib/gcc/arm-none-eabi/4.9.3/../../../../arm-none-eabi/lib/armv7-m/libc.a(lib_a-strncat.o)
                              obj_zoul/resolv.o (strncat)
/usr/bin/../lib/gcc/arm-none-eabi/4.9.3/../../../../arm-none-eabi/lib/armv7-m/libc.a(lib_a-strncmp.o)
                              obj_zoul/httpd-simple.o (strncmp)
/usr/bin/../lib/gcc/arm-none-eabi/4.9.3/../../../../arm-none-eabi/lib/armv7-m/libc.a(lib_a-strncpy.o)
                              obj_zoul/cfs-coffee.o (strncpy)
/usr/bin/../lib/gcc/arm-none-eabi/4.9.3/../../../../arm-none-eabi/lib/armv7-m/libc.a(lib_a-freer.o)
                              /usr/bin/../lib/gcc/arm-none-eabi/4.9.3/../../../../arm-none-eabi/lib/armv7-m/libc.a(lib_a-malloc.o) (_free_r)
/usr/bin/../lib/gcc/arm-none-eabi/4.9.3/../../../../arm-none-eabi/lib/armv7-m/libc.a(lib_a-impure.o)
                              /usr/bin/../lib/gcc/arm-none-eabi/4.9.3/../../../../arm-none-eabi/lib/armv7-m/libc.a(lib_a-malloc.o) (_impure_ptr)

Allocating common symbols
Common symbol       size              file

compower_idle_activity
                    0x10              obj_zoul/compower.o
uip_ds6_timer_ra    0x8               obj_zoul/uip-ds6.o
rtcc_int1_callback  0x4               obj_zoul/rtcc.o
usb_setup_buffer    0x8               obj_zoul/usb-core.o
uip_ds6_if          0xf8              obj_zoul/uip-ds6.o
resolv_event_found  0x1               obj_zoul/resolv.o
[...]
Memory Configuration

Name             Origin             Length             Attributes
FLASH_FW         0x00202000         0x0007dfd4         xr
FLASH_CCA        0x0027ffd4         0x0000002c         xr
NRSRAM           0x20000000         0x00004000         xrw
FRSRAM           0x20004000         0x00004000         xrw
*default*        0x00000000         0xffffffff

Linker script and memory map

LOAD obj_zoul/startup-gcc.o
LOAD obj_zoul/platform.o
LOAD obj_zoul/leds-arch.o
LOAD obj_zoul/leds.o
LOAD obj_zoul/cc1200-zoul-arch.o
LOAD obj_zoul/adc-zoul.o
LOAD obj_zoul/board-buttons.o
LOAD obj_zoul/zoul-sensors.o
LOAD obj_zoul/board.o
LOAD obj_zoul/antenna-sw.o
LOAD obj_zoul/mmc-arch.o
LOAD obj_zoul/rtcc.o
LOAD obj_zoul/power-mgmt.o
LOAD obj_zoul/soc.o
LOAD obj_zoul/clock.o
LOAD obj_zoul/rtimer-arch.o
LOAD obj_zoul/uart.o
LOAD obj_zoul/watchdog.o
LOAD obj_zoul/nvic.o
LOAD obj_zoul/sys-ctrl.o
LOAD obj_zoul/gpio.o
LOAD obj_zoul/ioc.o
LOAD obj_zoul/spi-legacy.o
LOAD obj_zoul/adc.o
LOAD obj_zoul/spi-arch.o
LOAD obj_zoul/crypto.o
LOAD obj_zoul/aes.o
LOAD obj_zoul/ecb.o
LOAD obj_zoul/cbc.o
LOAD obj_zoul/ctr.o
LOAD obj_zoul/cbc-mac.o
LOAD obj_zoul/gcm.o
LOAD obj_zoul/ccm.o
LOAD obj_zoul/sha256.o
LOAD obj_zoul/gpio-hal-arch.o
LOAD obj_zoul/cc2538-aes-128.o
LOAD obj_zoul/cc2538-ccm-star.o
LOAD obj_zoul/cc2538-rf.o
LOAD obj_zoul/udma.o
LOAD obj_zoul/lpm.o
LOAD obj_zoul/int-master.o
LOAD obj_zoul/pka.o
LOAD obj_zoul/bignum-driver.o
LOAD obj_zoul/ecc-driver.o
LOAD obj_zoul/ecc-algorithm.o
LOAD obj_zoul/ecc-curve.o
LOAD obj_zoul/dbg.o
LOAD obj_zoul/ieee-addr.o
LOAD obj_zoul/slip-arch.o
LOAD obj_zoul/slip.o
LOAD obj_zoul/i2c.o
LOAD obj_zoul/cc2538-temp-sensor.o
LOAD obj_zoul/vdd3-sensor.o
LOAD obj_zoul/cfs-coffee.o
LOAD obj_zoul/cfs-coffee-arch.o
LOAD obj_zoul/pwm.o
LOAD obj_zoul/usb-core.o
LOAD obj_zoul/cdc-acm.o
LOAD obj_zoul/usb-arch.o
LOAD obj_zoul/usb-serial.o
LOAD obj_zoul/cdc-acm-descriptors.o
LOAD obj_zoul/httpd-simple.o
LOAD obj_zoul/webserver.o
LOAD obj_zoul/rpl-border-router.o
LOAD obj_zoul/contiki-main.o
LOAD obj_zoul/autostart.o
LOAD obj_zoul/compower.o
LOAD obj_zoul/ctimer.o
LOAD obj_zoul/energest.o
LOAD obj_zoul/etimer.o
LOAD obj_zoul/log.o
LOAD obj_zoul/mutex.o
LOAD obj_zoul/process.o
LOAD obj_zoul/rtimer.o
LOAD obj_zoul/stack-check.o
LOAD obj_zoul/stimer.o
LOAD obj_zoul/timer.o
LOAD obj_zoul/button-hal.o
LOAD obj_zoul/gpio-hal.o
LOAD obj_zoul/nullradio.o
LOAD obj_zoul/serial-line.o
LOAD obj_zoul/spi.o
LOAD obj_zoul/aes-128.o
LOAD obj_zoul/assert.o
LOAD obj_zoul/ccm-star.o
LOAD obj_zoul/circular-list.o
LOAD obj_zoul/crc16.o
LOAD obj_zoul/dbl-circ-list.o
LOAD obj_zoul/dbl-list.o
LOAD obj_zoul/heapmem.o
LOAD obj_zoul/ifft.o
LOAD obj_zoul/list.o
LOAD obj_zoul/memb.o
LOAD obj_zoul/random.o
LOAD obj_zoul/ringbuf.o
LOAD obj_zoul/ringbufindex.o
LOAD obj_zoul/sensors.o
LOAD obj_zoul/trickle-timer.o
LOAD obj_zoul/linkaddr.o
LOAD obj_zoul/link-stats.o
LOAD obj_zoul/nbr-table.o
LOAD obj_zoul/net-debug.o
LOAD obj_zoul/netstack.o
LOAD obj_zoul/packetbuf.o
LOAD obj_zoul/queuebuf.o
LOAD obj_zoul/mac.o
LOAD obj_zoul/mac-sequence.o
LOAD obj_zoul/frame802154.o
LOAD obj_zoul/frame802154e-ie.o
LOAD obj_zoul/framer-802154.o
LOAD obj_zoul/nullframer.o
LOAD obj_zoul/ff.o
LOAD obj_zoul/syscall.o
LOAD obj_zoul/unicode.o
LOAD obj_zoul/diskio.o
LOAD obj_zoul/mmc.o
LOAD obj_zoul/printf.o
LOAD obj_zoul/putchar.o
LOAD obj_zoul/puts.o
LOAD obj_zoul/snprintf.o
LOAD obj_zoul/sprintf.o
LOAD obj_zoul/strformat.o
LOAD obj_zoul/syscalls.o
LOAD obj_zoul/cc1200-802154g-863-870-fsk-50kbps.o
LOAD obj_zoul/cc1200-868-fsk-1-2kbps.o
LOAD obj_zoul/cc1200.o
LOAD obj_zoul/rgb-led.o
LOAD obj_zoul/csma.o
LOAD obj_zoul/csma-output.o
LOAD obj_zoul/ip64-addr.o
LOAD obj_zoul/psock.o
LOAD obj_zoul/resolv.o
LOAD obj_zoul/sicslowpan.o
LOAD obj_zoul/simple-udp.o
LOAD obj_zoul/tcpip.o
LOAD obj_zoul/tcp-socket.o
LOAD obj_zoul/udp-socket.o
LOAD obj_zoul/uip6.o
LOAD obj_zoul/uipbuf.o
LOAD obj_zoul/uip-ds6.o
LOAD obj_zoul/uip-ds6-nbr.o
LOAD obj_zoul/uip-ds6-route.o
LOAD obj_zoul/uip-icmp6.o
LOAD obj_zoul/uiplib.o
LOAD obj_zoul/uip-nameserver.o
LOAD obj_zoul/uip-nd6.o
LOAD obj_zoul/uip-packetqueue.o
LOAD obj_zoul/uip-sr.o
LOAD obj_zoul/uip-udp-packet.o
LOAD obj_zoul/rpl.o
LOAD obj_zoul/rpl-dag.o
LOAD obj_zoul/rpl-dag-root.o
LOAD obj_zoul/rpl-ext-header.o
LOAD obj_zoul/rpl-icmp6.o
LOAD obj_zoul/rpl-mrhof.o
LOAD obj_zoul/rpl-nbr-policy.o
LOAD obj_zoul/rpl-neighbor.o
LOAD obj_zoul/rpl-of0.o
LOAD obj_zoul/rpl-timers.o
LOAD obj_zoul/border-router-embedded.o
LOAD obj_zoul/slip-bridge.o
LOAD border-router.o
LOAD /usr/bin/../lib/gcc/arm-none-eabi/4.9.3/../../../../arm-none-eabi/lib/armv7-m/libm.a
START GROUP
LOAD /usr/bin/../lib/gcc/arm-none-eabi/4.9.3/armv7-m/libgcc.a
LOAD /usr/bin/../lib/gcc/arm-none-eabi/4.9.3/../../../../arm-none-eabi/lib/armv7-m/libc.a
END GROUP

.text           0x00202000     0xbf8f
                0x00202000                _text = .
 *(SORT(.vectors))
 .vectors       0x00202000      0x28c obj_zoul/startup-gcc.o
                0x00202000                vectors
 *(SORT(.text*))
 .text.reset_handler
                0x0020228c       0x40 obj_zoul/startup-gcc.o
                0x0020228c                reset_handler
 .text.platform_init_stage_two
                0x002022cc       0x4c obj_zoul/platform.o
                0x002022cc                platform_init_stage_two
 .text.platform_init_stage_three
                0x00202318       0x8c obj_zoul/platform.o
                0x00202318                platform_init_stage_three
 .text.leds_on  0x002023a4       0x5c obj_zoul/leds.o
                0x002023a4                leds_on
 .text.leds_off
                0x00202400       0x48 obj_zoul/leds.o
                0x00202400                leds_off
 .text.leds_init
                0x00202448       0x44 obj_zoul/leds.o
                0x00202448                leds_init
 .text.antenna_sw_config
                0x0020248c       0x30 obj_zoul/antenna-sw.o
                0x0020248c                antenna_sw_config
 .text.soc_get_rev
                0x002024bc       0x18 obj_zoul/soc.o
                0x002024bc                soc_get_rev
 .text.soc_print_info
                0x002024d4       0x10 obj_zoul/soc.o
                0x002024d4                soc_print_info
 .text.update_ticks
                0x002024e4       0x4c obj_zoul/clock.o
 .text.clock_init
                0x00202530       0x4c obj_zoul/clock.o
                0x00202530                clock_init
 .text.clock_time
                0x0020257c       0x14 obj_zoul/clock.o
                0x0020257c                clock_time
 .text.clock_seconds
                0x00202590       0x14 obj_zoul/clock.o
                0x00202590                clock_seconds
 .text.clock_delay_usec
                0x002025a4       0x1c obj_zoul/clock.o
                0x002025a4                clock_delay_usec
 .text.clock_adjust
                0x002025c0       0x20 obj_zoul/clock.o
                0x002025c0                clock_adjust
 .text.rtimer_arch_next_trigger
                0x002025e0        0xc obj_zoul/rtimer-arch.o
                0x002025e0                rtimer_arch_next_trigger
 .text.rtimer_arch_now
                0x002025ec       0x2c obj_zoul/rtimer-arch.o
                0x002025ec                rtimer_arch_now
 .text.rtimer_arch_schedule
                0x00202618       0x58 obj_zoul/rtimer-arch.o
                0x00202618                rtimer_arch_schedule
 .text.rtimer_isr
                0x00202670       0x2c obj_zoul/rtimer-arch.o
                0x00202670                rtimer_isr
 .text.permit_pm1
                0x0020269c       0x24 obj_zoul/uart.o
 .text.uart_isr
                0x002026c0       0x64 obj_zoul/uart.o
 .text.uart_init
                0x00202724      0x1b8 obj_zoul/uart.o
                0x00202724                uart_init
 .text.uart_set_input
                0x002028dc       0x10 obj_zoul/uart.o
                0x002028dc                uart_set_input
 .text.uart_write_byte
                0x002028ec       0x1c obj_zoul/uart.o
                0x002028ec                uart_write_byte
 .text.watchdog_init
                0x00202908        0xc obj_zoul/watchdog.o
                0x00202908                watchdog_init
 .text.watchdog_start
                0x00202914        0xc obj_zoul/watchdog.o
                0x00202914                watchdog_start
 .text.watchdog_periodic
                0x00202920       0x10 obj_zoul/watchdog.o
                0x00202920                watchdog_periodic
 .text.nvic_init
                0x00202930       0x10 obj_zoul/nvic.o
                0x00202930                nvic_init
 .text.sys_ctrl_init
                0x00202940       0x74 obj_zoul/sys-ctrl.o
                0x00202940                sys_ctrl_init
 .text.gpio_port_isr
                0x002029b4       0x48 obj_zoul/gpio.o
 .text.ioc_init
                0x002029fc       0x1c obj_zoul/ioc.o
                0x002029fc                ioc_init
 .text.ioc_set_over
                0x00202a18       0x14 obj_zoul/ioc.o
                0x00202a18                ioc_set_over
 .text.ioc_set_sel
                0x00202a2c       0x14 obj_zoul/ioc.o
                0x00202a2c                ioc_set_sel
 .text.adc_get  0x00202a40       0x78 obj_zoul/adc.o
                0x00202a40                adc_get
 .text.permit_pm1
                0x00202ab8       0x10 obj_zoul/crypto.o
 .text.crypto_isr
                0x00202ac8       0x28 obj_zoul/crypto.o
                0x00202ac8                crypto_isr
 .text.crypto_enable
                0x00202af0       0x20 obj_zoul/crypto.o
                0x00202af0                crypto_enable
 .text.crypto_init
                0x00202b10       0x3c obj_zoul/crypto.o
                0x00202b10                crypto_init
 .text.crypto_disable
                0x00202b4c       0x20 obj_zoul/crypto.o
                0x00202b4c                crypto_disable
 .text.gpio_hal_arch_pin_cfg_set
                0x00202b6c       0xec obj_zoul/gpio-hal-arch.o
                0x00202b6c                gpio_hal_arch_pin_cfg_set
 .text.on       0x00202c58       0x2c obj_zoul/cc2538-rf.o
 .text.off      0x00202c84       0x40 obj_zoul/cc2538-rf.o
 .text.set_channel
                0x00202cc4       0x48 obj_zoul/cc2538-rf.o
 .text.channel_clear
                0x00202d0c       0x3c obj_zoul/cc2538-rf.o
 .text.receiving_packet
                0x00202d48       0x18 obj_zoul/cc2538-rf.o
 .text.pending_packet
                0x00202d60       0x10 obj_zoul/cc2538-rf.o
 .text.get_value
                0x00202d70      0x164 obj_zoul/cc2538-rf.o
 .text.prepare  0x00202ed4       0x64 obj_zoul/cc2538-rf.o
 .text.transmit
                0x00202f38       0x98 obj_zoul/cc2538-rf.o
 .text.set_frame_filtering
                0x00202fd0       0x18 obj_zoul/cc2538-rf.o
 .text.set_object
                0x00202fe8       0x30 obj_zoul/cc2538-rf.o
 .text.read     0x00203018       0xe4 obj_zoul/cc2538-rf.o
 .text.get_object
                0x002030fc      0x144 obj_zoul/cc2538-rf.o
 .text.set_poll_mode
                0x00203240       0x9c obj_zoul/cc2538-rf.o
 .text.set_value
                0x002032dc       0xe8 obj_zoul/cc2538-rf.o
 .text.init     0x002033c4       0xc8 obj_zoul/cc2538-rf.o
 .text.process_thread_cc2538_rf_process
                0x0020348c       0x90 obj_zoul/cc2538-rf.o
 .text.cc2538_rf_rx_tx_isr
                0x0020351c       0x24 obj_zoul/cc2538-rf.o
                0x0020351c                cc2538_rf_rx_tx_isr
 .text.cc2538_rf_err_isr
                0x00203540       0x28 obj_zoul/cc2538-rf.o
                0x00203540                cc2538_rf_err_isr
 .text.udma_init
                0x00203568       0x34 obj_zoul/udma.o
                0x00203568                udma_init
 .text.udma_set_channel_src
                0x0020359c       0x10 obj_zoul/udma.o
                0x0020359c                udma_set_channel_src
 .text.udma_set_channel_dst
                0x002035ac       0x14 obj_zoul/udma.o
                0x002035ac                udma_set_channel_dst
 .text.udma_set_channel_control_word
                0x002035c0       0x14 obj_zoul/udma.o
                0x002035c0                udma_set_channel_control_word
 .text.udma_channel_enable
                0x002035d4       0x18 obj_zoul/udma.o
                0x002035d4                udma_channel_enable
 .text.udma_channel_mask_set
                0x002035ec       0x18 obj_zoul/udma.o
                0x002035ec                udma_channel_mask_set
 .text.udma_channel_sw_request
                0x00203604       0x18 obj_zoul/udma.o
                0x00203604                udma_channel_sw_request
 .text.udma_channel_get_mode
                0x0020361c       0x1c obj_zoul/udma.o
                0x0020361c                udma_channel_get_mode
 .text.udma_isr
                0x00203638       0x10 obj_zoul/udma.o
                0x00203638                udma_isr
 .text.udma_err_isr
                0x00203648        0xc obj_zoul/udma.o
                0x00203648                udma_err_isr
 .text.select_32_mhz_xosc
                0x00203654       0x2c obj_zoul/lpm.o
 .text.lpm_exit
                0x00203680       0x30 obj_zoul/lpm.o
                0x00203680                lpm_exit
 .text.lpm_enter
                0x002036b0       0xb4 obj_zoul/lpm.o
                0x002036b0                lpm_enter
 .text.lpm_register_peripheral
                0x00203764       0x20 obj_zoul/lpm.o
                0x00203764                lpm_register_peripheral
 .text.lpm_init
                0x00203784       0x24 obj_zoul/lpm.o
                0x00203784                lpm_init
 .text.pka_isr  0x002037a8       0x28 obj_zoul/pka.o
                0x002037a8                pka_isr
 .text.dbg_putchar
                0x002037d0       0x40 obj_zoul/dbg.o
                0x002037d0                dbg_putchar
 .text.ieee_addr_cpy_to
                0x00203810       0x74 obj_zoul/ieee-addr.o
                0x00203810                ieee_addr_cpy_to
 .text.slip_arch_init
                0x00203884        0xc obj_zoul/slip-arch.o
                0x00203884                slip_arch_init
 .text.process_thread_slip_process
                0x00203890      0x1c8 obj_zoul/slip.o
 .text.slip_set_input_callback
                0x00203a58        0xc obj_zoul/slip.o
                0x00203a58                slip_set_input_callback
 .text.slip_send
                0x00203a64       0x14 obj_zoul/slip.o
                0x00203a64                slip_send
 .text.slip_input_byte
                0x00203a78       0xa8 obj_zoul/slip.o
                0x00203a78                slip_input_byte
 .text.handle_input
                0x00203b20       0xc4 obj_zoul/httpd-simple.o
 .text.send_headers
                0x00203be4       0x58 obj_zoul/httpd-simple.o
 .text.handle_output
                0x00203c3c       0xd4 obj_zoul/httpd-simple.o
 .text.httpd_appcall
                0x00203d10       0xd0 obj_zoul/httpd-simple.o
                0x00203d10                httpd_appcall
 .text.httpd_init
                0x00203de0       0x18 obj_zoul/httpd-simple.o
                0x00203de0                httpd_init
 .text.process_thread_webserver_nogui_process
                0x00203df8       0x34 obj_zoul/webserver.o
 .text.ipaddr_add
                0x00203e2c       0xa0 obj_zoul/webserver.o
 .text.generate_routes
                0x00203ecc      0x2d8 obj_zoul/webserver.o
 .text.httpd_simple_get_script
                0x002041a4        0x8 obj_zoul/webserver.o
                0x002041a4                httpd_simple_get_script
 .text.print_local_addresses
                0x002041ac       0x64 obj_zoul/rpl-border-router.o
                0x002041ac                print_local_addresses
 .text.set_prefix_64
                0x00204210       0x20 obj_zoul/rpl-border-router.o
                0x00204210                set_prefix_64
 .text.rpl_border_router_init
                0x00204230        0xc obj_zoul/rpl-border-router.o
                0x00204230                rpl_border_router_init
 .text.startup.main
                0x0020423c      0x1c4 obj_zoul/contiki-main.o
                0x0020423c                main
 .text.process_thread_ctimer_process
                0x00204400       0x80 obj_zoul/ctimer.o
 .text.ctimer_init
                0x00204480       0x28 obj_zoul/ctimer.o
                0x00204480                ctimer_init
 .text.ctimer_set_with_process
                0x002044a8       0x44 obj_zoul/ctimer.o
                0x002044a8                ctimer_set_with_process
 .text.ctimer_set
                0x002044ec       0x14 obj_zoul/ctimer.o
                0x002044ec                ctimer_set
 .text.ctimer_reset
                0x00204500       0x38 obj_zoul/ctimer.o
                0x00204500                ctimer_reset
 .text.ctimer_stop
                0x00204538       0x2c obj_zoul/ctimer.o
                0x00204538                ctimer_stop
 .text.ctimer_expired
                0x00204564       0x34 obj_zoul/ctimer.o
                0x00204564                ctimer_expired
 .text.update_time
                0x00204598       0x44 obj_zoul/etimer.o
 .text.etimer_request_poll
                0x002045dc        0xc obj_zoul/etimer.o
                0x002045dc                etimer_request_poll
 .text.process_thread_etimer_process
                0x002045e8       0x94 obj_zoul/etimer.o
 .text.add_timer
                0x0020467c       0x40 obj_zoul/etimer.o
 .text.etimer_pending
                0x002046bc       0x10 obj_zoul/etimer.o
                0x002046bc                etimer_pending
 .text.etimer_stop
                0x002046cc       0x34 obj_zoul/etimer.o
                0x002046cc                etimer_stop
 .text.log_6addr
                0x00204700       0xa4 obj_zoul/log.o
                0x00204700                log_6addr
 .text.log_lladdr
                0x002047a4       0x3c obj_zoul/log.o
                0x002047a4                log_lladdr
 .text.call_process.part.0
                0x002047e0       0x38 obj_zoul/process.o
 .text.exit_process
                0x00204818       0x80 obj_zoul/process.o
 .text.do_poll  0x00204898       0x30 obj_zoul/process.o
 .text.process_alloc_event
                0x002048c8       0x10 obj_zoul/process.o
                0x002048c8                process_alloc_event
 .text.process_init
                0x002048d8       0x30 obj_zoul/process.o
                0x002048d8                process_init
 .text.process_run
                0x00204908       0x84 obj_zoul/process.o
                0x00204908                process_run
 .text.process_nevents
                0x0020498c       0x14 obj_zoul/process.o
                0x0020498c                process_nevents
 .text.process_post
                0x002049a0       0x3c obj_zoul/process.o
                0x002049a0                process_post
 .text.process_post_synch
                0x002049dc       0x14 obj_zoul/process.o
                0x002049dc                process_post_synch
 .text.process_start
                0x002049f0       0x30 obj_zoul/process.o
                0x002049f0                process_start
 .text.process_poll
                0x00204a20       0x18 obj_zoul/process.o
                0x00204a20                process_poll
 .text.rtimer_run_next
                0x00204a38       0x28 obj_zoul/rtimer.o
                0x00204a38                rtimer_run_next
 .text.stack_check_init
                0x00204a60       0x38 obj_zoul/stack-check.o
                0x00204a60                stack_check_init
 .text.stack_check_get_usage
                0x00204a98       0x44 obj_zoul/stack-check.o
                0x00204a98                stack_check_get_usage
 .text.process_thread_stack_check_process
                0x00204adc       0x88 obj_zoul/stack-check.o
 .text.stimer_expired
                0x00204b64       0x20 obj_zoul/stimer.o
                0x00204b64                stimer_expired
 .text.duration_exceeded_callback
                0x00204b84       0x34 obj_zoul/button-hal.o
 .text.process_thread_button_hal_process
                0x00204bb8       0x70 obj_zoul/button-hal.o
 .text.press_release_handler
                0x00204c28       0x18 obj_zoul/button-hal.o
 .text.debounce_handler
                0x00204c40       0x64 obj_zoul/button-hal.o
 .text.button_hal_init
                0x00204ca4       0xf4 obj_zoul/button-hal.o
                0x00204ca4                button_hal_init
 .text.gpio_hal_register_handler
                0x00204d98        0xc obj_zoul/gpio-hal.o
                0x00204d98                gpio_hal_register_handler
 .text.gpio_hal_event_handler
                0x00204da4       0x24 obj_zoul/gpio-hal.o
                0x00204da4                gpio_hal_event_handler
 .text.gpio_hal_init
                0x00204dc8        0xc obj_zoul/gpio-hal.o
                0x00204dc8                gpio_hal_init
 .text.process_thread_serial_line_process
                0x00204dd4       0x98 obj_zoul/serial-line.o
 .text.serial_line_input_byte
                0x00204e6c       0x44 obj_zoul/serial-line.o
                0x00204e6c                serial_line_input_byte
 .text.serial_line_init
                0x00204eb0       0x24 obj_zoul/serial-line.o
                0x00204eb0                serial_line_init
 .text.random_rand
                0x00204ed4       0x20 obj_zoul/random.o
                0x00204ed4                random_rand
 .text.random_init
                0x00204ef4       0x78 obj_zoul/random.o
                0x00204ef4                random_init
 .text.process_thread_sensors_process
                0x00204f6c       0xd4 obj_zoul/sensors.o
 .text.periodic
                0x00205040       0x2c obj_zoul/link-stats.o
 .text.link_stats_from_lladdr
                0x0020506c        0xc obj_zoul/link-stats.o
                0x0020506c                link_stats_from_lladdr
 .text.link_stats_packet_sent
                0x00205078       0x78 obj_zoul/link-stats.o
                0x00205078                link_stats_packet_sent
 .text.link_stats_input_callback
                0x002050f0       0x50 obj_zoul/link-stats.o
                0x002050f0                link_stats_input_callback
 .text.link_stats_reset
                0x00205140       0x24 obj_zoul/link-stats.o
                0x00205140                link_stats_reset
 .text.link_stats_init
                0x00205164       0x28 obj_zoul/link-stats.o
                0x00205164                link_stats_init
 .text.index_from_key
                0x0020518c       0x20 obj_zoul/nbr-table.o
 .text.index_from_lladdr
                0x002051ac       0x40 obj_zoul/nbr-table.o
 .text.key_from_item
                0x002051ec       0x2c obj_zoul/nbr-table.o
 .text.nbr_get_bit.constprop.0
                0x00205218       0x30 obj_zoul/nbr-table.o
 .text.nbr_table_is_registered
                0x00205248       0x20 obj_zoul/nbr-table.o
                0x00205248                nbr_table_is_registered
 .text.nbr_table_register
                0x00205268       0x34 obj_zoul/nbr-table.o
                0x00205268                nbr_table_register
 .text.nbr_table_head
                0x0020529c       0x34 obj_zoul/nbr-table.o
                0x0020529c                nbr_table_head
 .text.nbr_table_add_lladdr
                0x002052d0      0x15c obj_zoul/nbr-table.o
                0x002052d0                nbr_table_add_lladdr
 .text.nbr_table_remove
                0x0020542c       0x2c obj_zoul/nbr-table.o
                0x0020542c                nbr_table_remove
 .text.nbr_table_lock
                0x00205458       0x14 obj_zoul/nbr-table.o
                0x00205458                nbr_table_lock
 .text.nbr_table_unlock
                0x0020546c       0x14 obj_zoul/nbr-table.o
                0x0020546c                nbr_table_unlock
 .text.netstack_process_ip_callback
                0x00205480       0x38 obj_zoul/netstack.o
                0x00205480                netstack_process_ip_callback
 .text.netstack_init
                0x002054b8       0x24 obj_zoul/netstack.o
                0x002054b8                netstack_init
 .text.packetbuf_hdrreduce
                0x002054dc       0x2c obj_zoul/packetbuf.o
                0x002054dc                packetbuf_hdrreduce
 .text.packetbuf_set_datalen
                0x00205508        0xc obj_zoul/packetbuf.o
                0x00205508                packetbuf_set_datalen
 .text.packetbuf_hdrptr
                0x00205514        0x8 obj_zoul/packetbuf.o
                0x00205514                packetbuf_hdrptr
 .text.packetbuf_datalen
                0x0020551c        0xc obj_zoul/packetbuf.o
                0x0020551c                packetbuf_datalen
 .text.packetbuf_hdrlen
                0x00205528       0x18 obj_zoul/packetbuf.o
                0x00205528                packetbuf_hdrlen
 .text.packetbuf_dataptr
                0x00205540       0x10 obj_zoul/packetbuf.o
                0x00205540                packetbuf_dataptr
 .text.packetbuf_copyto
                0x00205550       0x44 obj_zoul/packetbuf.o
                0x00205550                packetbuf_copyto
 .text.packetbuf_totlen
                0x00205594       0x14 obj_zoul/packetbuf.o
                0x00205594                packetbuf_totlen
 .text.packetbuf_hdralloc
                0x002055a8       0x3c obj_zoul/packetbuf.o
                0x002055a8                packetbuf_hdralloc
 .text.packetbuf_attr_clear
                0x002055e4       0x34 obj_zoul/packetbuf.o
                0x002055e4                packetbuf_attr_clear
 .text.packetbuf_clear
                0x00205618       0x20 obj_zoul/packetbuf.o
                0x00205618                packetbuf_clear
 .text.packetbuf_copyfrom
                0x00205638       0x2c obj_zoul/packetbuf.o
                0x00205638                packetbuf_copyfrom
 .text.packetbuf_attr_copyto
                0x00205664       0x24 obj_zoul/packetbuf.o
                0x00205664                packetbuf_attr_copyto
 .text.packetbuf_attr_copyfrom
                0x00205688       0x28 obj_zoul/packetbuf.o
                0x00205688                packetbuf_attr_copyfrom
 .text.packetbuf_set_attr
                0x002056b0       0x10 obj_zoul/packetbuf.o
                0x002056b0                packetbuf_set_attr
 .text.packetbuf_attr
                0x002056c0        0xc obj_zoul/packetbuf.o
                0x002056c0                packetbuf_attr
 .text.packetbuf_set_addr
                0x002056cc       0x18 obj_zoul/packetbuf.o
                0x002056cc                packetbuf_set_addr
 .text.packetbuf_addr
                0x002056e4       0x10 obj_zoul/packetbuf.o
                0x002056e4                packetbuf_addr
 .text.packetbuf_holds_broadcast
                0x002056f4       0x10 obj_zoul/packetbuf.o
                0x002056f4                packetbuf_holds_broadcast
 .text.queuebuf_init
                0x00205704       0x1c obj_zoul/queuebuf.o
                0x00205704                queuebuf_init
 .text.queuebuf_numfree
                0x00205720        0xc obj_zoul/queuebuf.o
                0x00205720                queuebuf_numfree
 .text.queuebuf_new_from_packetbuf
                0x0020572c       0x44 obj_zoul/queuebuf.o
                0x0020572c                queuebuf_new_from_packetbuf
 .text.queuebuf_free
                0x00205770       0x2c obj_zoul/queuebuf.o
                0x00205770                queuebuf_free
 .text.queuebuf_to_packetbuf
                0x0020579c       0x30 obj_zoul/queuebuf.o
                0x0020579c                queuebuf_to_packetbuf
 .text.mac_sequence_is_duplicate
                0x002057cc       0x4c obj_zoul/mac-sequence.o
                0x002057cc                mac_sequence_is_duplicate
 .text.mac_sequence_register_seqno
                0x00205818       0x60 obj_zoul/mac-sequence.o
                0x00205818                mac_sequence_register_seqno
 .text.frame802154_get_pan_id
                0x00205878        0xc obj_zoul/frame802154.o
                0x00205878                frame802154_get_pan_id
 .text.frame802154_parse
                0x00205884      0x12c obj_zoul/frame802154.o
                0x00205884                frame802154_parse
 .text.create_frame
                0x002059b0       0xd0 obj_zoul/framer-802154.o
 .text.printf   0x00205a80       0x20 obj_zoul/printf.o
                0x00205a80                printf
 .text.vsnprintf
                0x00205aa0       0x28 obj_zoul/snprintf.o
                0x00205aa0                vsnprintf
 .text.fill_space
                0x00205ac8       0x34 obj_zoul/strformat.o
 .text.format_str_v
                0x00205afc      0x6e8 obj_zoul/strformat.o
                0x00205afc                format_str_v
 .text.on       0x002061e4        0xc obj_zoul/csma.o
 .text.off      0x002061f0        0xc obj_zoul/csma.o
 .text.input_packet
                0x002061fc       0x54 obj_zoul/csma.o
 .text.schedule_transmission
                0x00206250       0x38 obj_zoul/csma-output.o
 .text.tx_done  0x00206288       0x88 obj_zoul/csma-output.o
 .text.transmit_from_queue
                0x00206310      0x1c8 obj_zoul/csma-output.o
 .text.csma_output_packet
                0x002064d8      0x13c obj_zoul/csma-output.o
                0x002064d8                csma_output_packet
 .text.csma_output_init
                0x00206614       0x28 obj_zoul/csma-output.o
                0x00206614                csma_output_init
 .text.psock_send
                0x0020663c       0x98 obj_zoul/psock.o
                0x0020663c                psock_send
 .text.psock_newdata
                0x002066d4       0x28 obj_zoul/psock.o
                0x002066d4                psock_newdata
 .text.psock_readto
                0x002066fc       0xa4 obj_zoul/psock.o
                0x002066fc                psock_readto
 .text.clear_fragments
                0x002067a0       0x3c obj_zoul/sicslowpan.o
 .text.sicslowpan_init
                0x002067dc       0x18 obj_zoul/sicslowpan.o
                0x002067dc                sicslowpan_init
 .text.set_packet_attrs
                0x002067f4       0x44 obj_zoul/sicslowpan.o
 .text.compress_addr_64
                0x00206838       0x90 obj_zoul/sicslowpan.o
 .text.addr_context_lookup_by_prefix
                0x002068c8       0x24 obj_zoul/sicslowpan.o
 .text.send_packet
                0x002068ec       0x24 obj_zoul/sicslowpan.o
 .text.output   0x00206910      0x7a8 obj_zoul/sicslowpan.o
 .text.packet_sent
                0x002070b8       0x5c obj_zoul/sicslowpan.o
 .text.store_fragment
                0x00207114       0x58 obj_zoul/sicslowpan.o
 .text.uncompress_addr
                0x0020716c       0x8c obj_zoul/sicslowpan.o
 .text.add_fragment
                0x002071f8      0x124 obj_zoul/sicslowpan.o
 .text.input    0x0020731c      0x71c obj_zoul/sicslowpan.o
 .text.start_periodic_tcp_timer
                0x00207a38       0x1c obj_zoul/tcpip.o
 .text.tcpip_output
                0x00207a54       0x40 obj_zoul/tcpip.o
                0x00207a54                tcpip_output
 .text.tcp_listen
                0x00207a94       0x28 obj_zoul/tcpip.o
                0x00207a94                tcp_listen
 .text.tcp_attach
                0x00207abc       0x10 obj_zoul/tcpip.o
                0x00207abc                tcp_attach
 .text.tcpip_input
                0x00207acc       0x34 obj_zoul/tcpip.o
                0x00207acc                tcpip_input
 .text.tcpip_ipv6_output
                0x00207b00      0x128 obj_zoul/tcpip.o
                0x00207b00                tcpip_ipv6_output
 .text.packet_input.part.4
                0x00207c28       0x34 obj_zoul/tcpip.o
 .text.process_thread_tcpip_process
                0x00207c5c      0x18c obj_zoul/tcpip.o
 .text.tcpip_uipcall
                0x00207de8       0x68 obj_zoul/tcpip.o
                0x00207de8                tcpip_uipcall
 .text.upper_layer_chksum
                0x00207e50       0x54 obj_zoul/uip6.o
 .text.ext_hdr_options_process
                0x00207ea4       0xb4 obj_zoul/uip6.o
 .text.uip_add32
                0x00207f58       0x54 obj_zoul/uip6.o
                0x00207f58                uip_add32
 .text.unlikely.uip_add_rcv_nxt
                0x00207fac       0x2c obj_zoul/uip6.o
 .text.uip_init
                0x00207fd8       0x5c obj_zoul/uip6.o
                0x00207fd8                uip_init
 .text.remove_ext_hdr
                0x00208034       0x60 obj_zoul/uip6.o
                0x00208034                remove_ext_hdr
 .text.uip_unlisten
                0x00208094       0x20 obj_zoul/uip6.o
                0x00208094                uip_unlisten
 .text.uip_listen
                0x002080b4       0x1c obj_zoul/uip6.o
                0x002080b4                uip_listen
 .text.uip_process
                0x002080d0      0xdc4 obj_zoul/uip6.o
                0x002080d0                uip_process
 .text.uip_send
                0x00208e94       0x44 obj_zoul/uip6.o
                0x00208e94                uip_send
 .text.uipbuf_get_attr
                0x00208ed8       0x14 obj_zoul/uipbuf.o
                0x00208ed8                uipbuf_get_attr
 .text.uipbuf_clear_attr
                0x00208eec       0x18 obj_zoul/uipbuf.o
                0x00208eec                uipbuf_clear_attr
 .text.uip_ds6_prefix_add
                0x00208f04       0x64 obj_zoul/uip-ds6.o
                0x00208f04                uip_ds6_prefix_add
 .text.uip_ds6_is_addr_onlink
                0x00208f68       0x40 obj_zoul/uip-ds6.o
                0x00208f68                uip_ds6_is_addr_onlink
 .text.uip_ds6_addr_lookup
                0x00208fa8       0x2c obj_zoul/uip-ds6.o
                0x00208fa8                uip_ds6_addr_lookup
 .text.uip_ds6_get_link_local
                0x00208fd4       0x40 obj_zoul/uip-ds6.o
                0x00208fd4                uip_ds6_get_link_local
 .text.uip_ds6_maddr_add
                0x00209014       0x4c obj_zoul/uip-ds6.o
                0x00209014                uip_ds6_maddr_add
 .text.uip_ds6_addr_add
                0x00209060       0x94 obj_zoul/uip-ds6.o
                0x00209060                uip_ds6_addr_add
 .text.uip_ds6_maddr_lookup
                0x002090f4       0x2c obj_zoul/uip-ds6.o
                0x002090f4                uip_ds6_maddr_lookup
 .text.uip_ds6_addr_rm
                0x00209120       0x44 obj_zoul/uip-ds6.o
                0x00209120                uip_ds6_addr_rm
 .text.uip_ds6_periodic
                0x00209164       0x4c obj_zoul/uip-ds6.o
                0x00209164                uip_ds6_periodic
 .text.uip_ds6_select_src
                0x002091b0       0x94 obj_zoul/uip-ds6.o
                0x002091b0                uip_ds6_select_src
 .text.uip_ds6_compute_reachable_time
                0x00209244       0x28 obj_zoul/uip-ds6.o
                0x00209244                uip_ds6_compute_reachable_time
 .text.uip_ds6_init
                0x0020926c       0xe0 obj_zoul/uip-ds6.o
                0x0020926c                uip_ds6_init
 .text.uip_ds6_nbr_rm
                0x0020934c       0x24 obj_zoul/uip-ds6-nbr.o
                0x0020934c                uip_ds6_nbr_rm
 .text.uip_ds6_neighbors_init
                0x00209370       0x1c obj_zoul/uip-ds6-nbr.o
                0x00209370                uip_ds6_neighbors_init
 .text.uip_ds6_nbr_add
                0x0020938c       0x44 obj_zoul/uip-ds6-nbr.o
                0x0020938c                uip_ds6_nbr_add
 .text.uip_ds6_nbr_get_ll
                0x002093d0       0x10 obj_zoul/uip-ds6-nbr.o
                0x002093d0                uip_ds6_nbr_get_ll
 .text.uip_ds6_nbr_lookup
                0x002093e0       0x38 obj_zoul/uip-ds6-nbr.o
                0x002093e0                uip_ds6_nbr_lookup
 .text.uip_ds6_nbr_ll_lookup
                0x00209418       0x10 obj_zoul/uip-ds6-nbr.o
                0x00209418                uip_ds6_nbr_ll_lookup
 .text.uip_ds6_route_init
                0x00209428       0x1c obj_zoul/uip-ds6-route.o
                0x00209428                uip_ds6_route_init
 .text.uip_ds6_defrt_rm
                0x00209444       0x38 obj_zoul/uip-ds6-route.o
                0x00209444                uip_ds6_defrt_rm
 .text.uip_ds6_defrt_lookup
                0x0020947c       0x34 obj_zoul/uip-ds6-route.o
                0x0020947c                uip_ds6_defrt_lookup
 .text.uip_ds6_defrt_add
                0x002094b0       0x60 obj_zoul/uip-ds6-route.o
                0x002094b0                uip_ds6_defrt_add
 .text.uip_ds6_defrt_choose
                0x00209510       0x30 obj_zoul/uip-ds6-route.o
                0x00209510                uip_ds6_defrt_choose
 .text.uip_ds6_defrt_periodic
                0x00209540       0x30 obj_zoul/uip-ds6-route.o
                0x00209540                uip_ds6_defrt_periodic
 .text.echo_reply_input
                0x00209570       0x98 obj_zoul/uip-icmp6.o
 .text.echo_request_input
                0x00209608       0xc8 obj_zoul/uip-icmp6.o
 .text.uip_icmp6_input
                0x002096d0       0x38 obj_zoul/uip-icmp6.o
                0x002096d0                uip_icmp6_input
 .text.uip_icmp6_register_input_handler
                0x00209708        0xc obj_zoul/uip-icmp6.o
                0x00209708                uip_icmp6_register_input_handler
 .text.uip_icmp6_error_output
                0x00209714      0x150 obj_zoul/uip-icmp6.o
                0x00209714                uip_icmp6_error_output
 .text.uip_icmp6_send
                0x00209864       0x7c obj_zoul/uip-icmp6.o
                0x00209864                uip_icmp6_send
 .text.uip_icmp6_init
                0x002098e0       0x1c obj_zoul/uip-icmp6.o
                0x002098e0                uip_icmp6_init
 .text.ns_input
                0x002098fc      0x25c obj_zoul/uip-nd6.o
 .text.uip_nd6_init
                0x00209b58        0xc obj_zoul/uip-nd6.o
                0x00209b58                uip_nd6_init
 .text.node_matches_address.part.0
                0x00209b64       0x28 obj_zoul/uip-sr.o
 .text.uip_sr_num_nodes
                0x00209b8c        0xc obj_zoul/uip-sr.o
                0x00209b8c                uip_sr_num_nodes
 .text.uip_sr_get_node
                0x00209b98       0x34 obj_zoul/uip-sr.o
                0x00209b98                uip_sr_get_node
 .text.uip_sr_is_addr_reachable
                0x00209bcc       0x44 obj_zoul/uip-sr.o
                0x00209bcc                uip_sr_is_addr_reachable
 .text.uip_sr_update_node
                0x00209c10       0xa8 obj_zoul/uip-sr.o
                0x00209c10                uip_sr_update_node
 .text.uip_sr_init
                0x00209cb8       0x24 obj_zoul/uip-sr.o
                0x00209cb8                uip_sr_init
 .text.uip_sr_node_head
                0x00209cdc        0xc obj_zoul/uip-sr.o
                0x00209cdc                uip_sr_node_head
 .text.uip_sr_periodic
                0x00209ce8       0x68 obj_zoul/uip-sr.o
                0x00209ce8                uip_sr_periodic
 .text.uip_sr_free_all
                0x00209d50       0x40 obj_zoul/uip-sr.o
                0x00209d50                uip_sr_free_all
 .text.rpl_has_joined
                0x00209d90       0x18 obj_zoul/rpl.o
                0x00209d90                rpl_has_joined
 .text.rpl_is_reachable
                0x00209da8       0x18 obj_zoul/rpl.o
                0x00209da8                rpl_is_reachable
 .text.get_sr_node_ipaddr
                0x00209dc0       0x30 obj_zoul/rpl.o
 .text.set_ip_from_prefix
                0x00209df0       0x2c obj_zoul/rpl.o
 .text.init     0x00209e1c       0x40 obj_zoul/rpl.o
 .text.rpl_link_callback
                0x00209e5c       0x20 obj_zoul/rpl.o
                0x00209e5c                rpl_link_callback
 .text.rpl_get_global_address
                0x00209e7c       0x64 obj_zoul/rpl.o
                0x00209e7c                rpl_get_global_address
 .text.rpl_reset_prefix
                0x00209ee0       0x28 obj_zoul/rpl.o
                0x00209ee0                rpl_reset_prefix
 .text.rpl_set_prefix_from_addr
                0x00209f08       0x6c obj_zoul/rpl.o
                0x00209f08                rpl_set_prefix_from_addr
 .text.rpl_get_leaf_only
                0x00209f74        0xc obj_zoul/rpl.o
                0x00209f74                rpl_get_leaf_only
 .text.init_dag
                0x00209f80       0x7c obj_zoul/rpl-dag.o
 .text.init_dag_from_dio
                0x00209ffc       0x84 obj_zoul/rpl-dag.o
 .text.rpl_dag_get_root_ipaddr
                0x0020a080       0x30 obj_zoul/rpl-dag.o
                0x0020a080                rpl_dag_get_root_ipaddr
 .text.rpl_dag_leave
                0x0020a0b0       0x54 obj_zoul/rpl-dag.o
                0x0020a0b0                rpl_dag_leave
 .text.rpl_dag_poison_and_leave
                0x0020a104       0x10 obj_zoul/rpl-dag.o
                0x0020a104                rpl_dag_poison_and_leave
 .text.rpl_dag_periodic
                0x0020a114       0x48 obj_zoul/rpl-dag.o
                0x0020a114                rpl_dag_periodic
 .text.rpl_is_addr_in_our_dag
                0x0020a15c       0x24 obj_zoul/rpl-dag.o
                0x0020a15c                rpl_is_addr_in_our_dag
 .text.rpl_local_repair
                0x0020a180       0x34 obj_zoul/rpl-dag.o
                0x0020a180                rpl_local_repair
 .text.rpl_global_repair
                0x0020a1b4       0x38 obj_zoul/rpl-dag.o
                0x0020a1b4                rpl_global_repair
 .text.rpl_dag_ready_to_advertise
                0x0020a1ec       0x24 obj_zoul/rpl-dag.o
                0x0020a1ec                rpl_dag_ready_to_advertise
 .text.rpl_dag_update_state
                0x0020a210      0x124 obj_zoul/rpl-dag.o
                0x0020a210                rpl_dag_update_state
 .text.rpl_process_dio
                0x0020a334      0x18c obj_zoul/rpl-dag.o
                0x0020a334                rpl_process_dio
 .text.rpl_process_dis
                0x0020a4c0       0x2c obj_zoul/rpl-dag.o
                0x0020a4c0                rpl_process_dis
 .text.rpl_process_dao
                0x0020a4ec       0x4c obj_zoul/rpl-dag.o
                0x0020a4ec                rpl_process_dao
 .text.rpl_process_dao_ack
                0x0020a538       0x54 obj_zoul/rpl-dag.o
                0x0020a538                rpl_process_dao_ack
 .text.rpl_dag_init_root
                0x0020a58c       0xac obj_zoul/rpl-dag.o
                0x0020a58c                rpl_dag_init_root
 .text.rpl_dag_init
                0x0020a638       0x10 obj_zoul/rpl-dag.o
                0x0020a638                rpl_dag_init
 .text.rpl_dag_root_set_prefix
                0x0020a648       0x68 obj_zoul/rpl-dag-root.o
                0x0020a648                rpl_dag_root_set_prefix
 .text.rpl_dag_root_start
                0x0020a6b0       0x68 obj_zoul/rpl-dag-root.o
                0x0020a6b0                rpl_dag_root_start
 .text.rpl_dag_root_is_root
                0x0020a718       0x18 obj_zoul/rpl-dag-root.o
                0x0020a718                rpl_dag_root_is_root
 .text.update_hbh_header
                0x0020a730       0x60 obj_zoul/rpl-ext-header.o
 .text.rpl_ext_header_srh_get_next_hop
                0x0020a790       0xc0 obj_zoul/rpl-ext-header.o
                0x0020a790                rpl_ext_header_srh_get_next_hop
 .text.rpl_ext_header_srh_update
                0x0020a850       0xe0 obj_zoul/rpl-ext-header.o
                0x0020a850                rpl_ext_header_srh_update
 .text.rpl_ext_header_hbh_update
                0x0020a930       0xc0 obj_zoul/rpl-ext-header.o
                0x0020a930                rpl_ext_header_hbh_update
 .text.rpl_ext_header_remove
                0x0020a9f0       0xb0 obj_zoul/rpl-ext-header.o
                0x0020a9f0                rpl_ext_header_remove
 .text.rpl_ext_header_update
                0x0020aaa0      0x28c obj_zoul/rpl-ext-header.o
                0x0020aaa0                rpl_ext_header_update
 .text.dao_ack_input
                0x0020ad2c       0x44 obj_zoul/rpl-icmp6.o
 .text.dao_input
                0x0020ad70      0x110 obj_zoul/rpl-icmp6.o
 .text.dio_input
                0x0020ae80      0x224 obj_zoul/rpl-icmp6.o
 .text.dis_input
                0x0020b0a4       0x3c obj_zoul/rpl-icmp6.o
 .text.rpl_icmp6_dis_output
                0x0020b0e0       0x38 obj_zoul/rpl-icmp6.o
                0x0020b0e0                rpl_icmp6_dis_output
 .text.rpl_icmp6_dio_output
                0x0020b118      0x1c0 obj_zoul/rpl-icmp6.o
                0x0020b118                rpl_icmp6_dio_output
 .text.rpl_icmp6_dao_output
                0x0020b2d8       0xc4 obj_zoul/rpl-icmp6.o
                0x0020b2d8                rpl_icmp6_dao_output
 .text.rpl_icmp6_dao_ack_output
                0x0020b39c       0x44 obj_zoul/rpl-icmp6.o
                0x0020b39c                rpl_icmp6_dao_ack_output
 .text.rpl_icmp6_init
                0x0020b3e0       0x30 obj_zoul/rpl-icmp6.o
                0x0020b3e0                rpl_icmp6_init
 .text.update_metric_container
                0x0020b410        0xc obj_zoul/rpl-mrhof.o
 .text.within_hysteresis
                0x0020b41c       0x3c obj_zoul/rpl-mrhof.o
 .text.rank_via_nbr
                0x0020b458       0x30 obj_zoul/rpl-mrhof.o
 .text.best_parent
                0x0020b488       0x70 obj_zoul/rpl-mrhof.o
 .text.update_state
                0x0020b4f8       0x98 obj_zoul/rpl-nbr-policy.o
 .text.rpl_nbr_policy_find_removable
                0x0020b590       0x50 obj_zoul/rpl-nbr-policy.o
                0x0020b590                rpl_nbr_policy_find_removable
 .text.remove_neighbor
                0x0020b5e0       0x3c obj_zoul/rpl-neighbor.o
 .text.rpl_neighbor_get_from_lladdr
                0x0020b61c       0x10 obj_zoul/rpl-neighbor.o
                0x0020b61c                rpl_neighbor_get_from_lladdr
 .text.rpl_neighbor_rank_via_nbr
                0x0020b62c       0x18 obj_zoul/rpl-neighbor.o
                0x0020b62c                rpl_neighbor_rank_via_nbr
 .text.rpl_neighbor_get_lladdr
                0x0020b644       0x10 obj_zoul/rpl-neighbor.o
                0x0020b644                rpl_neighbor_get_lladdr
 .text.best_parent
                0x0020b654       0x8c obj_zoul/rpl-neighbor.o
 .text.rpl_neighbor_is_parent
                0x0020b6e0       0x18 obj_zoul/rpl-neighbor.o
                0x0020b6e0                rpl_neighbor_is_parent
 .text.rpl_neighbor_set_preferred_parent
                0x0020b6f8       0x44 obj_zoul/rpl-neighbor.o
                0x0020b6f8                rpl_neighbor_set_preferred_parent
 .text.rpl_neighbor_remove_all
                0x0020b73c       0x2c obj_zoul/rpl-neighbor.o
                0x0020b73c                rpl_neighbor_remove_all
 .text.rpl_neighbor_get_from_ipaddr
                0x0020b768       0x1c obj_zoul/rpl-neighbor.o
                0x0020b768                rpl_neighbor_get_from_ipaddr
 .text.rpl_neighbor_select_best
                0x0020b784       0x4c obj_zoul/rpl-neighbor.o
                0x0020b784                rpl_neighbor_select_best
 .text.rpl_neighbor_init
                0x0020b7d0       0x14 obj_zoul/rpl-neighbor.o
                0x0020b7d0                rpl_neighbor_init
 .text.new_dio_interval
                0x0020b7e4       0x54 obj_zoul/rpl-timers.o
 .text.handle_unicast_dio_timer
                0x0020b838       0x1c obj_zoul/rpl-timers.o
 .text.handle_dao_timer
                0x0020b854       0xdc obj_zoul/rpl-timers.o
 .text.handle_dao_ack_timer
                0x0020b930       0x10 obj_zoul/rpl-timers.o
 .text.handle_leaving_timer
                0x0020b940       0x10 obj_zoul/rpl-timers.o
 .text.handle_dio_timer
                0x0020b950       0x70 obj_zoul/rpl-timers.o
 .text.rpl_timers_schedule_periodic_dis
                0x0020b9c0       0x38 obj_zoul/rpl-timers.o
                0x0020b9c0                rpl_timers_schedule_periodic_dis
 .text.handle_dis_timer
                0x0020b9f8       0x34 obj_zoul/rpl-timers.o
 .text.handle_periodic_timer
                0x0020ba2c       0x48 obj_zoul/rpl-timers.o
 .text.rpl_timers_dio_reset
                0x0020ba74       0x28 obj_zoul/rpl-timers.o
                0x0020ba74                rpl_timers_dio_reset
 .text.rpl_timers_schedule_unicast_dio
                0x0020ba9c       0x24 obj_zoul/rpl-timers.o
                0x0020ba9c                rpl_timers_schedule_unicast_dio
 .text.rpl_timers_schedule_dao
                0x0020bac0       0x4c obj_zoul/rpl-timers.o
                0x0020bac0                rpl_timers_schedule_dao
 .text.rpl_timers_schedule_dao_ack
                0x0020bb0c       0x48 obj_zoul/rpl-timers.o
                0x0020bb0c                rpl_timers_schedule_dao_ack
 .text.get_probing_delay
                0x0020bb54       0x34 obj_zoul/rpl-timers.o
                0x0020bb54                get_probing_delay
 .text.get_probing_target
                0x0020bb88       0xc0 obj_zoul/rpl-timers.o
                0x0020bb88                get_probing_target
 .text.rpl_schedule_probing
                0x0020bc48       0x28 obj_zoul/rpl-timers.o
                0x0020bc48                rpl_schedule_probing
 .text.handle_probing_timer
                0x0020bc70       0x30 obj_zoul/rpl-timers.o
 .text.rpl_timers_unschedule_leaving
                0x0020bca0       0x24 obj_zoul/rpl-timers.o
                0x0020bca0                rpl_timers_unschedule_leaving
 .text.rpl_timers_schedule_leaving
                0x0020bcc4       0x30 obj_zoul/rpl-timers.o
                0x0020bcc4                rpl_timers_schedule_leaving
 .text.rpl_timers_init
                0x0020bcf4       0x20 obj_zoul/rpl-timers.o
                0x0020bcf4                rpl_timers_init
 .text.rpl_timers_stop_dag_timers
                0x0020bd14       0x44 obj_zoul/rpl-timers.o
                0x0020bd14                rpl_timers_stop_dag_timers
 .text.rpl_timers_unschedule_state_update
                0x0020bd58       0x14 obj_zoul/rpl-timers.o
                0x0020bd58                rpl_timers_unschedule_state_update
 .text.rpl_timers_schedule_state_update
                0x0020bd6c       0x1c obj_zoul/rpl-timers.o
                0x0020bd6c                rpl_timers_schedule_state_update
 .text.process_thread_border_router_process
                0x0020bd88       0xe8 obj_zoul/border-router-embedded.o
 .text.output   0x0020be70       0x20 obj_zoul/slip-bridge.o
 .text.init     0x0020be90       0x20 obj_zoul/slip-bridge.o
 .text.slip_input_callback
                0x0020beb0       0xc4 obj_zoul/slip-bridge.o
 .text.request_prefix
                0x0020bf74       0x34 obj_zoul/slip-bridge.o
                0x0020bf74                request_prefix
 .text.process_thread_contiki_ng_br
                0x0020bfa8       0x3c border-router.o
 .text          0x0020bfe4       0x30 /usr/bin/../lib/gcc/arm-none-eabi/4.9.3/armv7-m/libgcc.a(_aeabi_uldivmod.o)
                0x0020bfe4                __aeabi_uldivmod
 .text          0x0020c014       0x60 /usr/bin/../lib/gcc/arm-none-eabi/4.9.3/armv7-m/libgcc.a(bpabi.o)
                0x0020c014                __gnu_ldivmod_helper
                0x0020c044                __gnu_uldivmod_helper
 .text          0x0020c074        0x4 /usr/bin/../lib/gcc/arm-none-eabi/4.9.3/armv7-m/libgcc.a(_dvmd_tls.o)
                0x0020c074                __aeabi_ldiv0
                0x0020c074                __aeabi_idiv0
 .text          0x0020c078      0x2ac /usr/bin/../lib/gcc/arm-none-eabi/4.9.3/armv7-m/libgcc.a(_divdi3.o)
                0x0020c078                __divdi3
 .text          0x0020c324      0x270 /usr/bin/../lib/gcc/arm-none-eabi/4.9.3/armv7-m/libgcc.a(_udivdi3.o)
                0x0020c324                __udivdi3
 .text.memcmp   0x0020c594       0x64 /usr/bin/../lib/gcc/arm-none-eabi/4.9.3/../../../../arm-none-eabi/lib/armv7-m/libc.a(lib_a-memcmp.o)
                0x0020c594                memcmp
 .text          0x0020c5f8       0xec /usr/bin/../lib/gcc/arm-none-eabi/4.9.3/../../../../arm-none-eabi/lib/armv7-m/libc.a(lib_a-memcpy.o)
                0x0020c5f8                memcpy
 .text.memmove  0x0020c6e4       0xc8 /usr/bin/../lib/gcc/arm-none-eabi/4.9.3/../../../../arm-none-eabi/lib/armv7-m/libc.a(lib_a-memmove.o)
                0x0020c6e4                memmove
 .text.memset   0x0020c7ac       0x9c /usr/bin/../lib/gcc/arm-none-eabi/4.9.3/../../../../arm-none-eabi/lib/armv7-m/libc.a(lib_a-memset.o)
                0x0020c7ac                memset
 .text.strlen   0x0020c848       0x5c /usr/bin/../lib/gcc/arm-none-eabi/4.9.3/../../../../arm-none-eabi/lib/armv7-m/libc.a(lib_a-strlen.o)
                0x0020c848                strlen
 .text.strncmp  0x0020c8a4       0x94 /usr/bin/../lib/gcc/arm-none-eabi/4.9.3/../../../../arm-none-eabi/lib/armv7-m/libc.a(lib_a-strncmp.o)
                0x0020c8a4                strncmp
 .text.strncpy  0x0020c938       0x68 /usr/bin/../lib/gcc/arm-none-eabi/4.9.3/../../../../arm-none-eabi/lib/armv7-m/libc.a(lib_a-strncpy.o)
                0x0020c938                strncpy
 .text.default_handler
                0x0020c9a0        0x2 obj_zoul/startup-gcc.o
                0x0020c9a0                default_handler
 .text.nmi_handler
                0x0020c9a2        0x6 obj_zoul/startup-gcc.o
                0x0020c9a2                nmi_handler
 .text.fade     0x0020c9a8       0x54 obj_zoul/platform.o
 .text.platform_init_stage_one
                0x0020c9fc       0x14 obj_zoul/platform.o
                0x0020c9fc                platform_init_stage_one
 .text.platform_idle
                0x0020ca10        0x4 obj_zoul/platform.o
                0x0020ca10                platform_idle
 .text.board_init
                0x0020ca14        0x4 obj_zoul/board.o
                0x0020ca14                board_init
 .text.soc_init
                0x0020ca18       0x22 obj_zoul/soc.o
                0x0020ca18                soc_init
 .text.clock_isr
                0x0020ca3a        0x4 obj_zoul/clock.o
                0x0020ca3a                clock_isr
 .text.rtimer_arch_init
                0x0020ca3e        0x2 obj_zoul/rtimer-arch.o
                0x0020ca3e                rtimer_arch_init
 .text.uart0_isr
                0x0020ca40        0x6 obj_zoul/uart.o
                0x0020ca40                uart0_isr
 .text.uart1_isr
                0x0020ca46        0x6 obj_zoul/uart.o
                0x0020ca46                uart1_isr
 .text.gpio_port_a_isr
                0x0020ca4c        0x6 obj_zoul/gpio.o
                0x0020ca4c                gpio_port_a_isr
 .text.gpio_port_b_isr
                0x0020ca52        0x6 obj_zoul/gpio.o
                0x0020ca52                gpio_port_b_isr
 .text.gpio_port_c_isr
                0x0020ca58        0x6 obj_zoul/gpio.o
                0x0020ca58                gpio_port_c_isr
 .text.gpio_port_d_isr
                0x0020ca5e        0x6 obj_zoul/gpio.o
                0x0020ca5e                gpio_port_d_isr
 .text.send     0x0020ca64       0x12 obj_zoul/cc2538-rf.o
 .text.int_master_read_and_disable
                0x0020ca76        0x8 obj_zoul/int-master.o
                0x0020ca76                int_master_read_and_disable
 .text.int_master_status_set
                0x0020ca7e        0x6 obj_zoul/int-master.o
                0x0020ca7e                int_master_status_set
 .text.dbg_send_bytes
                0x0020ca84       0x20 obj_zoul/dbg.o
                0x0020ca84                dbg_send_bytes
 .text.slip_arch_writeb
                0x0020caa4        0x8 obj_zoul/slip-arch.o
                0x0020caa4                slip_arch_writeb
 .text.slip_write
                0x0020caac       0x42 obj_zoul/slip.o
                0x0020caac                slip_write
 .text.configure
                0x0020caee        0x4 obj_zoul/cc2538-temp-sensor.o
 .text.status   0x0020caf2        0x4 obj_zoul/cc2538-temp-sensor.o
 .text.value    0x0020caf6       0x34 obj_zoul/cc2538-temp-sensor.o
 .text.configure
                0x0020cb2a        0x4 obj_zoul/vdd3-sensor.o
 .text.status   0x0020cb2e        0x4 obj_zoul/vdd3-sensor.o
 .text.value    0x0020cb32       0x2a obj_zoul/vdd3-sensor.o
 .text.autostart_start
                0x0020cb5c       0x14 obj_zoul/autostart.o
                0x0020cb5c                autostart_start
 .text.energest_init
                0x0020cb70        0x2 obj_zoul/energest.o
                0x0020cb70                energest_init
 .text.etimer_set
                0x0020cb72       0x12 obj_zoul/etimer.o
                0x0020cb72                etimer_set
 .text.etimer_reset
                0x0020cb84       0x12 obj_zoul/etimer.o
                0x0020cb84                etimer_reset
 .text.etimer_restart
                0x0020cb96       0x12 obj_zoul/etimer.o
                0x0020cb96                etimer_restart
 .text.etimer_expired
                0x0020cba8        0xa obj_zoul/etimer.o
                0x0020cba8                etimer_expired
 .text.call_process
                0x0020cbb2        0xc obj_zoul/process.o
 .text.rtimer_init
                0x0020cbbe        0x4 obj_zoul/rtimer.o
                0x0020cbbe                rtimer_init
 .text.stimer_set
                0x0020cbc2        0xe obj_zoul/stimer.o
                0x0020cbc2                stimer_set
 .text.timer_set
                0x0020cbd0        0xe obj_zoul/timer.o
                0x0020cbd0                timer_set
 .text.timer_reset
                0x0020cbde        0xa obj_zoul/timer.o
                0x0020cbde                timer_reset
 .text.timer_restart
                0x0020cbe8        0xc obj_zoul/timer.o
                0x0020cbe8                timer_restart
 .text.timer_expired
                0x0020cbf4       0x1c obj_zoul/timer.o
                0x0020cbf4                timer_expired
 .text.button_hal_get_state
                0x0020cc10       0x2a obj_zoul/button-hal.o
                0x0020cc10                button_hal_get_state
 .text.list_init
                0x0020cc3a        0x6 obj_zoul/list.o
                0x0020cc3a                list_init
 .text.list_head
                0x0020cc40        0x4 obj_zoul/list.o
                0x0020cc40                list_head
 .text.list_tail
                0x0020cc44       0x10 obj_zoul/list.o
                0x0020cc44                list_tail
 .text.list_remove
                0x0020cc54       0x28 obj_zoul/list.o
                0x0020cc54                list_remove
 .text.list_add
                0x0020cc7c       0x1e obj_zoul/list.o
                0x0020cc7c                list_add
 .text.list_push
                0x0020cc9a       0x12 obj_zoul/list.o
                0x0020cc9a                list_push
 .text.list_length
                0x0020ccac        0xe obj_zoul/list.o
                0x0020ccac                list_length
 .text.list_item_next
                0x0020ccba        0x6 obj_zoul/list.o
                0x0020ccba                list_item_next
 .text.memb_init
                0x0020ccc0       0x20 obj_zoul/memb.o
                0x0020ccc0                memb_init
 .text.memb_alloc
                0x0020cce0       0x28 obj_zoul/memb.o
                0x0020cce0                memb_alloc
 .text.memb_free
                0x0020cd08       0x2c obj_zoul/memb.o
                0x0020cd08                memb_free
 .text.memb_inmemb
                0x0020cd34       0x1c obj_zoul/memb.o
                0x0020cd34                memb_inmemb
 .text.memb_numfree
                0x0020cd50       0x1c obj_zoul/memb.o
                0x0020cd50                memb_numfree
 .text.ringbuf_init
                0x0020cd6c        0xe obj_zoul/ringbuf.o
                0x0020cd6c                ringbuf_init
 .text.ringbuf_put
                0x0020cd7a       0x28 obj_zoul/ringbuf.o
                0x0020cd7a                ringbuf_put
 .text.ringbuf_get
                0x0020cda2       0x20 obj_zoul/ringbuf.o
                0x0020cda2                ringbuf_get
 .text.linkaddr_copy
                0x0020cdc2        0x6 obj_zoul/linkaddr.o
                0x0020cdc2                linkaddr_copy
 .text.linkaddr_cmp
                0x0020cdc8       0x10 obj_zoul/linkaddr.o
                0x0020cdc8                linkaddr_cmp
 .text.link_stats_is_fresh
                0x0020cdd8       0x24 obj_zoul/link-stats.o
                0x0020cdd8                link_stats_is_fresh
 .text.guess_etx_from_rssi
                0x0020cdfc       0x40 obj_zoul/link-stats.o
                0x0020cdfc                guess_etx_from_rssi
 .text.nbr_set_bit
                0x0020ce3c       0x38 obj_zoul/nbr-table.o
 .text.item_from_key
                0x0020ce74       0x22 obj_zoul/nbr-table.o
 .text.nbr_table_next
                0x0020ce96       0x2e obj_zoul/nbr-table.o
                0x0020ce96                nbr_table_next
 .text.nbr_table_get_from_lladdr
                0x0020cec4       0x32 obj_zoul/nbr-table.o
                0x0020cec4                nbr_table_get_from_lladdr
 .text.nbr_table_get_lladdr
                0x0020cef6        0xc obj_zoul/nbr-table.o
                0x0020cef6                nbr_table_get_lladdr
 .text.queuebuf_update_attr_from_packetbuf
                0x0020cf02        0xc obj_zoul/queuebuf.o
                0x0020cf02                queuebuf_update_attr_from_packetbuf
 .text.queuebuf_attr
                0x0020cf0e        0xc obj_zoul/queuebuf.o
                0x0020cf0e                queuebuf_attr
 .text.mac_call_sent_callback
                0x0020cf1a       0x16 obj_zoul/mac.o
                0x0020cf1a                mac_call_sent_callback
 .text.frame802154_has_panid
                0x0020cf30       0xb0 obj_zoul/frame802154.o
                0x0020cf30                frame802154_has_panid
 .text.field_len
                0x0020cfe0       0x84 obj_zoul/frame802154.o
 .text.frame802154_is_broadcast_addr
                0x0020d064       0x1e obj_zoul/frame802154.o
                0x0020d064                frame802154_is_broadcast_addr
 .text.frame802154_hdrlen
                0x0020d082       0x32 obj_zoul/frame802154.o
                0x0020d082                frame802154_hdrlen
 .text.frame802154_create_fcf
                0x0020d0b4       0x62 obj_zoul/frame802154.o
                0x0020d0b4                frame802154_create_fcf
 .text.frame802154_create
                0x0020d116       0x92 obj_zoul/frame802154.o
                0x0020d116                frame802154_create
 .text.frame802154_parse_fcf
                0x0020d1a8       0x64 obj_zoul/frame802154.o
                0x0020d1a8                frame802154_parse_fcf
 .text.parse    0x0020d20c       0x8a obj_zoul/framer-802154.o
 .text.framer_802154_setup_params
                0x0020d296       0x84 obj_zoul/framer-802154.o
                0x0020d296                framer_802154_setup_params
 .text.create   0x0020d31a        0x6 obj_zoul/framer-802154.o
 .text.hdr_length
                0x0020d320        0x6 obj_zoul/framer-802154.o
 .text.write_str
                0x0020d326       0x10 obj_zoul/printf.o
 .text.putchar  0x0020d336        0xc obj_zoul/putchar.o
                0x0020d336                putchar
 .text.buffer_str
                0x0020d342       0x28 obj_zoul/snprintf.o
 .text.snprintf
                0x0020d36a       0x1a obj_zoul/snprintf.o
                0x0020d36a                snprintf
 .text.send_packet
                0x0020d384        0x4 obj_zoul/csma.o
 .text.init     0x0020d388        0xe obj_zoul/csma.o
 .text.psock_datalen
                0x0020d396        0xa obj_zoul/psock.o
                0x0020d396                psock_datalen
 .text.psock_init
                0x0020d3a0       0x16 obj_zoul/psock.o
                0x0020d3a0                psock_init
 .text.chksum   0x0020d3b6       0x38 obj_zoul/uip6.o
 .text.uip_icmp6chksum
                0x0020d3ee        0x6 obj_zoul/uip6.o
                0x0020d3ee                uip_icmp6chksum
 .text.uip_tcpchksum
                0x0020d3f4        0x6 obj_zoul/uip6.o
                0x0020d3f4                uip_tcpchksum
 .text.uip_udpchksum
                0x0020d3fa        0x6 obj_zoul/uip6.o
                0x0020d3fa                uip_udpchksum
 .text.uip_htonl
                0x0020d400       0x14 obj_zoul/uip6.o
                0x0020d400                uip_htonl
 .text.uip_ds6_list_loop
                0x0020d414       0x54 obj_zoul/uip-ds6.o
                0x0020d414                uip_ds6_list_loop
 .text.uip_ds6_maddr_rm
                0x0020d468        0x8 obj_zoul/uip-ds6.o
                0x0020d468                uip_ds6_maddr_rm
 .text.uip_ds6_set_addr_iid
                0x0020d470       0x16 obj_zoul/uip-ds6.o
                0x0020d470                uip_ds6_set_addr_iid
 .text.uip_ds6_set_lladdr_from_iid
                0x0020d486       0x16 obj_zoul/uip-ds6.o
                0x0020d486                uip_ds6_set_lladdr_from_iid
 .text.get_match_length
                0x0020d49c       0x3a obj_zoul/uip-ds6.o
                0x0020d49c                get_match_length
 .text.uip_ds6_nbr_update_ll
                0x0020d4d6       0x5e obj_zoul/uip-ds6-nbr.o
                0x0020d4d6                uip_ds6_nbr_update_ll
 .text.uip_ds6_nbr_ipaddr_from_lladdr
                0x0020d534        0x4 obj_zoul/uip-ds6-nbr.o
                0x0020d534                uip_ds6_nbr_ipaddr_from_lladdr
 .text.uip_ds6_nbr_lladdr_from_ipaddr
                0x0020d538       0x12 obj_zoul/uip-ds6-nbr.o
                0x0020d538                uip_ds6_nbr_lladdr_from_ipaddr
 .text.uip_ds6_link_callback
                0x0020d54a        0x2 obj_zoul/uip-ds6-nbr.o
                0x0020d54a                uip_ds6_link_callback
 .text.uip_ds6_route_nexthop
                0x0020d54c        0x4 obj_zoul/uip-ds6-route.o
                0x0020d54c                uip_ds6_route_nexthop
 .text.uip_ds6_route_lookup
                0x0020d550        0x4 obj_zoul/uip-ds6-route.o
                0x0020d550                uip_ds6_route_lookup
 .text.uip_ds6_route_rm
                0x0020d554        0x2 obj_zoul/uip-ds6-route.o
                0x0020d554                uip_ds6_route_rm
 .text.uip_sr_expire_parent
                0x0020d556       0x28 obj_zoul/uip-sr.o
                0x0020d556                uip_sr_expire_parent
 .text.uip_sr_node_next
                0x0020d57e        0x4 obj_zoul/uip-sr.o
                0x0020d57e                uip_sr_node_next
 .text.neighbor_state_changed
                0x0020d582        0x2 obj_zoul/rpl.o
 .text.drop_route
                0x0020d584        0x2 obj_zoul/rpl.o
 .text.rpl_lollipop_greater_than
                0x0020d586       0x34 obj_zoul/rpl.o
                0x0020d586                rpl_lollipop_greater_than
 .text.rpl_process_hbh
                0x0020d5ba       0x1c obj_zoul/rpl-dag.o
                0x0020d5ba                rpl_process_hbh
 .text.get32    0x0020d5d6       0x18 obj_zoul/rpl-icmp6.o
 .text.set32    0x0020d5ee       0x12 obj_zoul/rpl-icmp6.o
 .text.get16    0x0020d600        0xc obj_zoul/rpl-icmp6.o
 .text.set16    0x0020d60c        0xa obj_zoul/rpl-icmp6.o
 .text.rpl_icmp6_update_nbr_table
                0x0020d616       0x2e obj_zoul/rpl-icmp6.o
                0x0020d616                rpl_icmp6_update_nbr_table
 .text.reset    0x0020d644        0x2 obj_zoul/rpl-mrhof.o
 .text.nbr_link_metric
                0x0020d646       0x12 obj_zoul/rpl-mrhof.o
 .text.nbr_has_usable_link
                0x0020d658       0x12 obj_zoul/rpl-mrhof.o
 .text.nbr_path_cost
                0x0020d66a       0x48 obj_zoul/rpl-mrhof.o
 .text.nbr_is_acceptable_parent
                0x0020d6b2       0x1e obj_zoul/rpl-mrhof.o
 .text.rpl_neighbor_get_ipaddr
                0x0020d6d0        0xe obj_zoul/rpl-neighbor.o
                0x0020d6d0                rpl_neighbor_get_ipaddr
 .text.rpl_neighbor_get_link_stats
                0x0020d6de        0xe obj_zoul/rpl-neighbor.o
                0x0020d6de                rpl_neighbor_get_link_stats
 .text.rpl_neighbor_is_fresh
                0x0020d6ec        0xe obj_zoul/rpl-neighbor.o
                0x0020d6ec                rpl_neighbor_is_fresh
 .text.handle_state_update
                0x0020d6fa        0x4 obj_zoul/rpl-timers.o
 *(SORT(.rodata*))
 *fill*         0x0020d6fe        0x2 00000000
 .rodata.uart_regs
                0x0020d700       0x58 obj_zoul/uart.o
 .rodata.output_power
                0x0020d758       0x70 obj_zoul/cc2538-rf.o
 .rodata.cc2538_rf_driver
                0x0020d7c8       0x38 obj_zoul/cc2538-rf.o
                0x0020d7c8                cc2538_rf_driver
 .rodata.cc2538_temp_sensor
                0x0020d800       0x10 obj_zoul/cc2538-temp-sensor.o
                0x0020d800                cc2538_temp_sensor
 .rodata.vdd3_sensor
                0x0020d810       0x10 obj_zoul/vdd3-sensor.o
                0x0020d810                vdd3_sensor
 .rodata.framer_802154
                0x0020d820        0xc obj_zoul/framer-802154.o
                0x0020d820                framer_802154
 .rodata.csma_driver
                0x0020d82c       0x18 obj_zoul/csma.o
                0x0020d82c                csma_driver
 .rodata.sicslowpan_driver
                0x0020d844       0x10 obj_zoul/sicslowpan.o
                0x0020d844                sicslowpan_driver
 .rodata.rpl_lite_driver
                0x0020d854       0x50 obj_zoul/rpl.o
                0x0020d854                rpl_lite_driver
 .rodata.rpl_interface
                0x0020d8a4        0x8 obj_zoul/slip-bridge.o
                0x0020d8a4                rpl_interface
 .rodata.autostart_processes
                0x0020d8ac        0x8 border-router.o
                0x0020d8ac                autostart_processes
 .rodata.linkaddr_null
                0x0020d8b4        0x8 obj_zoul/linkaddr.o
                0x0020d8b4                linkaddr_null
 .rodata.str1.1
                0x0020d8bc       0x3e obj_zoul/platform.o
                                 0x42 (size before relaxing)
 .rodata.leds_arch_leds
                0x0020d8fa        0x6 obj_zoul/leds-arch.o
                0x0020d8fa                leds_arch_leds
 .rodata.str1.1
                0x0020d900        0xc obj_zoul/board-buttons.o
 .rodata.str1.1
                0x0020d90c       0x11 obj_zoul/cc2538-rf.o
 .rodata.str1.1
                0x0020d91d        0xc obj_zoul/slip.o
 .rodata.str1.1
                0x0020d929       0x14 obj_zoul/cc2538-temp-sensor.o
 .rodata.str1.1
                0x0020d93d        0x5 obj_zoul/vdd3-sensor.o
 .rodata.http_index_html
                0x0020d942        0xc obj_zoul/httpd-simple.o
                0x0020d942                http_index_html
 .rodata.http_header_404
                0x0020d94e       0x5d obj_zoul/httpd-simple.o
                0x0020d94e                http_header_404
 .rodata.http_header_200
                0x0020d9ab       0x56 obj_zoul/httpd-simple.o
                0x0020d9ab                http_header_200
 .rodata.http_content_type_html
                0x0020da01       0x1c obj_zoul/httpd-simple.o
                0x0020da01                http_content_type_html
 .rodata.str1.1
                0x0020da1d       0x68 obj_zoul/httpd-simple.o
 .rodata.http_get
                0x0020da85        0x5 obj_zoul/httpd-simple.o
                0x0020da85                http_get
 .rodata.str1.1
                0x0020da8a       0xc1 obj_zoul/webserver.o
                                 0xc3 (size before relaxing)
 .rodata.str1.1
                0x0020db4b       0x1b obj_zoul/rpl-border-router.o
                                 0x34 (size before relaxing)
 .rodata.str1.1
                0x0020db66       0xc7 obj_zoul/contiki-main.o
                                 0xdd (size before relaxing)
 .rodata.str1.1
                0x0020dc2d        0xf obj_zoul/ctimer.o
 .rodata.str1.1
                0x0020dc3c        0xc obj_zoul/etimer.o
 .rodata.str1.1
                0x0020dc48       0xcf obj_zoul/log.o
                                 0xd7 (size before relaxing)
 .rodata.str1.1
                0x0020dd17       0x2f obj_zoul/stack-check.o
                                 0x3e (size before relaxing)
 .rodata.str1.1
                0x0020dd46       0x13 obj_zoul/button-hal.o
 .rodata.str1.1
                0x0020dd59        0xe obj_zoul/serial-line.o
 .rodata.str1.1
                0x0020dd67        0x8 obj_zoul/sensors.o
 .rodata.buffer.5430
                0x0020dd6f       0x10 obj_zoul/strformat.o
 .rodata.buffer.5439
                0x0020dd7f       0x10 obj_zoul/strformat.o
 .rodata.str1.1
                0x0020dd8f       0x35 obj_zoul/strformat.o
                                 0x37 (size before relaxing)
 .rodata.str1.1
                0x0020ddc4        0x5 obj_zoul/csma.o
 .rodata        0x0020ddc9        0x2 obj_zoul/sicslowpan.o
 .rodata.unc_llconf
                0x0020ddcb        0x4 obj_zoul/sicslowpan.o
                0x0020ddcb                unc_llconf
 .rodata.llprefix
                0x0020ddcf        0x2 obj_zoul/sicslowpan.o
                0x0020ddcf                llprefix
 .rodata.unc_mxconf
                0x0020ddd1        0x4 obj_zoul/sicslowpan.o
                0x0020ddd1                unc_mxconf
 .rodata.str1.1
                0x0020ddd5        0xb obj_zoul/sicslowpan.o
 .rodata.ttl_values
                0x0020dde0        0x4 obj_zoul/sicslowpan.o
 .rodata.unc_ctxconf
                0x0020dde4        0x4 obj_zoul/sicslowpan.o
                0x0020dde4                unc_ctxconf
 .rodata.str1.1
                0x0020dde8        0xd obj_zoul/tcpip.o
 .rodata.str1.1
                0x0020ddf5        0x9 obj_zoul/rpl.o
 .rodata.str1.1
                0x0020ddfe       0xd7 obj_zoul/rpl-dag.o
 .rodata.str1.1
                0x0020ded5        0xc obj_zoul/rpl-timers.o
 .rodata.str1.1
                0x0020dee1       0x6c obj_zoul/border-router-embedded.o
                                 0x83 (size before relaxing)
 .rodata.str1.1
                0x00000000       0x11 obj_zoul/slip-bridge.o
 .rodata.str1.1
                0x0020df4d       0x42 border-router.o
                                 0x56 (size before relaxing)
                0x0020df8f                _etext = .

.glue_7         0x0020df90        0x0
 .glue_7        0x00000000        0x0 linker stubs

.glue_7t        0x0020df90        0x0
 .glue_7t       0x00000000        0x0 linker stubs

.vfp11_veneer   0x0020df90        0x0
 .vfp11_veneer  0x00000000        0x0 linker stubs

.v4_bx          0x0020df90        0x0
 .v4_bx         0x00000000        0x0 linker stubs

.iplt           0x0020df90        0x0
 .iplt          0x00000000        0x0 obj_zoul/startup-gcc.o

.socdata        0x20004000       0x40
 *(SORT(.udma_channel_control_table))
 .udma_channel_control_table
                0x20004000       0x40 obj_zoul/udma.o

.data           0x20004040      0x24c load address 0x0020df90
                0x20004040                _data = .
 *(SORT(.data*))
 .data.button_user
                0x20004040       0x4c obj_zoul/board-buttons.o
 .data.button_hal_buttons
                0x2000408c        0x8 obj_zoul/board-buttons.o
                0x2000408c                button_hal_buttons
 .data.sensors  0x20004094        0xc obj_zoul/zoul-sensors.o
                0x20004094                sensors
 .data.cc2538_rf_process
                0x200040a0       0x10 obj_zoul/cc2538-rf.o
                0x200040a0                cc2538_rf_process
 .data.slip_process
                0x200040b0       0x10 obj_zoul/slip.o
                0x200040b0                slip_process
 .data.conns    0x200040c0        0xc obj_zoul/httpd-simple.o
 .data.webserver_nogui_process
                0x200040cc       0x10 obj_zoul/webserver.o
                0x200040cc                webserver_nogui_process
 .data.ctimer_process
                0x200040dc       0x10 obj_zoul/ctimer.o
                0x200040dc                ctimer_process
 .data.etimer_process
                0x200040ec       0x10 obj_zoul/etimer.o
                0x200040ec                etimer_process
 .data.curr_log_level_main
                0x200040fc        0x4 obj_zoul/log.o
                0x200040fc                curr_log_level_main
 .data.stack_check_process
                0x20004100       0x10 obj_zoul/stack-check.o
                0x20004100                stack_check_process
 .data.button_hal_process
                0x20004110       0x10 obj_zoul/button-hal.o
                0x20004110                button_hal_process
 .data.serial_line_process
                0x20004120       0x10 obj_zoul/serial-line.o
                0x20004120                serial_line_process
 .data.sensors_process
                0x20004130       0x10 obj_zoul/sensors.o
                0x20004130                sensors_process
 .data.link_stats_struct
                0x20004140       0x10 obj_zoul/link-stats.o
 .data.neighbor_addr_mem
                0x20004150        0xc obj_zoul/nbr-table.o
 .data.bufmem   0x2000415c        0xc obj_zoul/queuebuf.o
 .data.buframmem
                0x20004168        0xc obj_zoul/queuebuf.o
 .data.ctxt     0x20004174        0x8 obj_zoul/printf.o
 .data.metadata_memb
                0x2000417c        0xc obj_zoul/csma-output.o
 .data.packet_memb
                0x20004188        0xc obj_zoul/csma-output.o
 .data.neighbor_memb
                0x20004194        0xc obj_zoul/csma-output.o
 .data.tcpip_process
                0x200041a0       0x10 obj_zoul/tcpip.o
                0x200041a0                tcpip_process
 .data.ds6_neighbors
                0x200041b0        0x4 obj_zoul/uip-ds6-nbr.o
                0x200041b0                ds6_neighbors
 .data.ds6_neighbors_struct
                0x200041b4       0x10 obj_zoul/uip-ds6-nbr.o
 .data.defaultroutermemb
                0x200041c4        0xc obj_zoul/uip-ds6-route.o
 .data.echo_request_handler
                0x200041d0        0xc obj_zoul/uip-icmp6.o
 .data.echo_reply_handler
                0x200041dc        0xc obj_zoul/uip-icmp6.o
 .data.ns_input_handler
                0x200041e8        0xc obj_zoul/uip-nd6.o
 .data.nodememb
                0x200041f4        0xc obj_zoul/uip-sr.o
 .data.dao_ack_handler
                0x20004200        0xc obj_zoul/rpl-icmp6.o
 .data.dis_handler
                0x2000420c        0xc obj_zoul/rpl-icmp6.o
 .data.dao_handler
                0x20004218        0xc obj_zoul/rpl-icmp6.o
 .data.dio_handler
                0x20004224        0xc obj_zoul/rpl-icmp6.o
 .data.rpl_mrhof
                0x20004230       0x24 obj_zoul/rpl-mrhof.o
                0x20004230                rpl_mrhof
 .data.rpl_neighbors
                0x20004254        0x4 obj_zoul/rpl-neighbor.o
                0x20004254                rpl_neighbors
 .data.rpl_neighbors_struct
                0x20004258       0x10 obj_zoul/rpl-neighbor.o
 .data.border_router_process
                0x20004268       0x10 obj_zoul/border-router-embedded.o
                0x20004268                border_router_process
 .data.contiki_ng_br
                0x20004278       0x10 border-router.o
                0x20004278                contiki_ng_br
 .data.mac_pan_id
                0x20004288        0x2 obj_zoul/frame802154.o
 .data.send_on_cca
                0x2000428a        0x1 obj_zoul/cc2538-rf.o
 .data.rf_channel
                0x2000428b        0x1 obj_zoul/cc2538-rf.o
                0x2000428c                _edata = .
                0x0020df90                _ldata = LOADADDR (.data)

.igot.plt       0x2000428c        0x0 load address 0x0020e1dc
 .igot.plt      0x00000000        0x0 obj_zoul/startup-gcc.o

.ARM.exidx      0x0020e1dc        0x8
 *(SORT(.ARM.exidx*))
 .ARM.exidx     0x0020e1dc        0x8 /usr/bin/../lib/gcc/arm-none-eabi/4.9.3/armv7-m/libgcc.a(_divdi3.o)
 .ARM.exidx     0x0020e1e4        0x0 /usr/bin/../lib/gcc/arm-none-eabi/4.9.3/armv7-m/libgcc.a(_udivdi3.o)
                                  0x8 (size before relaxing)

.bss            0x20004290     0x2b80
                0x20004290                _bss = .
 *(SORT(.bss*))
 .bss.rt_ticks_startup
                0x20004290        0x8 obj_zoul/clock.o
 .bss.rt_ticks_epoch
                0x20004298        0x8 obj_zoul/clock.o
 .bss.next_trigger
                0x200042a0        0x4 obj_zoul/rtimer-arch.o
 .bss.input_handler
                0x200042a4        0x8 obj_zoul/uart.o
 .bss.ioc_sel   0x200042ac        0x4 obj_zoul/ioc.o
 .bss.ioc_over  0x200042b0        0x4 obj_zoul/ioc.o
 .bss.notification_process
                0x200042b4        0x4 obj_zoul/crypto.o
 .bss.periph_permit_pm1_funcs
                0x200042b8       0x14 obj_zoul/lpm.o
 .bss.notification_process
                0x200042cc        0x4 obj_zoul/pka.o
 .bss.input_callback
                0x200042d0        0x4 obj_zoul/slip.o
 .bss.conns_memb_mem
                0x200042d4       0xf0 obj_zoul/httpd-simple.o
 .bss.nbr.6653  0x200043c4        0x4 obj_zoul/webserver.o
 .bss.blen      0x200043c8        0x4 obj_zoul/webserver.o
 .bss.link.6663
                0x200043cc        0x4 obj_zoul/webserver.o
 .bss.ctimer_list_list
                0x200043d0        0x4 obj_zoul/ctimer.o
 .bss.timerlist
                0x200043d4        0x4 obj_zoul/etimer.o
 .bss.next_expiration
                0x200043d8        0x4 obj_zoul/etimer.o
 .bss.process_current
                0x200043dc        0x4 obj_zoul/process.o
                0x200043dc                process_current
 .bss.process_list
                0x200043e0        0x4 obj_zoul/process.o
                0x200043e0                process_list
 .bss.events    0x200043e4      0x180 obj_zoul/process.o
 .bss.next_rtimer
                0x20004564        0x4 obj_zoul/rtimer.o
 .bss.et.5797   0x20004568       0x10 obj_zoul/stack-check.o
 .bss.stack_top.5775
                0x20004578        0x4 obj_zoul/stack-check.o
 .bss.button_event_handler
                0x2000457c        0xc obj_zoul/button-hal.o
 .bss.pmask     0x20004588        0x4 obj_zoul/button-hal.o
 .bss.handlers_list
                0x2000458c        0x4 obj_zoul/gpio-hal.o
 .bss.rxbuf     0x20004590        0x8 obj_zoul/serial-line.o
 .bss.ptr.5398  0x20004598        0x4 obj_zoul/serial-line.o
 .bss.i.5413    0x2000459c        0x4 obj_zoul/sensors.o
 .bss.events.5414
                0x200045a0        0x4 obj_zoul/sensors.o
 .bss._link_stats_mem
                0x200045a4       0xc0 obj_zoul/link-stats.o
 .bss.nbr_table_keys_list
                0x20004664        0x4 obj_zoul/nbr-table.o
 .bss.neighbor_addr_mem_memb_mem
                0x20004668       0xc0 obj_zoul/nbr-table.o
 .bss.all_tables
                0x20004728       0x20 obj_zoul/nbr-table.o
 .bss.num_tables
                0x20004748        0x4 obj_zoul/nbr-table.o
 .bss.ip_processor_list_list
                0x2000474c        0x4 obj_zoul/netstack.o
 .bss.packetbuf_aligned
                0x20004750       0x80 obj_zoul/packetbuf.o
 .bss.bufmem_memb_mem
                0x200047d0       0x20 obj_zoul/queuebuf.o
 .bss.received_seqnos
                0x200047f0      0x100 obj_zoul/mac-sequence.o
 .bss.metadata_memb_memb_mem
                0x200048f0       0x60 obj_zoul/csma-output.o
 .bss.neighbor_list_list
                0x20004950        0x4 obj_zoul/csma-output.o
 .bss.packet_memb_memb_mem
                0x20004954       0x60 obj_zoul/csma-output.o
 .bss.neighbor_memb_memb_mem
                0x200049b4       0x70 obj_zoul/csma-output.o
 .bss.callback  0x20004a24        0x4 obj_zoul/sicslowpan.o
 .bss.context   0x20004a28        0x4 obj_zoul/sicslowpan.o
 .bss.last_rssi
                0x20004a2c        0x4 obj_zoul/sicslowpan.o
 .bss.hc06_ptr  0x20004a30        0x4 obj_zoul/sicslowpan.o
 .bss.packetbuf_ptr
                0x20004a34        0x4 obj_zoul/sicslowpan.o
 .bss.packetbuf_payload_len
                0x20004a38        0x4 obj_zoul/sicslowpan.o
 .bss.last_tx_status
                0x20004a3c        0x4 obj_zoul/sicslowpan.o
 .bss.mac_max_payload
                0x20004a40        0x4 obj_zoul/sicslowpan.o
 .bss.frag_info
                0x20004a44      0x170 obj_zoul/sicslowpan.o
 .bss.s         0x20004bb4       0xa4 obj_zoul/tcpip.o
 .bss.periodic  0x20004c58       0x10 obj_zoul/tcpip.o
 .bss.locmaddr  0x20004c68        0x4 obj_zoul/uip-ds6.o
 .bss.locprefix
                0x20004c6c        0x4 obj_zoul/uip-ds6.o
 .bss.locaddr   0x20004c70        0x4 obj_zoul/uip-ds6.o
 .bss.defaultroutermemb_memb_mem
                0x20004c74       0x40 obj_zoul/uip-ds6-route.o
 .bss.defaultrouterlist_list
                0x20004cb4        0x4 obj_zoul/uip-ds6-route.o
 .bss.echo_reply_callback_list_list
                0x20004cb8        0x4 obj_zoul/uip-icmp6.o
 .bss.input_handler_list_list
                0x20004cbc        0x4 obj_zoul/uip-icmp6.o
 .bss.nbr       0x20004cc0        0x4 obj_zoul/uip-nd6.o
 .bss.nd6_opt_llao
                0x20004cc4        0x4 obj_zoul/uip-nd6.o
 .bss.addr      0x20004cc8        0x4 obj_zoul/uip-nd6.o
 .bss.num_nodes
                0x20004ccc        0x4 obj_zoul/uip-sr.o
 .bss.nodememb_memb_mem
                0x20004cd0      0x180 obj_zoul/uip-sr.o
 .bss.nodelist_list
                0x20004e50        0x4 obj_zoul/uip-sr.o
 .bss.num_free  0x20004e54        0x4 obj_zoul/rpl-nbr-policy.o
 .bss.worst_rank_nbr_lladdr
                0x20004e58        0x4 obj_zoul/rpl-nbr-policy.o
 .bss.num_parents
                0x20004e5c        0x4 obj_zoul/rpl-nbr-policy.o
 .bss._rpl_neighbors_mem
                0x20004e60       0x80 obj_zoul/rpl-neighbor.o
 .bss.periodic_timer
                0x20004ee0       0x20 obj_zoul/rpl-timers.o
 .bss.dis_timer
                0x20004f00       0x20 obj_zoul/rpl-timers.o
 .bss.et.6413   0x20004f20       0x10 obj_zoul/border-router-embedded.o
 .bss.next_free
                0x20004f30        0x2 obj_zoul/slip.o
 .bss.pkt_end   0x20004f32        0x2 obj_zoul/slip.o
 .bss.begin     0x20004f34        0x2 obj_zoul/slip.o
 .bss.buflen    0x20004f36        0x2 obj_zoul/packetbuf.o
 .bss.bufptr    0x20004f38        0x2 obj_zoul/packetbuf.o
 .bss.buframmem_memb_mem
                0x20004f3a      0x560 obj_zoul/queuebuf.o
 .bss.my_tag    0x2000549a        0x2 obj_zoul/sicslowpan.o
 .bss.lastport  0x2000549c        0x2 obj_zoul/uip6.o
 .bss.uipbuf_attrs
                0x2000549e        0xc obj_zoul/uipbuf.o
 .bss.loc_fipaddr
                0x200054aa       0x10 obj_zoul/uip-ds6.o
 .bss._ds6_neighbors_mem
                0x200054ba      0x120 obj_zoul/uip-ds6-nbr.o
 .bss.tmp_ipaddr
                0x200055da       0x10 obj_zoul/uip-icmp6.o
 .bss.root_ipaddr.6955
                0x200055ea       0x10 obj_zoul/rpl-dag-root.o
 .bss.worst_rank
                0x200055fa        0x2 obj_zoul/rpl-nbr-policy.o
 .bss.last_sender
                0x200055fc       0x10 obj_zoul/slip-bridge.o
 .bss.initialized
                0x2000560c        0x1 obj_zoul/antenna-sw.o
 .bss.crc_corr  0x2000560d        0x1 obj_zoul/cc2538-rf.o
 .bss.rssi      0x2000560e        0x1 obj_zoul/cc2538-rf.o
 .bss.poll_mode
                0x2000560f        0x1 obj_zoul/cc2538-rf.o
 .bss.rf_flags  0x20005610        0x1 obj_zoul/cc2538-rf.o
 .bss.max_pm    0x20005611        0x1 obj_zoul/lpm.o
 .bss.debug_frame.5377
                0x20005612        0x1 obj_zoul/dbg.o
 .bss.state     0x20005613        0x1 obj_zoul/slip.o
 .bss.rxbuf     0x20005614      0x510 obj_zoul/slip.o
 .bss.slip_active
                0x20005b24        0x1 obj_zoul/slip.o
 .bss.conns_memb_count
                0x20005b25        0x2 obj_zoul/httpd-simple.o
 .bss.buf       0x20005b27      0x100 obj_zoul/webserver.o
 .bss.initialized
                0x20005c27        0x1 obj_zoul/ctimer.o
 .bss.fevent    0x20005c28        0x1 obj_zoul/process.o
 .bss.nevents   0x20005c29        0x1 obj_zoul/process.o
 .bss.poll_requested
                0x20005c2a        0x1 obj_zoul/process.o
 .bss.lastevent
                0x20005c2b        0x1 obj_zoul/process.o
 .bss.rxbuf_data
                0x20005c2c       0x80 obj_zoul/serial-line.o
 .bss.overflow.5391
                0x20005cac        0x1 obj_zoul/serial-line.o
 .bss.buf.5397  0x20005cad       0x80 obj_zoul/serial-line.o
 .bss.num_sensors
                0x20005d2d        0x1 obj_zoul/sensors.o
 .bss.neighbor_addr_mem_memb_count
                0x20005d2e       0x10 obj_zoul/nbr-table.o
 .bss.locked_map
                0x20005d3e       0x10 obj_zoul/nbr-table.o
 .bss.used_map  0x20005d4e       0x10 obj_zoul/nbr-table.o
 .bss.hdrlen    0x20005d5e        0x1 obj_zoul/packetbuf.o
 .bss.buframmem_memb_count
                0x20005d5f        0x8 obj_zoul/queuebuf.o
 .bss.bufmem_memb_count
                0x20005d67        0x8 obj_zoul/queuebuf.o
 .bss.mac_dsn   0x20005d6f        0x1 obj_zoul/framer-802154.o
 .bss.initialized
                0x20005d70        0x1 obj_zoul/framer-802154.o
 .bss.seqno.6269
                0x20005d71        0x1 obj_zoul/csma-output.o
 .bss.packet_memb_memb_count
                0x20005d72        0x8 obj_zoul/csma-output.o
 .bss.metadata_memb_memb_count
                0x20005d7a        0x8 obj_zoul/csma-output.o
 .bss.initialized.6268
                0x20005d82        0x1 obj_zoul/csma-output.o
 .bss.neighbor_memb_memb_count
                0x20005d83        0x2 obj_zoul/csma-output.o
 .bss.curr_page
                0x20005d85        0x1 obj_zoul/sicslowpan.o
 .bss.uncomp_hdr_len
                0x20005d86        0x1 obj_zoul/sicslowpan.o
 .bss.addr_contexts
                0x20005d87        0xa obj_zoul/sicslowpan.o
 .bss.frag_buf  0x20005d91      0x54c obj_zoul/sicslowpan.o
 .bss.packetbuf_hdr_len
                0x200062dd        0x1 obj_zoul/sicslowpan.o
 .bss.uip_ext_len
                0x200062de        0x1 obj_zoul/uip6.o
                0x200062de                uip_ext_len
 .bss.uip_ext_bitmap
                0x200062df        0x1 obj_zoul/uip6.o
                0x200062df                uip_ext_bitmap
 .bss.iss       0x200062e0        0x4 obj_zoul/uip6.o
 .bss.uip_ext_opt_offset
                0x200062e4        0x1 obj_zoul/uip6.o
                0x200062e4                uip_ext_opt_offset
 .bss.defaultroutermemb_memb_count
                0x200062e5        0x2 obj_zoul/uip-ds6-route.o
 .bss.nd6_opt_offset
                0x200062e7        0x1 obj_zoul/uip-nd6.o
 .bss.nodememb_memb_count
                0x200062e8       0x10 obj_zoul/uip-sr.o
 .bss.rpl_leaf_only
                0x200062f8        0x1 obj_zoul/rpl.o
 .bss.initialized.6965
                0x200062f9        0x1 obj_zoul/rpl-dag-root.o
 *(SORT(COMMON))
 *fill*         0x200062fa        0x2 
 COMMON         0x200062fc       0x20 obj_zoul/link-stats.o
                0x200062fc                periodic_timer
 COMMON         0x2000631c      0x7d4 obj_zoul/uip6.o
                0x2000631c                uip_len
                0x20006320                uip_sappdata
                0x20006324                uip_acc32
                0x20006328                uip_lladdr
                0x20006330                uip_aligned_buf
                0x20006830                uip_flags
                0x20006834                uip_next_hdr
                0x20006838                uip_udp_conn
                0x2000683c                uip_appdata
                0x20006840                uip_conn
                0x20006844                uip_conns
                0x200069c4                uip_listenports
                0x200069ec                uip_slen
                0x200069f0                uip_udp_conns
 COMMON         0x20006af0      0x174 obj_zoul/uip-ds6.o
                0x20006af0                uip_ds6_timer_ra
                0x20006af8                uip_ds6_if
                0x20006bf0                uip_ds6_netif_addr_list_offset
                0x20006bf1                uip_ds6_addr_size
                0x20006bf4                uip_ds6_prefix_list
                0x20006c54                uip_ds6_timer_periodic
 COMMON         0x20006c64      0x160 obj_zoul/rpl-dag.o
                0x20006c64                curr_instance
 COMMON         0x20006dc4        0x8 obj_zoul/linkaddr.o
                0x20006dc4                linkaddr_node_addr
 COMMON         0x20006dcc       0x2a obj_zoul/packetbuf.o
                0x20006dcc                packetbuf_addrs
                0x20006ddc                packetbuf_attrs
 COMMON         0x20006df6       0x10 obj_zoul/rpl.o
                0x20006df6                rpl_multicast_addr
 COMMON         0x20006e06        0x3 obj_zoul/zoul-sensors.o
                0x20006e06                sensors_flags
 COMMON         0x20006e09        0x1 obj_zoul/rpl-border-router.o
                0x20006e09                prefix_set
 COMMON         0x20006e0a        0x3 obj_zoul/button-hal.o
                0x20006e0a                button_hal_release_event
                0x20006e0b                button_hal_periodic_event
                0x20006e0c                button_hal_press_event
 COMMON         0x20006e0d        0x1 obj_zoul/serial-line.o
                0x20006e0d                serial_line_event_message
 COMMON         0x20006e0e        0x1 obj_zoul/sensors.o
                0x20006e0e                sensors_event
 COMMON         0x20006e0f        0x1 obj_zoul/tcpip.o
                0x20006e0f                tcpip_event
                0x20006e10                _ebss = .
                0x20006e10                _end = .
                0x20006e10                _stack = .

.stack          0x20006e10      0x800
 *(SORT(.stack))
 .stack         0x20006e10      0x800 obj_zoul/startup-gcc.o
                0x20007610                _stack_origin = .
                0x20007610                _heap = .
                0x20008000                _eheap = (ORIGIN (FRSRAM) + 0x4000)

.nrdata         0x20000000        0x0
                0x20000000                _nrdata = .
 *(SORT(.nrdata*))
                0x20000000                _enrdata = .

.flashcca       0x0027ffd4       0x2c
 *(SORT(.flashcca))
 .flashcca      0x0027ffd4       0x2c obj_zoul/startup-gcc.o
                0x0027ffd4                flash_cca_lock_page
OUTPUT(border-router.elf elf32-littlearm)

.rel.dyn        0x00280000        0x0
 .rel.iplt      0x00000000        0x0 obj_zoul/startup-gcc.o

.comment        0x00000000       0x70
 .comment       0x00000000       0x70 obj_zoul/startup-gcc.o
                                 0x71 (size before relaxing)
 .comment       0x00000000       0x71 obj_zoul/platform.o
 .comment       0x00000000       0x71 obj_zoul/leds-arch.o
 .comment       0x00000000       0x71 obj_zoul/leds.o
 .comment       0x00000000       0x71 obj_zoul/board-buttons.o
 .comment       0x00000000       0x71 obj_zoul/zoul-sensors.o
 .comment       0x00000000       0x71 obj_zoul/board.o
 .comment       0x00000000       0x71 obj_zoul/antenna-sw.o